<html>
<body>
<pre>
<h1>µVision Build Log</h1>
<h2>Tool Versions:</h2>
IDE-Version: ¦ÌVision V5.25.2.0
Copyright (C) 2018 ARM Ltd and ARM Germany GmbH. All rights reserved.
License Information: l rj, lrj, LIC=VGXG8-3T0HB-MMI9I-T6S52-EQB68-F50FT
 
Tool Versions:
Toolchain:       MDK-ARM Plus  Version: 5.25.2.0
Toolchain Path:  D:\IDE\MDK5\install\Core\ARM\ARMCC\Bin
C Compiler:      Armcc.exe V5.06 update 6 (build 750)
Assembler:       Armasm.exe V5.06 update 6 (build 750)
Linker/Locator:  ArmLink.exe V5.06 update 6 (build 750)
Library Manager: ArmAr.exe V5.06 update 6 (build 750)
Hex Converter:   FromElf.exe V5.06 update 6 (build 750)
CPU DLL:         SARMCM3.DLL V5.25.2.0
Dialog DLL:      DCM.DLL V1.17.1.0
Target DLL:      Segger\JL2CM3.dll V2.99.29.0
Dialog DLL:      TCM.DLL V1.35.1.0
 
<h2>Project:</h2>
D:\Project\KT\LSC100\pro\Data_transfer_box\MDK-ARM\Project.uvprojx
Project File Date:  12/23/2025

<h2>Output:</h2>
*** Using Compiler 'V5.06 update 6 (build 750)', folder: 'D:\IDE\MDK5\install\Core\ARM\ARMCC\Bin'
Rebuild target 'GD32470Z_EVAL'
compiling utils.c...
compiling systick.c...
compiling gd32f4xx_it.c...
compiling main.c...
compiling app_task.c...
compiling system_gd32f4xx.c...
compiling storage_manage.c...
compiling adc_sample.c...
compiling msg_parse.c...
compiling gd32f4xx_adc.c...
compiling gd32f4xx_can.c...
compiling gd32f4xx_crc.c...
compiling gd32f4xx_ctc.c...
compiling gd32f4xx_dac.c...
compiling gd32f4xx_dbg.c...
compiling gd32f4xx_dci.c...
compiling gd32f4xx_dma.c...
compiling gd32f4xx_exmc.c...
compiling gd32f4xx_exti.c...
compiling gd32f4xx_fmc.c...
compiling gd32f4xx_enet.c...
compiling gd32f4xx_gpio.c...
compiling gd32f4xx_fwdgt.c...
compiling gd32f4xx_i2c.c...
compiling gd32f4xx_ipa.c...
compiling gd32f4xx_misc.c...
compiling gd32f4xx_pmu.c...
compiling gd32f4xx_iref.c...
compiling gd32f4xx_rcu.c...
compiling gd32f4xx_sdio.c...
compiling gd32f4xx_spi.c...
compiling gd32f4xx_rtc.c...
assembling startup_gd32f450_470.s...
compiling gd32f4xx_syscfg.c...
compiling gd32f4xx_trng.c...
compiling gd32f4xx_tli.c...
compiling gd32f4xx_wwdgt.c...
compiling gd32f4xx_timer.c...
compiling gd32f4xx_usart.c...
compiling BSP_CM2248.c...
compiling BSP_GD55B01.c...
compiling BSP_DS18B20.c...
compiling Q468V1.c...
compiling sd2505.c...
compiling BSP_EMMC.c...
compiling fm24cxx.c...
compiling BSP_TIMER.c...
compiling croutine.c...
compiling event_groups.c...
compiling BSP_I2C.c...
compiling list.c...
compiling stream_buffer.c...
compiling queue.c...
compiling timers.c...
compiling tasks.c...
compiling heap_4.c...
compiling BSP_FM24C02.c...
compiling port.c...
compiling err.c...
compiling if_api.c...
compiling socket_adapter.c...
compiling api_lib.c...
compiling netbuf.c...
compiling api_msg.c...
compiling netdb.c...
compiling netifapi.c...
compiling altcp_alloc.c...
compiling altcp.c...
compiling tcpip.c...
compiling altcp_tcp.c...
compiling def.c...
compiling bsp_eth.c...
compiling dns.c...
compiling sockets.c...
compiling inet_chksum.c...
compiling tcp_server.c...
compiling ip.c...
compiling init.c...
compiling mem.c...
compiling raw.c...
compiling memp.c...
compiling stats.c...
compiling pbuf.c...
compiling sys.c...
compiling netif.c...
compiling tcp_in.c...
compiling autoip.c...
compiling dhcp.c...
compiling tcp.c...
compiling udp.c...
compiling timeouts.c...
compiling etharp.c...
compiling tcp_out.c...
compiling icmp.c...
compiling igmp.c...
compiling ip4_addr.c...
compiling ip4.c...
compiling ethernet.c...
compiling ip4_frag.c...
compiling rtt_log.c...
compiling sys_arch.c...
compiling SEGGER_RTT_printf.c...
compiling SEGGER_RTT.c...
compiling ethernetif.c...
linking...
Program Size: Code=79392 RO-data=2072 RW-data=468 ZI-data=345348  
FromELF: creating hex file...
".\output\Project.axf" - 0 Error(s), 0 Warning(s).

<h2>Software Packages used:</h2>

Package Vendor: GigaDevice
                https://gd32mcu.com/GigaDevice.GD32F4xx_DFP.3.3.1.pack
                GigaDevice.GD32F4xx_DFP.3.3.1
                GigaDevice GD32F4xx Series Device Support and Examples

<h2>Collection of Component include folders:</h2>
  .\RTE\_GD32470Z_EVAL
  D:\IDE\MDK5\install\Pack\GigaDevice\GD32F4xx_DFP\3.3.1\Device\F4XX\Include

<h2>Collection of Component Files used:</h2>
Build Time Elapsed:  00:00:09
</pre>
</body>
</html>
