Component: ARM Compiler 5.06 update 6 (build 750) Tool: armlink [4d35ed]

==============================================================================

Section Cross References

    adc_sample.o(i.Adc_Cache_Clear) refers to queue.o(i.xQueueSemaphoreTake) for xQueueSemaphoreTake
    adc_sample.o(i.Adc_Cache_Clear) refers to queue.o(i.xQueueGenericSend) for xQueueGenericSend
    adc_sample.o(i.Adc_Cache_Get_Count) refers to queue.o(i.xQueueSemaphoreTake) for xQueueSemaphoreTake
    adc_sample.o(i.Adc_Cache_Get_Count) refers to queue.o(i.xQueueGenericSend) for xQueueGenericSend
    adc_sample.o(i.Adc_Cache_Init) refers to queue.o(i.xQueueCreateMutex) for xQueueCreateMutex
    adc_sample.o(i.Adc_Cache_Read_Batch) refers to queue.o(i.xQueueSemaphoreTake) for xQueueSemaphoreTake
    adc_sample.o(i.Adc_Cache_Read_Batch) refers to memmovea.o(.text) for __aeabi_memcpy
    adc_sample.o(i.Adc_Cache_Read_Batch) refers to queue.o(i.xQueueGenericSend) for xQueueGenericSend
    adc_sample.o(i.Adc_Cache_Read_One) refers to queue.o(i.xQueueSemaphoreTake) for xQueueSemaphoreTake
    adc_sample.o(i.Adc_Cache_Read_One) refers to memmovea.o(.text) for __aeabi_memcpy
    adc_sample.o(i.Adc_Cache_Read_One) refers to queue.o(i.xQueueGenericSend) for xQueueGenericSend
    adc_sample.o(i.Adc_Cache_Write_Batch) refers to queue.o(i.xQueueSemaphoreTake) for xQueueSemaphoreTake
    adc_sample.o(i.Adc_Cache_Write_Batch) refers to memmovea.o(.text) for __aeabi_memcpy
    adc_sample.o(i.Adc_Cache_Write_Batch) refers to queue.o(i.xQueueGenericSend) for xQueueGenericSend
    adc_sample.o(i.Adc_Cache_Write_One) refers to queue.o(i.xQueueSemaphoreTake) for xQueueSemaphoreTake
    adc_sample.o(i.Adc_Cache_Write_One) refers to memmovea.o(.text) for __aeabi_memcpy
    adc_sample.o(i.Adc_Cache_Write_One) refers to queue.o(i.xQueueGenericSend) for xQueueGenericSend
    adc_sample.o(i.Adc_Check_Alarm) refers to memseta.o(.text) for __aeabi_memclr4
    adc_sample.o(i.Adc_Check_Alarm) refers to queue.o(i.xQueueSemaphoreTake) for xQueueSemaphoreTake
    adc_sample.o(i.Adc_Check_Alarm) refers to queue.o(i.xQueueGenericSend) for xQueueGenericSend
    adc_sample.o(i.Adc_Check_Alarm) refers to uldiv.o(.text) for __aeabi_uldivmod
    adc_sample.o(i.Adc_Check_Alarm) refers to queue.o(i.xQueueGiveFromISR) for xQueueGiveFromISR
    adc_sample.o(i.Adc_Check_Alarm) refers to msg_parse.o(.bss) for g_ConfigInfo
    adc_sample.o(i.Adc_Check_Alarm) refers to adc_sample.o(.bss) for g_AlarmNotify
    adc_sample.o(i.Adc_Clear_Alarm) refers to queue.o(i.xQueueSemaphoreTake) for xQueueSemaphoreTake
    adc_sample.o(i.Adc_Clear_Alarm) refers to gd32f4xx_gpio.o(i.gpio_bit_set) for gpio_bit_set
    adc_sample.o(i.Adc_Clear_Alarm) refers to queue.o(i.xQueueGenericSend) for xQueueGenericSend
    adc_sample.o(i.Adc_Clear_Alarm) refers to adc_sample.o(.bss) for g_AlarmNotify
    adc_sample.o(i.Adc_Save_Alarm) refers to memseta.o(.text) for __aeabi_memclr4
    adc_sample.o(i.Adc_Save_Alarm) refers to queue.o(i.xQueueSemaphoreTake) for xQueueSemaphoreTake
    adc_sample.o(i.Adc_Save_Alarm) refers to queue.o(i.xQueueGenericSend) for xQueueGenericSend
    adc_sample.o(i.Adc_Save_Alarm) refers to queue.o(i.xQueueGiveFromISR) for xQueueGiveFromISR
    adc_sample.o(i.Adc_Save_Alarm) refers to adc_sample.o(.bss) for g_AlarmNotify
    adc_sample.o(i.Alarm_Notify_Init) refers to memseta.o(.text) for __aeabi_memclr4
    adc_sample.o(i.Alarm_Notify_Init) refers to queue.o(i.xQueueCreateMutex) for xQueueCreateMutex
    adc_sample.o(i.Alarm_Notify_Init) refers to queue.o(i.xQueueGenericCreate) for xQueueGenericCreate
    adc_sample.o(i.Alarm_Notify_Init) refers to queue.o(i.vQueueDelete) for vQueueDelete
    adc_sample.o(i.TimeSync_Get_Absolute_Time) refers to queue.o(i.xQueueSemaphoreTake) for xQueueSemaphoreTake
    adc_sample.o(i.TimeSync_Get_Absolute_Time) refers to uldiv.o(.text) for __aeabi_uldivmod
    adc_sample.o(i.TimeSync_Get_Absolute_Time) refers to queue.o(i.xQueueGenericSend) for xQueueGenericSend
    adc_sample.o(i.TimeSync_Get_Absolute_Time) refers to adc_sample.o(.bss) for g_TimeSync
    adc_sample.o(i.adc_sample_start) refers to adc_sample.o(i.Alarm_Notify_Init) for Alarm_Notify_Init
    adc_sample.o(i.adc_sample_start) refers to adc_sample.o(i.Adc_Cache_Init) for Adc_Cache_Init
    adc_sample.o(i.adc_sample_start) refers to adc_sample.o(i.ma_init) for ma_init
    adc_sample.o(i.adc_sample_start) refers to tasks.o(i.xTaskCreate) for xTaskCreate
    adc_sample.o(i.adc_sample_start) refers to adc_sample.o(.bss) for g_AlarmNotify
    adc_sample.o(i.adc_sample_start) refers to adc_sample.o(.data) for TimeSyncTask_Handle
    adc_sample.o(i.adc_sample_start) refers to adc_sample.o(i.time_sync_task) for time_sync_task
    adc_sample.o(i.adc_sample_start) refers to adc_sample.o(i.sample_task) for sample_task
    adc_sample.o(i.cal_Key1_irq_handler_cb) refers to adc_sample.o(.data) for g_cal_key1_status
[...]
    MyEmmcCardInfo                           0x2004b6a4   Data          16  bsp_emmc.o(.bss)
    sEmmcTempBuff                            0x2004b6b4   Data         512  bsp_emmc.o(.bss)
    ip_data                                  0x200559bc   Data          24  ip.o(.bss)
    ram_heap                                 0x200559d4   Data       20499  mem.o(.bss)
    memp_memory_UDP_PCB_base                 0x2005a9e7   Data         131  memp.o(.bss)
    memp_memory_TCP_PCB_base                 0x2005aa6a   Data         915  memp.o(.bss)
    memp_memory_TCP_PCB_LISTEN_base          0x2005adfd   Data         171  memp.o(.bss)
    memp_memory_TCP_SEG_base                 0x2005aea8   Data        2403  memp.o(.bss)
    memp_memory_REASSDATA_base               0x2005b80b   Data         163  memp.o(.bss)
    memp_memory_FRAG_PBUF_base               0x2005b8ae   Data         363  memp.o(.bss)
    memp_memory_NETBUF_base                  0x2005ba19   Data          35  memp.o(.bss)
    memp_memory_NETCONN_base                 0x2005ba3c   Data         163  memp.o(.bss)
    memp_memory_TCPIP_MSG_API_base           0x2005badf   Data         131  memp.o(.bss)
    memp_memory_TCPIP_MSG_INPKT_base         0x2005bb62   Data         131  memp.o(.bss)
    memp_memory_SYS_TIMEOUT_base             0x2005bbe5   Data          99  memp.o(.bss)
    memp_memory_PBUF_base                    0x2005bc48   Data         483  memp.o(.bss)
    memp_memory_PBUF_POOL_base               0x2005be2b   Data       68943  memp.o(.bss)
    lwip_netif                               0x2006cc8c   Data          48  sys_arch.o(.bss)
    _SEGGER_RTT                              0x2006ccbc   Data         168  segger_rtt.o(.bss)
    __initial_sp                             0x2006e178   Data           0  startup_gd32f450_470.o(STACK)



==============================================================================

Memory Map of the image

  Image Entry point : 0x080001ad

  Load Region LR_IROM1 (Base: 0x08000000, Size: 0x00014a80, Max: 0x00100000, ABSOLUTE, COMPRESSED[0x000148d4])

    Execution Region ER_IROM1 (Exec base: 0x08000000, Load base: 0x08000000, Size: 0x0001489c, Max: 0x00100000, ABSOLUTE)

    Exec Addr    Load Addr    Size         Type   Attr      Idx    E Section Name        Object

    0x08000000   0x08000000   0x000001ac   Data   RO         6612    RESET               startup_gd32f450_470.o
    0x080001ac   0x080001ac   0x00000000   Code   RO        12043  * .ARM.Collect$$$$00000000  mc_w.l(entry.o)
    0x080001ac   0x080001ac   0x00000004   Code   RO        12357    .ARM.Collect$$$$00000001  mc_w.l(entry2.o)
    0x080001b0   0x080001b0   0x00000004   Code   RO        12360    .ARM.Collect$$$$00000004  mc_w.l(entry5.o)
    0x080001b4   0x080001b4   0x00000000   Code   RO        12362    .ARM.Collect$$$$00000008  mc_w.l(entry7b.o)
    0x080001b4   0x080001b4   0x00000000   Code   RO        12364    .ARM.Collect$$$$0000000A  mc_w.l(entry8b.o)
    0x080001b4   0x080001b4   0x00000008   Code   RO        12365    .ARM.Collect$$$$0000000B  mc_w.l(entry9a.o)
    0x080001bc   0x080001bc   0x00000000   Code   RO        12367    .ARM.Collect$$$$0000000D  mc_w.l(entry10a.o)
    0x080001bc   0x080001bc   0x00000000   Code   RO        12369    .ARM.Collect$$$$0000000F  mc_w.l(entry11a.o)
    0x080001bc   0x080001bc   0x00000004   Code   RO        12358    .ARM.Collect$$$$00002712  mc_w.l(entry2.o)
    0x080001c0   0x080001c0   0x000000be   Code   RO         8308    .emb_text           port.o
    0x0800027e   0x0800027e   0x00000002   PAD
    0x08000280   0x08000280   0x00000024   Code   RO         6613    .text               startup_gd32f450_470.o
    0x080002a4   0x080002a4   0x00000062   Code   RO        12046    .text               mc_w.l(uldiv.o)
    0x08000306   0x08000306   0x00000002   PAD
    0x08000308   0x08000308   0x00000008   Code   RO        12048    .text               mc_w.l(ctype_o.o)
    0x08000310   0x08000310   0x00000040   Code   RO        12078    .text               mc_w.l(memmovea.o)
    0x08000350   0x08000350   0x00000024   Code   RO        12080    .text               mc_w.l(memseta.o)
    0x08000374   0x08000374   0x0000001a   Code   RO        12084    .text               mc_w.l(memcmp.o)
    0x0800038e   0x0800038e   0x0000001a   Code   RO        12353    .text               mc_w.l(atoi.o)
    0x080003a8   0x080003a8   0x00000026   Code   RO        12355    .text               mf_w.l(f2d.o)
    0x080003ce   0x080003ce   0x0000002c   Code   RO        12372    .text               mc_w.l(uidiv.o)
    0x080003fa   0x080003fa   0x0000001e   Code   RO        12374    .text               mc_w.l(llshl.o)
    0x08000418   0x08000418   0x00000020   Code   RO        12376    .text               mc_w.l(llushr.o)
    0x08000438   0x08000438   0x00000070   Code   RO        12385    .text               mc_w.l(strtol.o)
    0x080004a8   0x080004a8   0x00000000   Code   RO        12387    .text               mc_w.l(iusefp.o)
    0x080004a8   0x080004a8   0x0000014e   Code   RO        12388    .text               mf_w.l(dadd.o)
    0x080005f6   0x080005f6   0x000000e4   Code   RO        12390    .text               mf_w.l(dmul.o)
    0x080006da   0x080006da   0x000000de   Code   RO        12392    .text               mf_w.l(ddiv.o)
    0x080007b8   0x080007b8   0x00000030   Code   RO        12394    .text               mf_w.l(dfixul.o)
    0x080007e8   0x080007e8   0x00000030   Code   RO        12396    .text               mf_w.l(cdrcmple.o)
    0x08000818   0x08000818   0x00000024   Code   RO        12398    .text               mc_w.l(init.o)
    0x0800083c   0x0800083c   0x00000024   Code   RO        12400    .text               mc_w.l(llsshr.o)
    0x08000860   0x08000860   0x0000009e   Code   RO        12402    .text               mc_w.l(_strtoul.o)
    0x080008fe   0x080008fe   0x000000ba   Code   RO        12404    .text               mf_w.l(depilogue.o)
    0x080009b8   0x080009b8   0x0000001c   Code   RO        12406    .text               mc_w.l(_chval.o)
    0x080009d4   0x080009d4   0x00000056   Code   RO        12416    .text               mc_w.l(__dczerorl2.o)
    0x08000a2a   0x08000a2a   0x00000008   Code   RO        11758    i.APP_PRINTF        rtt_log.o
    0x08000a32   0x08000a32   0x00000038   Code   RO            4    i.Adc_Cache_Get_Count  adc_sample.o
    0x08000a6a   0x08000a6a   0x00000034   Code   RO            5    i.Adc_Cache_Init    adc_sample.o
    0x08000a9e   0x08000a9e   0x000000ce   Code   RO            6    i.Adc_Cache_Read_Batch  adc_sample.o
    0x08000b6c   0x08000b6c   0x00000084   Code   RO            9    i.Adc_Cache_Write_One  adc_sample.o
    0x08000bf0   0x08000bf0   0x00000218   Code   RO           10    i.Adc_Check_Alarm   adc_sample.o
    0x08000e08   0x08000e08   0x000000c0   Code   RO           11    i.Adc_Clear_Alarm   adc_sample.o
    0x08000ec8   0x08000ec8   0x00000084   Code   RO          794    i.Adc_Object_Init   storage_manage.o
    0x08000f4c   0x08000f4c   0x00000098   Code   RO           12    i.Adc_Save_Alarm    adc_sample.o
    0x08000fe4   0x08000fe4   0x00000054   Code   RO           13    i.Alarm_Notify_Init  adc_sample.o
    0x08001038   0x08001038   0x00000088   Code   RO          795    i.Alarm_Object_Init  storage_manage.o
    0x080010c0   0x080010c0   0x00000004   Code   RO          516    i.BusFault_Handler  gd32f4xx_it.o
    0x080010c4   0x080010c4   0x0000002c   Code   RO         6875    i.CmdError          bsp_emmc.o
    0x080010f0   0x080010f0   0x00000124   Code   RO         6876    i.CmdResp1Error     bsp_emmc.o
    0x08001214   0x08001214   0x0000004c   Code   RO         6877    i.CmdResp2Error     bsp_emmc.o
    0x08001260   0x08001260   0x00000038   Code   RO         6878    i.CmdResp3Error     bsp_emmc.o
    0x08001298   0x08001298   0x000000a0   Code   RO         6879    i.CmdResp6Error     bsp_emmc.o
    0x08001338   0x08001338   0x00000008   Code   RO         6881    i.DMA1_Channel6_IRQHandler  bsp_emmc.o
    0x08001340   0x08001340   0x00000004   Code   RO          517    i.DebugMon_Handler  gd32f4xx_it.o
    0x08001344   0x08001344   0x00000054   Code   RO          518    i.ENET_IRQHandler   gd32f4xx_it.o
    0x08001398   0x08001398   0x00000030   Code   RO         6773    i.EXTI10_15_IRQHandler  q468v1.o
    0x080013c8   0x080013c8   0x0000001c   Code   RO         6883    i.EmmcDeviceInit    bsp_emmc.o
    0x080013e4   0x080013e4   0x00000028   Code   RO         6884    i.EmmcDmaIrq        bsp_emmc.o
    0x0800140c   0x0800140c   0x000000b8   Code   RO         6885    i.EmmcEnWideBus     bsp_emmc.o
    0x080014c4   0x080014c4   0x00000050   Code   RO         6886    i.EmmcEnableWideBusOperation  bsp_emmc.o
    0x08001514   0x08001514   0x0000003c   Code   RO         6888    i.EmmcGetCardInfo   bsp_emmc.o
    0x08001550   0x08001550   0x0000001a   Code   RO         6889    i.EmmcGetState      bsp_emmc.o
    0x0800156a   0x0800156a   0x00000026   Code   RO         6890    i.EmmcGetStatus     bsp_emmc.o
    0x08001590   0x08001590   0x000001a8   Code   RO         6891    i.EmmcGpioConfiguration  bsp_emmc.o
    0x08001738   0x08001738   0x00000084   Code   RO         6892    i.EmmcInit          bsp_emmc.o
    0x080017bc   0x080017bc   0x000000a8   Code   RO         6893    i.EmmcInitializeCards  bsp_emmc.o
    0x08001864   0x08001864   0x00000084   Code   RO         6894    i.EmmcLowLevelDMARxConfig  bsp_emmc.o
    0x080018e8   0x080018e8   0x00000084   Code   RO         6895    i.EmmcLowLevelDMATxConfig  bsp_emmc.o
    0x0800196c   0x0800196c   0x00000094   Code   RO         6896    i.EmmcPowerON       bsp_emmc.o
    0x08001a00   0x08001a00   0x00000114   Code   RO         6898    i.EmmcReadExtCsd    bsp_emmc.o
    0x08001b14   0x08001b14   0x000000f0   Code   RO         6899    i.EmmcReadMultiBlocks  bsp_emmc.o
    0x08001c04   0x08001c04   0x0000004e   Code   RO         6901    i.EmmcSdioCfg       bsp_emmc.o
    0x08001c52   0x08001c52   0x0000003c   Code   RO         6902    i.EmmcSdioCmdCfg    bsp_emmc.o
    0x08001c8e   0x08001c8e   0x00000002   PAD
    0x08001c90   0x08001c90   0x000000a4   Code   RO         6903    i.EmmcSdioIrq       bsp_emmc.o
    0x08001d34   0x08001d34   0x0000001c   Code   RO         6904    i.EmmcSelectDeselect  bsp_emmc.o
    0x08001d50   0x08001d50   0x00000032   Code   RO         6905    i.EmmcSendStatus    bsp_emmc.o
    0x08001d82   0x08001d82   0x00000002   PAD
    0x08001d84   0x08001d84   0x00000078   Code   RO         6907    i.EmmcWaitReadOperation  bsp_emmc.o
    0x08001dfc   0x08001dfc   0x00000064   Code   RO         6908    i.EmmcWaitWriteOperation  bsp_emmc.o
    0x08001e60   0x08001e60   0x00000118   Code   RO         6909    i.EmmcWriteMultiBlocks  bsp_emmc.o
    0x08001f78   0x08001f78   0x00000004   Code   RO          519    i.HardFault_Handler  gd32f4xx_it.o
    0x08001f7c   0x08001f7c   0x00000088   Code   RO         7309    i.I2C_Driver_Init   bsp_i2c.o
    0x08002004   0x08002004   0x000000fa   Code   RO         7310    i.I2C_Driver_Read   bsp_i2c.o
    0x080020fe   0x080020fe   0x000000ae   Code   RO         7311    i.I2C_Driver_Write  bsp_i2c.o
    0x080021ac   0x080021ac   0x00000164   Code   RO         6910    i.IsCardProgramming  bsp_emmc.o
    0x08002310   0x08002310   0x00000004   Code   RO          520    i.MemManage_Handler  gd32f4xx_it.o
    0x08002314   0x08002314   0x00000004   Code   RO          521    i.NMI_Handler       gd32f4xx_it.o
    0x08002318   0x08002318   0x00000028   Code   RO          931    i.NVIC_SetPriority  systick.o
    0x08002340   0x08002340   0x00000008   Code   RO         6911    i.SDIO_IRQHandler   bsp_emmc.o
    0x08002348   0x08002348   0x00000078   Code   RO        11781    i.SEGGER_RTT_ConfigUpBuffer  segger_rtt.o
    0x080023c0   0x080023c0   0x0000003c   Code   RO          797    i.Storage_Clear_AdcData  storage_manage.o
    0x080023fc   0x080023fc   0x0000003e   Code   RO          798    i.Storage_Clear_AlarmData  storage_manage.o
    0x0800243a   0x0800243a   0x00000002   PAD
    0x0800243c   0x0800243c   0x000000e8   Code   RO          799    i.Storage_Read_AdcData  storage_manage.o
    0x08002524   0x08002524   0x000000aa   Code   RO          800    i.Storage_Read_AlarmInfo  storage_manage.o
    0x080025ce   0x080025ce   0x0000004e   Code   RO          801    i.Storage_Read_AlarmMsg  storage_manage.o
    0x0800261c   0x0800261c   0x0000011c   Code   RO          802    i.Storage_Write_AdcData  storage_manage.o
    0x08002738   0x08002738   0x000000b8   Code   RO          803    i.Storage_Write_AlarmInfo  storage_manage.o
    0x080027f0   0x080027f0   0x0000004e   Code   RO          804    i.Storage_Write_AlarmMsg  storage_manage.o
    0x0800283e   0x0800283e   0x00000014   Code   RO          522    i.SysTick_Handler   gd32f4xx_it.o
    0x08002852   0x08002852   0x00000002   PAD
    0x08002854   0x08002854   0x0000017c   Code   RO         1080    i.SystemInit        system_gd32f4xx.o
    0x080029d0   0x080029d0   0x00000020   Code   RO         7271    i.TIMER0_UP_TIMER9_IRQHandler  bsp_timer.o
    0x080029f0   0x080029f0   0x00000064   Code   RO           14    i.TimeSync_Get_Absolute_Time  adc_sample.o
    0x08002a54   0x08002a54   0x00000004   Code   RO          523    i.UsageFault_Handler  gd32f4xx_it.o
    0x08002a58   0x08002a58   0x00000070   Code   RO        11810    i._DoInit           segger_rtt.o
    0x08002ac8   0x08002ac8   0x00000020   Code   RO        12325    i.__0printf         mc_w.l(printfa.o)
    0x08002ae8   0x08002ae8   0x00000008   Code   RO        12378    i.__aeabi_errno_addr  mc_w.l(errno.o)
    0x08002af0   0x08002af0   0x0000000e   Code   RO        12410    i.__scatterload_copy  mc_w.l(handlers.o)
    0x08002afe   0x08002afe   0x00000002   Code   RO        12411    i.__scatterload_null  mc_w.l(handlers.o)
    0x08002b00   0x08002b00   0x0000000e   Code   RO        12412    i.__scatterload_zeroinit  mc_w.l(handlers.o)
    0x08002b0e   0x08002b0e   0x00000002   PAD
    0x08002b10   0x08002b10   0x00000184   Code   RO        12332    i._fp_digits        mc_w.l(printfa.o)
    0x08002c94   0x08002c94   0x000006dc   Code   RO        12333    i._printf_core      mc_w.l(printfa.o)
    0x08003370   0x08003370   0x00000024   Code   RO        12334    i._printf_post_padding  mc_w.l(printfa.o)
    0x08003394   0x08003394   0x0000002e   Code   RO        12335    i._printf_pre_padding  mc_w.l(printfa.o)
    0x080033c2   0x080033c2   0x0000001c   Code   RO         1081    i._soft_delay_      system_gd32f4xx.o
    0x080033de   0x080033de   0x000000fc   Code   RO         8847    i.accept_function   api_msg.o
    0x080034da   0x080034da   0x00000002   PAD
    0x080034dc   0x080034dc   0x00000078   Code   RO           15    i.adc_sample_start  adc_sample.o
    0x08003554   0x08003554   0x000000c8   Code   RO          805    i.alarm_task        storage_manage.o
    0x0800361c   0x0800361c   0x00000084   Code   RO         9182    i.alloc_socket      sockets.o
    0x080036a0   0x080036a0   0x00000034   Code   RO          447    i.app_task          app_task.o
    0x080036d4   0x080036d4   0x00000014   Code   RO         1002    i.bcd_to_dec        utils.o
    0x080036e8   0x080036e8   0x0000000c   Code   RO           16    i.cal_Key1_irq_handler_cb  adc_sample.o
    0x080036f4   0x080036f4   0x0000000c   Code   RO           17    i.cal_Key2_irq_handler_cb  adc_sample.o
    0x08003700   0x08003700   0x00000188   Code   RO           18    i.cal_bias_full     adc_sample.o
    0x08003888   0x08003888   0x00000144   Code   RO           19    i.cal_bias_zero     adc_sample.o
    0x080039cc   0x080039cc   0x0000008e   Code   RO          664    i.calculateDayOfWeek  msg_parse.o
    0x08003a5a   0x08003a5a   0x0000001c   Code   RO          665    i.checkSum_8        msg_parse.o
    0x08003a76   0x08003a76   0x00000002   PAD
    0x08003a78   0x08003a78   0x000000c0   Code   RO         6619    i.cm2248_init       bsp_cm2248.o
    0x08003b38   0x08003b38   0x00000074   Code   RO         6620    i.cm2248_read_both_channels  bsp_cm2248.o
    0x08003bac   0x08003bac   0x00000020   Code   RO         6621    i.cm2248_reset      bsp_cm2248.o
    0x08003bcc   0x08003bcc   0x00000030   Code   RO         6622    i.cm2248_start_conv  bsp_cm2248.o
    0x08003bfc   0x08003bfc   0x0000004c   Code   RO         6623    i.cm2248_start_read_data  bsp_cm2248.o
    0x08003c48   0x08003c48   0x000000b4   Code   RO         1003    i.datetime_to_timestamp  utils.o
    0x08003cfc   0x08003cfc   0x0000001a   Code   RO         1005    i.dec_to_bcd        utils.o
    0x08003d16   0x08003d16   0x00000002   PAD
    0x08003d18   0x08003d18   0x00000024   Code   RO          932    i.delay_decrement   systick.o
    0x08003d3c   0x08003d3c   0x00000028   Code   RO          934    i.delay_ms_nop      systick.o
    0x08003d64   0x08003d64   0x00000054   Code   RO          935    i.delay_us          systick.o
    0x08003db8   0x08003db8   0x00000024   Code   RO          936    i.delay_us_nop      systick.o
    0x08003ddc   0x08003ddc   0x0000000c   Code   RO         7346    i.dev_addr_with_block  bsp_fm24c02.o
    0x08003de8   0x08003de8   0x00000020   Code   RO         2169    i.dma_channel_disable  gd32f4xx_dma.o
    0x08003e08   0x08003e08   0x00000020   Code   RO         2170    i.dma_channel_enable  gd32f4xx_dma.o
    0x08003e28   0x08003e28   0x00000026   Code   RO         2171    i.dma_channel_subperipheral_select  gd32f4xx_dma.o
    0x08003e4e   0x08003e4e   0x000000a6   Code   RO         2174    i.dma_deinit        gd32f4xx_dma.o
    0x08003ef4   0x08003ef4   0x0000003e   Code   RO         2176    i.dma_flag_clear    gd32f4xx_dma.o
    0x08003f32   0x08003f32   0x0000003e   Code   RO         2180    i.dma_interrupt_enable  gd32f4xx_dma.o
    0x08003f70   0x08003f70   0x0000003e   Code   RO         2181    i.dma_interrupt_flag_clear  gd32f4xx_dma.o
    0x08003fae   0x08003fae   0x00000204   Code   RO         2182    i.dma_interrupt_flag_get  gd32f4xx_dma.o
    0x080041b2   0x080041b2   0x00000002   PAD
    0x080041b4   0x080041b4   0x00000158   Code   RO         2194    i.dma_single_data_mode_init  gd32f4xx_dma.o
    0x0800430c   0x0800430c   0x00000028   Code   RO         9936    i.do_memp_free_pool  memp.o
    0x08004334   0x08004334   0x0000002e   Code   RO         9937    i.do_memp_malloc_pool  memp.o
    0x08004362   0x08004362   0x00000002   PAD
    0x08004364   0x08004364   0x00000048   Code   RO         6834    i.ds18b20_get_temp  bsp_ds18b20.o
    0x080043ac   0x080043ac   0x00000040   Code   RO         6835    i.ds18b20_init      bsp_ds18b20.o
    0x080043ec   0x080043ec   0x000000b8   Code   RO         6836    i.ds18b20_read_temp  bsp_ds18b20.o
    0x080044a4   0x080044a4   0x00000044   Code   RO         6837    i.ds18b20_start_convert  bsp_ds18b20.o
    0x080044e8   0x080044e8   0x0000003c   Code   RO         7347    i.eeprom_ack_poll   bsp_fm24c02.o
    0x08004524   0x08004524   0x000000cc   Code   RO         6912    i.emmc_erasemultiblock  bsp_emmc.o
    0x080045f0   0x080045f0   0x0000005c   Code   RO         6914    i.emmcdriveinit     bsp_emmc.o
    0x0800464c   0x0800464c   0x0000005e   Code   RO         6915    i.emmcerasewriteblocks  bsp_emmc.o
    0x080046aa   0x080046aa   0x00000002   PAD
    0x080046ac   0x080046ac   0x00000014   Code   RO         6916    i.emmcgetcapacity   bsp_emmc.o
    0x080046c0   0x080046c0   0x00000042   Code   RO         6918    i.emmcreadblocks    bsp_emmc.o
    0x08004702   0x08004702   0x00000002   PAD
    0x08004704   0x08004704   0x00000068   Code   RO         2386    i.enet_default_init  gd32f4xx_enet.o
    0x0800476c   0x0800476c   0x00000018   Code   RO         2387    i.enet_deinit       gd32f4xx_enet.o
    0x08004784   0x08004784   0x00000018   Code   RO         2388    i.enet_delay        gd32f4xx_enet.o
    0x0800479c   0x0800479c   0x00000064   Code   RO         2392    i.enet_desc_information_get  gd32f4xx_enet.o
    0x08004800   0x08004800   0x000000c4   Code   RO         2394    i.enet_descriptors_chain_init  gd32f4xx_enet.o
    0x080048c4   0x080048c4   0x0000000c   Code   RO         2401    i.enet_enable       gd32f4xx_enet.o
    0x080048d0   0x080048d0   0x000000f8   Code   RO         2411    i.enet_frame_receive  gd32f4xx_enet.o
    0x080049c8   0x080049c8   0x000000cc   Code   RO         2412    i.enet_frame_transmit  gd32f4xx_enet.o
    0x08004a94   0x08004a94   0x000001a4   Code   RO         8448    i.enet_gpio_config  bsp_eth.o
    0x08004c38   0x08004c38   0x000003c8   Code   RO         2413    i.enet_init         gd32f4xx_enet.o
    0x08005000   0x08005000   0x00000028   Code   RO         2415    i.enet_initpara_reset  gd32f4xx_enet.o
    0x08005028   0x08005028   0x00000048   Code   RO         2417    i.enet_interrupt_enable  gd32f4xx_enet.o
    0x08005070   0x08005070   0x00000018   Code   RO         2418    i.enet_interrupt_flag_clear  gd32f4xx_enet.o
    0x08005088   0x08005088   0x00000024   Code   RO         2419    i.enet_interrupt_flag_get  gd32f4xx_enet.o
    0x080050ac   0x080050ac   0x00000030   Code   RO         2421    i.enet_mac_address_set  gd32f4xx_enet.o
    0x080050dc   0x080050dc   0x000001e4   Code   RO         8449    i.enet_mac_dma_config  bsp_eth.o
    0x080052c0   0x080052c0   0x000000d8   Code   RO         2431    i.enet_phy_config   gd32f4xx_enet.o
    0x08005398   0x08005398   0x0000009c   Code   RO         2432    i.enet_phy_write_read  gd32f4xx_enet.o
    0x08005434   0x08005434   0x0000000a   Code   RO         2450    i.enet_rx_desc_immediate_receive_complete_interrupt  gd32f4xx_enet.o
    0x0800543e   0x0800543e   0x00000002   PAD
    0x08005440   0x08005440   0x00000024   Code   RO         2452    i.enet_rx_enable    gd32f4xx_enet.o
    0x08005464   0x08005464   0x0000003c   Code   RO         2456    i.enet_software_reset  gd32f4xx_enet.o
    0x080054a0   0x080054a0   0x000002e8   Code   RO         8450    i.enet_system_setup  bsp_eth.o
    0x08005788   0x08005788   0x00000010   Code   RO         2457    i.enet_transmit_checksum_config  gd32f4xx_enet.o
    0x08005798   0x08005798   0x00000028   Code   RO         2459    i.enet_tx_enable    gd32f4xx_enet.o
    0x080057c0   0x080057c0   0x00000034   Code   RO         2460    i.enet_txfifo_flush  gd32f4xx_enet.o
    0x080057f4   0x080057f4   0x000000e6   Code   RO         8848    i.err_tcp           api_msg.o
    0x080058da   0x080058da   0x00000002   PAD
    0x080058dc   0x080058dc   0x00000020   Code   RO         9039    i.err_to_errno      err.o
    0x080058fc   0x080058fc   0x00000178   Code   RO        11190    i.etharp_find_entry  etharp.o
    0x08005a74   0x08005a74   0x00000040   Code   RO        11191    i.etharp_free_entry  etharp.o
    0x08005ab4   0x08005ab4   0x000000d2   Code   RO        11193    i.etharp_input      etharp.o
    0x08005b86   0x08005b86   0x00000002   PAD
    0x08005b88   0x08005b88   0x00000154   Code   RO        11194    i.etharp_output     etharp.o
    0x08005cdc   0x08005cdc   0x000000b8   Code   RO        11195    i.etharp_output_to_arp_index  etharp.o
    0x08005d94   0x08005d94   0x00000194   Code   RO        11196    i.etharp_query      etharp.o
    0x08005f28   0x08005f28   0x0000009a   Code   RO        11197    i.etharp_raw        etharp.o
    0x08005fc2   0x08005fc2   0x00000002   PAD
    0x08005fc4   0x08005fc4   0x00000018   Code   RO        11198    i.etharp_request    etharp.o
    0x08005fdc   0x08005fdc   0x0000002c   Code   RO        11199    i.etharp_request_dst  etharp.o
    0x08006008   0x08006008   0x000000dc   Code   RO        11200    i.etharp_tmr        etharp.o
    0x080060e4   0x080060e4   0x000000c0   Code   RO        11201    i.etharp_update_arp_entry  etharp.o
    0x080061a4   0x080061a4   0x000000c4   Code   RO        11493    i.ethernet_input    ethernet.o
    0x08006268   0x08006268   0x00000056   Code   RO        11494    i.ethernet_output   ethernet.o
    0x080062be   0x080062be   0x00000002   PAD
    0x080062c0   0x080062c0   0x000000dc   Code   RO        11519    i.ethernetif_init   ethernetif.o
    0x0800639c   0x0800639c   0x00000050   Code   RO        11520    i.ethernetif_input  ethernetif.o
    0x080063ec   0x080063ec   0x000000f4   Code   RO         9183    i.event_callback    sockets.o
    0x080064e0   0x080064e0   0x000000bc   Code   RO         3200    i.exti_init         gd32f4xx_exti.o
    0x0800659c   0x0800659c   0x0000000c   Code   RO         3203    i.exti_interrupt_flag_clear  gd32f4xx_exti.o
    0x080065a8   0x080065a8   0x00000018   Code   RO         3204    i.exti_interrupt_flag_get  gd32f4xx_exti.o
    0x080065c0   0x080065c0   0x00000070   Code   RO         7348    i.fm24c_init        bsp_fm24c02.o
    0x08006630   0x08006630   0x0000008a   Code   RO         7349    i.fm24c_read        bsp_fm24c02.o
    0x080066ba   0x080066ba   0x00000092   Code   RO         7351    i.fm24c_write       bsp_fm24c02.o
    0x0800674c   0x0800674c   0x00000024   Code   RO          601    i.fputc             main.o
    0x08006770   0x08006770   0x00000032   Code   RO         9184    i.free_socket       sockets.o
    0x080067a2   0x080067a2   0x00000026   Code   RO         9185    i.free_socket_free_elements  sockets.o
    0x080067c8   0x080067c8   0x00000018   Code   RO         9186    i.free_socket_locked  sockets.o
    0x080067e0   0x080067e0   0x0000002c   Code   RO         6663    i.gd55b01ge_enter_4byte_addr_mode  bsp_gd55b01.o
    0x0800680c   0x0800680c   0x0000002c   Code   RO         6666    i.gd55b01ge_erase_chip  bsp_gd55b01.o
    0x08006838   0x08006838   0x0000001c   Code   RO         6669    i.gd55b01ge_init    bsp_gd55b01.o
    0x08006854   0x08006854   0x00000058   Code   RO         6670    i.gd55b01ge_page_program  bsp_gd55b01.o
    0x080068ac   0x080068ac   0x00000044   Code   RO         6671    i.gd55b01ge_read_data  bsp_gd55b01.o
    0x080068f0   0x080068f0   0x0000002c   Code   RO         6673    i.gd55b01ge_send_address  bsp_gd55b01.o
    0x0800691c   0x0800691c   0x00000038   Code   RO         6674    i.gd55b01ge_wait_for_write_end  bsp_gd55b01.o
    0x08006954   0x08006954   0x0000003e   Code   RO         6675    i.gd55b01ge_write_data  bsp_gd55b01.o
    0x08006992   0x08006992   0x00000002   PAD
    0x08006994   0x08006994   0x00000024   Code   RO         6676    i.gd55b01ge_write_enable  bsp_gd55b01.o
    0x080069b8   0x080069b8   0x00000034   Code   RO         1007    i.get_days_of_month  utils.o
    0x080069ec   0x080069ec   0x00000018   Code   RO         1008    i.get_days_of_year  utils.o
    0x08006a04   0x08006a04   0x00000024   Code   RO         9187    i.get_socket        sockets.o
    0x08006a28   0x08006a28   0x0000005e   Code   RO         3591    i.gpio_af_set       gd32f4xx_gpio.o
    0x08006a86   0x08006a86   0x00000004   Code   RO         3592    i.gpio_bit_reset    gd32f4xx_gpio.o
    0x08006a8a   0x08006a8a   0x00000004   Code   RO         3593    i.gpio_bit_set      gd32f4xx_gpio.o
    0x08006a8e   0x08006a8e   0x00000004   Code   RO         3594    i.gpio_bit_toggle   gd32f4xx_gpio.o
    0x08006a92   0x08006a92   0x00000010   Code   RO         3597    i.gpio_input_bit_get  gd32f4xx_gpio.o
    0x08006aa2   0x08006aa2   0x0000004e   Code   RO         3599    i.gpio_mode_set     gd32f4xx_gpio.o
    0x08006af0   0x08006af0   0x00000042   Code   RO         3601    i.gpio_output_options_set  gd32f4xx_gpio.o
    0x08006b32   0x08006b32   0x00000010   Code   RO         3695    i.i2c_ack_config    gd32f4xx_i2c.o
    0x08006b42   0x08006b42   0x00000002   PAD
    0x08006b44   0x08006b44   0x0000002c   Code   RO         7353    i.i2c_bus_idle      bsp_fm24c02.o
    0x08006b70   0x08006b70   0x000000e4   Code   RO         3699    i.i2c_clock_config  gd32f4xx_i2c.o
    0x08006c54   0x08006c54   0x00000008   Code   RO         3700    i.i2c_data_receive  gd32f4xx_i2c.o
    0x08006c5c   0x08006c5c   0x00000006   Code   RO         3701    i.i2c_data_transmit  gd32f4xx_i2c.o
    0x08006c62   0x08006c62   0x00000002   PAD
    0x08006c64   0x08006c64   0x00000058   Code   RO         3702    i.i2c_deinit        gd32f4xx_i2c.o
    0x08006cbc   0x08006cbc   0x0000000a   Code   RO         3709    i.i2c_enable        gd32f4xx_i2c.o
    0x08006cc6   0x08006cc6   0x00000028   Code   RO         3710    i.i2c_flag_clear    gd32f4xx_i2c.o
    0x08006cee   0x08006cee   0x0000001e   Code   RO         3711    i.i2c_flag_get      gd32f4xx_i2c.o
    0x08006d0c   0x08006d0c   0x00000014   Code   RO         3716    i.i2c_master_addressing  gd32f4xx_i2c.o
    0x08006d20   0x08006d20   0x0000001c   Code   RO         3717    i.i2c_mode_addr_config  gd32f4xx_i2c.o
    0x08006d3c   0x08006d3c   0x00000040   Code   RO         7354    i.i2c_recv_byte     bsp_fm24c02.o
    0x08006d7c   0x08006d7c   0x0000003c   Code   RO         7355    i.i2c_send_byte_wait  bsp_fm24c02.o
    0x08006db8   0x08006db8   0x00000050   Code   RO         7356    i.i2c_start_addr_read  bsp_fm24c02.o
    0x08006e08   0x08006e08   0x00000060   Code   RO         7357    i.i2c_start_addr_write  bsp_fm24c02.o
    0x08006e68   0x08006e68   0x0000000a   Code   RO         3730    i.i2c_start_on_bus  gd32f4xx_i2c.o
    0x08006e72   0x08006e72   0x00000002   PAD
    0x08006e74   0x08006e74   0x0000001c   Code   RO         7358    i.i2c_stop          bsp_fm24c02.o
    0x08006e90   0x08006e90   0x0000000a   Code   RO         3731    i.i2c_stop_on_bus   gd32f4xx_i2c.o
    0x08006e9a   0x08006e9a   0x00000002   PAD
    0x08006e9c   0x08006e9c   0x00000028   Code   RO         7312    i.i2c_wait_flag     bsp_i2c.o
    0x08006ec4   0x08006ec4   0x00000030   Code   RO         7359    i.i2c_wait_flag     bsp_fm24c02.o
    0x08006ef4   0x08006ef4   0x00000012   Code   RO        11287    i.icmp_dest_unreach  icmp.o
    0x08006f06   0x08006f06   0x00000002   PAD
    0x08006f08   0x08006f08   0x00000194   Code   RO        11288    i.icmp_input        icmp.o
    0x0800709c   0x0800709c   0x00000084   Code   RO        11289    i.icmp_send_response  icmp.o
    0x08007120   0x08007120   0x00000012   Code   RO        11290    i.icmp_time_exceeded  icmp.o
    0x08007132   0x08007132   0x00000056   Code   RO         9726    i.inet_chksum_pbuf  inet_chksum.o
    0x08007188   0x08007188   0x0000004e   Code   RO        11368    i.ip4_addr_isbroadcast_u32  ip4_addr.o
    0x080071d6   0x080071d6   0x00000002   PAD
    0x080071d8   0x080071d8   0x000001d8   Code   RO        11424    i.ip4_frag          ip4_frag.o
    0x080073b0   0x080073b0   0x0000019c   Code   RO        11325    i.ip4_input         ip4.o
    0x0800754c   0x0800754c   0x00000034   Code   RO        11326    i.ip4_input_accept  ip4.o
    0x08007580   0x08007580   0x00000036   Code   RO        11328    i.ip4_output_if     ip4.o
    0x080075b6   0x080075b6   0x00000002   PAD
    0x080075b8   0x080075b8   0x000000d4   Code   RO        11329    i.ip4_output_if_src  ip4.o
    0x0800768c   0x0800768c   0x00000208   Code   RO        11425    i.ip4_reass         ip4_frag.o
    0x08007894   0x08007894   0x00000094   Code   RO        11330    i.ip4_route         ip4.o
    0x08007928   0x08007928   0x00000014   Code   RO        11371    i.ip4addr_ntoa      ip4_addr.o
    0x0800793c   0x0800793c   0x000000a8   Code   RO        11372    i.ip4addr_ntoa_r    ip4_addr.o
    0x080079e4   0x080079e4   0x0000000a   Code   RO        11426    i.ip_frag_alloc_pbuf_custom_ref  ip4_frag.o
    0x080079ee   0x080079ee   0x00000012   Code   RO        11427    i.ip_frag_free_pbuf_custom_ref  ip4_frag.o
    0x08007a00   0x08007a00   0x00000194   Code   RO        11428    i.ip_reass_chain_frag_into_datagram_and_validate  ip4_frag.o
    0x08007b94   0x08007b94   0x0000002c   Code   RO        11429    i.ip_reass_dequeue_datagram  ip4_frag.o
    0x08007bc0   0x08007bc0   0x00000054   Code   RO        11430    i.ip_reass_enqueue_new_datagram  ip4_frag.o
    0x08007c14   0x08007c14   0x000000a0   Code   RO        11431    i.ip_reass_free_complete_datagram  ip4_frag.o
    0x08007cb4   0x08007cb4   0x00000088   Code   RO        11432    i.ip_reass_remove_oldest_datagram  ip4_frag.o
    0x08007d3c   0x08007d3c   0x00000034   Code   RO        11433    i.ip_reass_tmr      ip4_frag.o
    0x08007d70   0x08007d70   0x00000020   Code   RO        11434    i.ipfrag_free_pbuf_custom  ip4_frag.o
    0x08007d90   0x08007d90   0x00000032   Code   RO         1012    i.is_leap_year      utils.o
    0x08007dc2   0x08007dc2   0x00000002   PAD
    0x08007dc4   0x08007dc4   0x00000074   Code   RO         6777    i.key_init          q468v1.o
    0x08007e38   0x08007e38   0x0000027c   Code   RO          666    i.kt_AlarmData      msg_parse.o
    0x080080b4   0x080080b4   0x00000108   Code   RO          667    i.kt_AlarmInfo      msg_parse.o
    0x080081bc   0x080081bc   0x00000098   Code   RO          668    i.kt_ClearConfig    msg_parse.o
    0x08008254   0x08008254   0x000000c0   Code   RO          669    i.kt_ClearData      msg_parse.o
    0x08008314   0x08008314   0x00000130   Code   RO          670    i.kt_ConfigInfo     msg_parse.o
    0x08008444   0x08008444   0x000003d4   Code   RO          671    i.kt_SampleData     msg_parse.o
    0x08008818   0x08008818   0x00000100   Code   RO          672    i.kt_SampleInfo     msg_parse.o
    0x08008918   0x08008918   0x00000038   Code   RO          673    i.kt_SetFrontVmax   msg_parse.o
    0x08008950   0x08008950   0x00000038   Code   RO          674    i.kt_SetFrontVmin   msg_parse.o
    0x08008988   0x08008988   0x00000038   Code   RO          675    i.kt_SetRearVmax    msg_parse.o
    0x080089c0   0x080089c0   0x00000038   Code   RO          676    i.kt_SetRearVmin    msg_parse.o
    0x080089f8   0x080089f8   0x000000a4   Code   RO          677    i.kt_SetSysTime     msg_parse.o
    0x08008a9c   0x08008a9c   0x000000c8   Code   RO         6778    i.led_init          q468v1.o
    0x08008b64   0x08008b64   0x000004a8   Code   RO        11521    i.low_level_init    ethernetif.o
    0x0800900c   0x0800900c   0x00000064   Code   RO        11522    i.low_level_input   ethernetif.o
    0x08009070   0x08009070   0x000000c0   Code   RO        11523    i.low_level_output  ethernetif.o
    0x08009130   0x08009130   0x00000180   Code   RO         9188    i.lwip_accept       sockets.o
    0x080092b0   0x080092b0   0x00000098   Code   RO         9189    i.lwip_bind         sockets.o
    0x08009348   0x08009348   0x00000070   Code   RO         9190    i.lwip_close        sockets.o
    0x080093b8   0x080093b8   0x00000050   Code   RO        10979    i.lwip_cyclic_timer  timeouts.o
    0x08009408   0x08009408   0x0000001a   Code   RO         9671    i.lwip_htonl        def.o
    0x08009422   0x08009422   0x0000000c   Code   RO         9672    i.lwip_htons        def.o
    0x0800942e   0x0800942e   0x0000002a   Code   RO         9786    i.lwip_init         init.o
    0x08009458   0x08009458   0x00000084   Code   RO         9202    i.lwip_listen       sockets.o
    0x080094dc   0x080094dc   0x0000004c   Code   RO         8849    i.lwip_netconn_do_bind  api_msg.o
    0x08009528   0x08009528   0x00000090   Code   RO         8851    i.lwip_netconn_do_close  api_msg.o
    0x080095b8   0x080095b8   0x000001a4   Code   RO         8852    i.lwip_netconn_do_close_internal  api_msg.o
    0x0800975c   0x0800975c   0x000000d4   Code   RO         8855    i.lwip_netconn_do_delconn  api_msg.o
    0x08009830   0x08009830   0x000000aa   Code   RO         8857    i.lwip_netconn_do_getaddr  api_msg.o
    0x080098da   0x080098da   0x00000002   PAD
    0x080098dc   0x080098dc   0x000000dc   Code   RO         8858    i.lwip_netconn_do_listen  api_msg.o
    0x080099b8   0x080099b8   0x00000018   Code   RO         8859    i.lwip_netconn_do_newconn  api_msg.o
    0x080099d0   0x080099d0   0x00000048   Code   RO         8860    i.lwip_netconn_do_recv  api_msg.o
    0x08009a18   0x08009a18   0x00000064   Code   RO         8861    i.lwip_netconn_do_send  api_msg.o
    0x08009a7c   0x08009a7c   0x00000080   Code   RO         8862    i.lwip_netconn_do_write  api_msg.o
    0x08009afc   0x08009afc   0x00000214   Code   RO         8863    i.lwip_netconn_do_writemore  api_msg.o
    0x08009d10   0x08009d10   0x00000034   Code   RO         8864    i.lwip_netconn_err_to_msg  api_msg.o
    0x08009d44   0x08009d44   0x00000040   Code   RO         8865    i.lwip_netconn_is_err_msg  api_msg.o
    0x08009d84   0x08009d84   0x00000048   Code   RO         9204    i.lwip_poll_should_wake  sockets.o
    0x08009dcc   0x08009dcc   0x00000022   Code   RO         9208    i.lwip_recv         sockets.o
    0x08009dee   0x08009dee   0x00000002   PAD
    0x08009df0   0x08009df0   0x00000124   Code   RO         9209    i.lwip_recv_tcp     sockets.o
    0x08009f14   0x08009f14   0x00000044   Code   RO         9210    i.lwip_recv_tcp_from  sockets.o
    0x08009f58   0x08009f58   0x00000100   Code   RO         9211    i.lwip_recvfrom     sockets.o
    0x0800a058   0x0800a058   0x00000104   Code   RO         9212    i.lwip_recvfrom_udp_raw  sockets.o
    0x0800a15c   0x0800a15c   0x0000009c   Code   RO         9216    i.lwip_send         sockets.o
    0x0800a1f8   0x0800a1f8   0x00000104   Code   RO         9218    i.lwip_sendto       sockets.o
    0x0800a2fc   0x0800a2fc   0x00000074   Code   RO         9219    i.lwip_setsockopt   sockets.o
    0x0800a370   0x0800a370   0x0000029e   Code   RO         9220    i.lwip_setsockopt_impl  sockets.o
    0x0800a60e   0x0800a60e   0x00000074   Code   RO         9222    i.lwip_sock_make_addr  sockets.o
    0x0800a682   0x0800a682   0x00000002   PAD
    0x0800a684   0x0800a684   0x000000a8   Code   RO         9223    i.lwip_socket       sockets.o
    0x0800a72c   0x0800a72c   0x00000020   Code   RO         9227    i.lwip_sockopt_to_ipopt  sockets.o
    0x0800a74c   0x0800a74c   0x0000008c   Code   RO        11600    i.lwip_stack_init   sys_arch.o
    0x0800a7d8   0x0800a7d8   0x0000005e   Code   RO         9733    i.lwip_standard_chksum  inet_chksum.o
    0x0800a836   0x0800a836   0x00000002   PAD
    0x0800a838   0x0800a838   0x00000170   Code   RO           20    i.ma_init           adc_sample.o
    0x0800a9a8   0x0800a9a8   0x00000046   Code   RO           21    i.ma_update         adc_sample.o
    0x0800a9ee   0x0800a9ee   0x00000002   PAD
    0x0800a9f0   0x0800a9f0   0x00000068   Code   RO          602    i.main              main.o
    0x0800aa58   0x0800aa58   0x000000cc   Code   RO         9867    i.mem_free          mem.o
    0x0800ab24   0x0800ab24   0x0000006c   Code   RO         9868    i.mem_init          mem.o
    0x0800ab90   0x0800ab90   0x00000058   Code   RO         9869    i.mem_link_valid    mem.o
    0x0800abe8   0x0800abe8   0x00000120   Code   RO         9870    i.mem_malloc        mem.o
    0x0800ad08   0x0800ad08   0x00000010   Code   RO         9871    i.mem_to_ptr        mem.o
    0x0800ad18   0x0800ad18   0x0000013c   Code   RO         9872    i.mem_trim          mem.o
    0x0800ae54   0x0800ae54   0x00000028   Code   RO         9938    i.memp_free         memp.o
    0x0800ae7c   0x0800ae7c   0x00000020   Code   RO         9940    i.memp_init         memp.o
    0x0800ae9c   0x0800ae9c   0x0000002c   Code   RO         9941    i.memp_init_pool    memp.o
    0x0800aec8   0x0800aec8   0x00000024   Code   RO         9942    i.memp_malloc       memp.o
    0x0800aeec   0x0800aeec   0x00000074   Code   RO          678    i.msg_parse_start   msg_parse.o
    0x0800af60   0x0800af60   0x000000b4   Code   RO          679    i.msg_proc_task     msg_parse.o
    0x0800b014   0x0800b014   0x00000044   Code   RO          680    i.msg_send_task     msg_parse.o
    0x0800b058   0x0800b058   0x00000020   Code   RO         9100    i.netbuf_delete     netbuf.o
    0x0800b078   0x0800b078   0x00000020   Code   RO         9102    i.netbuf_free       netbuf.o
    0x0800b098   0x0800b098   0x0000004a   Code   RO         9105    i.netbuf_ref        netbuf.o
    0x0800b0e2   0x0800b0e2   0x000000a6   Code   RO         8600    i.netconn_accept    api_lib.o
    0x0800b188   0x0800b188   0x00000088   Code   RO         8866    i.netconn_alloc     api_msg.o
    0x0800b210   0x0800b210   0x00000022   Code   RO         8601    i.netconn_apimsg    api_lib.o
    0x0800b232   0x0800b232   0x00000002   PAD
    0x0800b234   0x0800b234   0x0000003c   Code   RO         8602    i.netconn_bind      api_lib.o
    0x0800b270   0x0800b270   0x00000034   Code   RO         8605    i.netconn_close_shutdown  api_lib.o
    0x0800b2a4   0x0800b2a4   0x0000001e   Code   RO         8607    i.netconn_delete    api_lib.o
    0x0800b2c2   0x0800b2c2   0x000000a2   Code   RO         8867    i.netconn_drain     api_msg.o
    0x0800b364   0x0800b364   0x00000022   Code   RO         8609    i.netconn_err       api_lib.o
    0x0800b386   0x0800b386   0x00000026   Code   RO         8868    i.netconn_free      api_msg.o
    0x0800b3ac   0x0800b3ac   0x00000054   Code   RO         8610    i.netconn_getaddr   api_lib.o
    0x0800b400   0x0800b400   0x0000002c   Code   RO         8611    i.netconn_listen_with_backlog  api_lib.o
    0x0800b42c   0x0800b42c   0x00000068   Code   RO         8612    i.netconn_new_with_proto_and_callback  api_lib.o
    0x0800b494   0x0800b494   0x00000030   Code   RO         8613    i.netconn_prepare_delete  api_lib.o
    0x0800b4c4   0x0800b4c4   0x000000f6   Code   RO         8615    i.netconn_recv_data  api_lib.o
    0x0800b5ba   0x0800b5ba   0x000000bc   Code   RO         8616    i.netconn_recv_data_tcp  api_lib.o
    0x0800b676   0x0800b676   0x0000002a   Code   RO         8618    i.netconn_recv_tcp_pbuf_flags  api_lib.o
    0x0800b6a0   0x0800b6a0   0x0000002a   Code   RO         8620    i.netconn_recv_udp_raw_netbuf_flags  api_lib.o
    0x0800b6ca   0x0800b6ca   0x00000002   PAD
    0x0800b6cc   0x0800b6cc   0x0000002c   Code   RO         8621    i.netconn_send      api_lib.o
    0x0800b6f8   0x0800b6f8   0x00000030   Code   RO         8624    i.netconn_tcp_recvd  api_lib.o
    0x0800b728   0x0800b728   0x00000030   Code   RO         8625    i.netconn_tcp_recvd_msg  api_lib.o
    0x0800b758   0x0800b758   0x00000028   Code   RO         8626    i.netconn_write_partly  api_lib.o
    0x0800b780   0x0800b780   0x000000e0   Code   RO         8627    i.netconn_write_vectors_partly  api_lib.o
    0x0800b860   0x0800b860   0x000000f4   Code   RO        10030    i.netif_add         netif.o
    0x0800b954   0x0800b954   0x00000018   Code   RO        10032    i.netif_do_ip_addr_changed  netif.o
    0x0800b96c   0x0800b96c   0x00000026   Code   RO        10033    i.netif_do_set_gw   netif.o
    0x0800b992   0x0800b992   0x0000004a   Code   RO        10034    i.netif_do_set_ipaddr  netif.o
    0x0800b9dc   0x0800b9dc   0x00000026   Code   RO        10035    i.netif_do_set_netmask  netif.o
    0x0800ba02   0x0800ba02   0x00000002   PAD
    0x0800ba04   0x0800ba04   0x00000054   Code   RO        10036    i.netif_find        netif.o
    0x0800ba58   0x0800ba58   0x00000028   Code   RO        10037    i.netif_get_by_index  netif.o
    0x0800ba80   0x0800ba80   0x00000002   Code   RO        10039    i.netif_init        netif.o
    0x0800ba82   0x0800ba82   0x00000040   Code   RO        10041    i.netif_issue_reports  netif.o
    0x0800bac2   0x0800bac2   0x00000008   Code   RO        10043    i.netif_null_output_ip4  netif.o
    0x0800baca   0x0800baca   0x00000002   PAD
    0x0800bacc   0x0800bacc   0x00000060   Code   RO        10045    i.netif_set_addr    netif.o
    0x0800bb2c   0x0800bb2c   0x0000000c   Code   RO        10046    i.netif_set_default  netif.o
    0x0800bb38   0x0800bb38   0x00000032   Code   RO        10053    i.netif_set_up      netif.o
    0x0800bb6a   0x0800bb6a   0x00000046   Code   RO          603    i.nvic_configuration  main.o
    0x0800bbb0   0x0800bbb0   0x000000c4   Code   RO         4164    i.nvic_irq_enable   gd32f4xx_misc.o
    0x0800bc74   0x0800bc74   0x00000014   Code   RO         4165    i.nvic_priority_group_set  gd32f4xx_misc.o
    0x0800bc88   0x0800bc88   0x00000018   Code   RO         4166    i.nvic_vector_table_set  gd32f4xx_misc.o
    0x0800bca0   0x0800bca0   0x00000052   Code   RO         7435    i.onewire_check     bsp_onewire.o
    0x0800bcf2   0x0800bcf2   0x0000002c   Code   RO         7436    i.onewire_init      bsp_onewire.o
    0x0800bd1e   0x0800bd1e   0x00000040   Code   RO         7437    i.onewire_read_bit  bsp_onewire.o
    0x0800bd5e   0x0800bd5e   0x0000002c   Code   RO         7438    i.onewire_read_byte  bsp_onewire.o
    0x0800bd8a   0x0800bd8a   0x0000002c   Code   RO         7439    i.onewire_reset     bsp_onewire.o
    0x0800bdb6   0x0800bdb6   0x00000046   Code   RO         7440    i.onewire_write_bit  bsp_onewire.o
    0x0800bdfc   0x0800bdfc   0x00000026   Code   RO         7441    i.onewire_write_byte  bsp_onewire.o
    0x0800be22   0x0800be22   0x00000012   Code   RO        10201    i.pbuf_add_header   pbuf.o
    0x0800be34   0x0800be34   0x00000062   Code   RO        10203    i.pbuf_add_header_impl  pbuf.o
    0x0800be96   0x0800be96   0x00000130   Code   RO        10204    i.pbuf_alloc        pbuf.o
    0x0800bfc6   0x0800bfc6   0x00000034   Code   RO        10205    i.pbuf_alloc_reference  pbuf.o
    0x0800bffa   0x0800bffa   0x00000052   Code   RO        10206    i.pbuf_alloced_custom  pbuf.o
    0x0800c04c   0x0800c04c   0x00000038   Code   RO        10207    i.pbuf_cat          pbuf.o
    0x0800c084   0x0800c084   0x00000016   Code   RO        10208    i.pbuf_chain        pbuf.o
    0x0800c09a   0x0800c09a   0x00000012   Code   RO        10209    i.pbuf_clen         pbuf.o
    0x0800c0ac   0x0800c0ac   0x00000030   Code   RO        10210    i.pbuf_clone        pbuf.o
    0x0800c0dc   0x0800c0dc   0x00000020   Code   RO        10212    i.pbuf_copy         pbuf.o
    0x0800c0fc   0x0800c0fc   0x00000080   Code   RO        10213    i.pbuf_copy_partial  pbuf.o
    0x0800c17c   0x0800c17c   0x000000f2   Code   RO        10214    i.pbuf_copy_partial_pbuf  pbuf.o
    0x0800c26e   0x0800c26e   0x00000096   Code   RO        10216    i.pbuf_free         pbuf.o
    0x0800c304   0x0800c304   0x00000040   Code   RO        10217    i.pbuf_free_header  pbuf.o
    0x0800c344   0x0800c344   0x00000012   Code   RO        10221    i.pbuf_header_force  pbuf.o
    0x0800c356   0x0800c356   0x00000022   Code   RO        10222    i.pbuf_header_impl  pbuf.o
    0x0800c378   0x0800c378   0x0000001e   Code   RO        10223    i.pbuf_init_alloced_pbuf  pbuf.o
    0x0800c396   0x0800c396   0x00000086   Code   RO        10227    i.pbuf_realloc      pbuf.o
    0x0800c41c   0x0800c41c   0x00000022   Code   RO        10228    i.pbuf_ref          pbuf.o
    0x0800c43e   0x0800c43e   0x00000042   Code   RO        10229    i.pbuf_remove_header  pbuf.o
    0x0800c480   0x0800c480   0x00000078   Code   RO         8869    i.pcb_new           api_msg.o
    0x0800c4f8   0x0800c4f8   0x00000048   Code   RO         8451    i.phy_rst           bsp_eth.o
    0x0800c540   0x0800c540   0x0000009c   Code   RO         9873    i.plug_holes        mem.o
    0x0800c5dc   0x0800c5dc   0x00000082   Code   RO         8870    i.poll_tcp          api_msg.o
    0x0800c65e   0x0800c65e   0x00000002   PAD
    0x0800c660   0x0800c660   0x000000cc   Code   RO         7941    i.prvAddCurrentTaskToDelayedList  tasks.o
    0x0800c72c   0x0800c72c   0x000000f0   Code   RO         7942    i.prvAddNewTaskToReadyList  tasks.o
    0x0800c81c   0x0800c81c   0x00000048   Code   RO         7943    i.prvCheckTasksWaitingTermination  tasks.o
    0x0800c864   0x0800c864   0x0000002a   Code   RO         7615    i.prvCopyDataFromQueue  queue.o
    0x0800c88e   0x0800c88e   0x0000007e   Code   RO         7616    i.prvCopyDataToQueue  queue.o
    0x0800c90c   0x0800c90c   0x00000068   Code   RO         7944    i.prvCreateIdleTasks  tasks.o
    0x0800c974   0x0800c974   0x0000005a   Code   RO         7945    i.prvCreateTask     tasks.o
    0x0800c9ce   0x0800c9ce   0x00000012   Code   RO         7946    i.prvDeleteTCB      tasks.o
    0x0800c9e0   0x0800c9e0   0x00000014   Code   RO         7617    i.prvGetDisinheritPriorityAfterTimeout  queue.o
    0x0800c9f4   0x0800c9f4   0x0000006c   Code   RO         8379    i.prvHeapInit       heap_4.o
    0x0800ca60   0x0800ca60   0x00000028   Code   RO         7947    i.prvIdleTask       tasks.o
    0x0800ca88   0x0800ca88   0x0000001e   Code   RO         7618    i.prvInitialiseMutex  queue.o
    0x0800caa6   0x0800caa6   0x00000026   Code   RO         7619    i.prvInitialiseNewQueue  queue.o
    0x0800cacc   0x0800cacc   0x0000007c   Code   RO         7948    i.prvInitialiseNewTask  tasks.o
    0x0800cb48   0x0800cb48   0x00000068   Code   RO         7949    i.prvInitialiseTaskLists  tasks.o
    0x0800cbb0   0x0800cbb0   0x00000068   Code   RO         8380    i.prvInsertBlockIntoFreeList  heap_4.o
    0x0800cc18   0x0800cc18   0x0000001a   Code   RO         7620    i.prvIsQueueEmpty   queue.o
    0x0800cc32   0x0800cc32   0x0000001e   Code   RO         7621    i.prvIsQueueFull    queue.o
    0x0800cc50   0x0800cc50   0x00000030   Code   RO         7950    i.prvResetNextTaskUnblockTime  tasks.o
    0x0800cc80   0x0800cc80   0x00000016   Code   RO         8309    i.prvTaskExitError  port.o
    0x0800cc96   0x0800cc96   0x0000007e   Code   RO         7622    i.prvUnlockQueue    queue.o
    0x0800cd14   0x0800cd14   0x00000010   Code   RO         9874    i.ptr_to_mem        mem.o
    0x0800cd24   0x0800cd24   0x00000100   Code   RO         8382    i.pvPortMalloc      heap_4.o
    0x0800ce24   0x0800ce24   0x00000014   Code   RO         7952    i.pvTaskIncrementMutexHeldCount  tasks.o
    0x0800ce38   0x0800ce38   0x0000002c   Code   RO         8310    i.pxPortInitialiseStack  port.o
    0x0800ce64   0x0800ce64   0x00000124   Code   RO         4369    i.rcu_clock_freq_get  gd32f4xx_rcu.o
    0x0800cf88   0x0800cf88   0x00000024   Code   RO         4388    i.rcu_periph_clock_enable  gd32f4xx_rcu.o
    0x0800cfac   0x0800cfac   0x00000024   Code   RO         4391    i.rcu_periph_reset_disable  gd32f4xx_rcu.o
    0x0800cfd0   0x0800cfd0   0x00000024   Code   RO         4392    i.rcu_periph_reset_enable  gd32f4xx_rcu.o
    0x0800cff4   0x0800cff4   0x00000024   Code   RO         4404    i.rcu_timer_clock_prescaler_config  gd32f4xx_rcu.o
    0x0800d018   0x0800d018   0x00000080   Code   RO         8871    i.recv_tcp          api_msg.o
    0x0800d098   0x0800d098   0x00000094   Code   RO         8872    i.recv_udp          api_msg.o
    0x0800d12c   0x0800d12c   0x00000050   Code   RO         6779    i.relay_init        q468v1.o
    0x0800d17c   0x0800d17c   0x0000027c   Code   RO           22    i.sample_task       adc_sample.o
    0x0800d3f8   0x0800d3f8   0x00000028   Code   RO         7188    i.sd2505_get_time   sd2505.o
    0x0800d420   0x0800d420   0x00000070   Code   RO         7189    i.sd2505_init       sd2505.o
    0x0800d490   0x0800d490   0x0000003c   Code   RO         7190    i.sd2505_set_time   sd2505.o
    0x0800d4cc   0x0800d4cc   0x00000044   Code   RO         7191    i.sd2505_write_off  sd2505.o
    0x0800d510   0x0800d510   0x00000044   Code   RO         7192    i.sd2505_write_on   sd2505.o
    0x0800d554   0x0800d554   0x0000001c   Code   RO         4922    i.sdio_bus_mode_set  gd32f4xx_sdio.o
    0x0800d570   0x0800d570   0x00000034   Code   RO         4929    i.sdio_clock_config  gd32f4xx_sdio.o
    0x0800d5a4   0x0800d5a4   0x00000014   Code   RO         4931    i.sdio_clock_enable  gd32f4xx_sdio.o
    0x0800d5b8   0x0800d5b8   0x0000000c   Code   RO         4932    i.sdio_command_index_get  gd32f4xx_sdio.o
    0x0800d5c4   0x0800d5c4   0x00000038   Code   RO         4933    i.sdio_command_response_config  gd32f4xx_sdio.o
    0x0800d5fc   0x0800d5fc   0x00000014   Code   RO         4935    i.sdio_csm_enable   gd32f4xx_sdio.o
    0x0800d610   0x0800d610   0x0000003c   Code   RO         4936    i.sdio_data_config  gd32f4xx_sdio.o
    0x0800d64c   0x0800d64c   0x0000000c   Code   RO         4938    i.sdio_data_read    gd32f4xx_sdio.o
    0x0800d658   0x0800d658   0x0000001c   Code   RO         4939    i.sdio_data_transfer_config  gd32f4xx_sdio.o
    0x0800d674   0x0800d674   0x00000014   Code   RO         4941    i.sdio_deinit       gd32f4xx_sdio.o
    0x0800d688   0x0800d688   0x00000014   Code   RO         4943    i.sdio_dma_enable   gd32f4xx_sdio.o
    0x0800d69c   0x0800d69c   0x00000014   Code   RO         4944    i.sdio_dsm_disable  gd32f4xx_sdio.o
    0x0800d6b0   0x0800d6b0   0x00000014   Code   RO         4945    i.sdio_dsm_enable   gd32f4xx_sdio.o
    0x0800d6c4   0x0800d6c4   0x0000000c   Code   RO         4947    i.sdio_flag_clear   gd32f4xx_sdio.o
    0x0800d6d0   0x0800d6d0   0x00000014   Code   RO         4948    i.sdio_flag_get     gd32f4xx_sdio.o
    0x0800d6e4   0x0800d6e4   0x00000014   Code   RO         4949    i.sdio_hardware_clock_disable  gd32f4xx_sdio.o
    0x0800d6f8   0x0800d6f8   0x00000010   Code   RO         4951    i.sdio_interrupt_disable  gd32f4xx_sdio.o
    0x0800d708   0x0800d708   0x00000010   Code   RO         4952    i.sdio_interrupt_enable  gd32f4xx_sdio.o
    0x0800d718   0x0800d718   0x0000000c   Code   RO         4953    i.sdio_interrupt_flag_clear  gd32f4xx_sdio.o
    0x0800d724   0x0800d724   0x00000014   Code   RO         4954    i.sdio_interrupt_flag_get  gd32f4xx_sdio.o
    0x0800d738   0x0800d738   0x0000000c   Code   RO         4957    i.sdio_power_state_get  gd32f4xx_sdio.o
    0x0800d744   0x0800d744   0x0000000c   Code   RO         4958    i.sdio_power_state_set  gd32f4xx_sdio.o
    0x0800d750   0x0800d750   0x0000003c   Code   RO         4962    i.sdio_response_get  gd32f4xx_sdio.o
    0x0800d78c   0x0800d78c   0x0000001c   Code   RO         4967    i.sdio_wait_type_set  gd32f4xx_sdio.o
    0x0800d7a8   0x0800d7a8   0x00000108   Code   RO         9231    i.select_check_waiters  sockets.o
    0x0800d8b0   0x0800d8b0   0x0000006c   Code   RO         8873    i.sent_tcp          api_msg.o
    0x0800d91c   0x0800d91c   0x00000044   Code   RO         8874    i.setup_tcp         api_msg.o
    0x0800d960   0x0800d960   0x00000032   Code   RO         8546    i.socket_close      socket_adapter.o
    0x0800d992   0x0800d992   0x0000008e   Code   RO         8547    i.socket_init       socket_adapter.o
    0x0800da20   0x0800da20   0x00000066   Code   RO         8548    i.socket_recv       socket_adapter.o
    0x0800da86   0x0800da86   0x00000074   Code   RO         8549    i.socket_send       socket_adapter.o
    0x0800dafa   0x0800dafa   0x0000005a   Code   RO         8550    i.socket_set_timeout  socket_adapter.o
    0x0800db54   0x0800db54   0x00000066   Code   RO         8551    i.socket_tcp_accept  socket_adapter.o
    0x0800dbba   0x0800dbba   0x00000032   Code   RO         8553    i.socket_tcp_listen  socket_adapter.o
    0x0800dbec   0x0800dbec   0x000000a0   Code   RO         6677    i.spi_config        bsp_gd55b01.o
    0x0800dc8c   0x0800dc8c   0x0000000a   Code   RO         5228    i.spi_enable        gd32f4xx_spi.o
    0x0800dc96   0x0800dc96   0x00000008   Code   RO         5230    i.spi_i2s_data_receive  gd32f4xx_spi.o
    0x0800dc9e   0x0800dc9e   0x00000004   Code   RO         5231    i.spi_i2s_data_transmit  gd32f4xx_spi.o
    0x0800dca2   0x0800dca2   0x00000010   Code   RO         5233    i.spi_i2s_flag_get  gd32f4xx_spi.o
    0x0800dcb2   0x0800dcb2   0x00000032   Code   RO         5238    i.spi_init          gd32f4xx_spi.o
    0x0800dce4   0x0800dce4   0x00000038   Code   RO         6678    i.spi_send_recv_byte  bsp_gd55b01.o
    0x0800dd1c   0x0800dd1c   0x0000002c   Code   RO          448    i.start_task        app_task.o
    0x0800dd48   0x0800dd48   0x00000070   Code   RO          806    i.storage_manage_start  storage_manage.o
    0x0800ddb8   0x0800ddb8   0x000000c0   Code   RO          807    i.storage_task      storage_manage.o
    0x0800de78   0x0800de78   0x0000004e   Code   RO        11601    i.sys_arch_mbox_fetch  sys_arch.o
    0x0800dec6   0x0800dec6   0x00000030   Code   RO        11602    i.sys_arch_mbox_tryfetch  sys_arch.o
    0x0800def6   0x0800def6   0x0000000a   Code   RO        11604    i.sys_arch_protect  sys_arch.o
    0x0800df00   0x0800df00   0x00000042   Code   RO        11605    i.sys_arch_sem_wait  sys_arch.o
    0x0800df42   0x0800df42   0x0000000a   Code   RO        11606    i.sys_arch_unprotect  sys_arch.o
    0x0800df4c   0x0800df4c   0x00000054   Code   RO        10980    i.sys_check_timeouts  timeouts.o
    0x0800dfa0   0x0800dfa0   0x00000016   Code   RO          681    i.sys_config_read   msg_parse.o
    0x0800dfb6   0x0800dfb6   0x00000016   Code   RO          682    i.sys_config_write  msg_parse.o
    0x0800dfcc   0x0800dfcc   0x00000002   Code   RO        11607    i.sys_init          sys_arch.o
    0x0800dfce   0x0800dfce   0x00000014   Code   RO        11609    i.sys_mbox_free     sys_arch.o
    0x0800dfe2   0x0800dfe2   0x00000028   Code   RO        11610    i.sys_mbox_new      sys_arch.o
    0x0800e00a   0x0800e00a   0x0000002c   Code   RO        11612    i.sys_mbox_trypost  sys_arch.o
    0x0800e036   0x0800e036   0x0000001e   Code   RO        11615    i.sys_mutex_lock    sys_arch.o
    0x0800e054   0x0800e054   0x0000001e   Code   RO        11616    i.sys_mutex_new     sys_arch.o
    0x0800e072   0x0800e072   0x0000001a   Code   RO        11617    i.sys_mutex_unlock  sys_arch.o
    0x0800e08c   0x0800e08c   0x00000008   Code   RO        11618    i.sys_now           sys_arch.o
    0x0800e094   0x0800e094   0x00000018   Code   RO        11619    i.sys_sem_free      sys_arch.o
    0x0800e0ac   0x0800e0ac   0x00000040   Code   RO        11620    i.sys_sem_new       sys_arch.o
    0x0800e0ec   0x0800e0ec   0x00000020   Code   RO        11621    i.sys_sem_signal    sys_arch.o
    0x0800e10c   0x0800e10c   0x0000003c   Code   RO        11622    i.sys_thread_new    sys_arch.o
    0x0800e148   0x0800e148   0x00000022   Code   RO        10982    i.sys_timeout       timeouts.o
    0x0800e16a   0x0800e16a   0x00000002   PAD
    0x0800e16c   0x0800e16c   0x00000090   Code   RO        10983    i.sys_timeout_abs   timeouts.o
    0x0800e1fc   0x0800e1fc   0x00000028   Code   RO        10984    i.sys_timeouts_init  timeouts.o
    0x0800e224   0x0800e224   0x00000044   Code   RO        10985    i.sys_timeouts_sleeptime  timeouts.o
    0x0800e268   0x0800e268   0x00000018   Code   RO         5469    i.syscfg_enet_phy_interface_config  gd32f4xx_syscfg.o
    0x0800e280   0x0800e280   0x000000ac   Code   RO         5471    i.syscfg_exti_line_config  gd32f4xx_syscfg.o
    0x0800e32c   0x0800e32c   0x00000110   Code   RO         1083    i.system_clock_240m_8m_hxtal  system_gd32f4xx.o
    0x0800e43c   0x0800e43c   0x00000008   Code   RO         1084    i.system_clock_config  system_gd32f4xx.o
    0x0800e444   0x0800e444   0x00000204   Code   RO          683    i.system_init       msg_parse.o
    0x0800e648   0x0800e648   0x00000050   Code   RO          939    i.systick_config    systick.o
    0x0800e698   0x0800e698   0x000000f8   Code   RO        10431    i.tcp_abandon       tcp.o
    0x0800e790   0x0800e790   0x0000000e   Code   RO        10432    i.tcp_abort         tcp.o
    0x0800e79e   0x0800e79e   0x00000010   Code   RO        10433    i.tcp_accept        tcp.o
    0x0800e7ae   0x0800e7ae   0x00000018   Code   RO        10434    i.tcp_accept_null   tcp.o
    0x0800e7c6   0x0800e7c6   0x00000002   PAD
    0x0800e7c8   0x0800e7c8   0x000000c0   Code   RO        10435    i.tcp_alloc         tcp.o
    0x0800e888   0x0800e888   0x00000006   Code   RO        10436    i.tcp_arg           tcp.o
    0x0800e88e   0x0800e88e   0x00000002   PAD
    0x0800e890   0x0800e890   0x000000b0   Code   RO        10437    i.tcp_bind          tcp.o
    0x0800e940   0x0800e940   0x00000012   Code   RO        10438    i.tcp_bind_netif    tcp.o
    0x0800e952   0x0800e952   0x0000002c   Code   RO        10439    i.tcp_close         tcp.o
    0x0800e97e   0x0800e97e   0x00000002   PAD
    0x0800e980   0x0800e980   0x00000148   Code   RO        10440    i.tcp_close_shutdown  tcp.o
    0x0800eac8   0x0800eac8   0x00000070   Code   RO        10441    i.tcp_close_shutdown_fin  tcp.o
    0x0800eb38   0x0800eb38   0x000000da   Code   RO        10816    i.tcp_create_segment  tcp_out.o
    0x0800ec12   0x0800ec12   0x00000034   Code   RO        10444    i.tcp_eff_send_mss_netif  tcp.o
    0x0800ec46   0x0800ec46   0x00000106   Code   RO        10817    i.tcp_enqueue_flags  tcp_out.o
    0x0800ed4c   0x0800ed4c   0x0000000c   Code   RO        10445    i.tcp_err           tcp.o
    0x0800ed58   0x0800ed58   0x0000009c   Code   RO        10446    i.tcp_fasttmr       tcp.o
    0x0800edf4   0x0800edf4   0x00000012   Code   RO        10447    i.tcp_free          tcp.o
    0x0800ee06   0x0800ee06   0x00000002   PAD
    0x0800ee08   0x0800ee08   0x00000084   Code   RO        10744    i.tcp_free_acked_segments  tcp_in.o
    0x0800ee8c   0x0800ee8c   0x00000012   Code   RO        10448    i.tcp_free_listen   tcp.o
    0x0800ee9e   0x0800ee9e   0x00000002   PAD
    0x0800eea0   0x0800eea0   0x00000048   Code   RO        10745    i.tcp_get_next_optbyte  tcp_in.o
    0x0800eee8   0x0800eee8   0x00000034   Code   RO        10449    i.tcp_handle_closepend  tcp.o
    0x0800ef1c   0x0800ef1c   0x00000002   Code   RO        10450    i.tcp_init          tcp.o
    0x0800ef1e   0x0800ef1e   0x00000002   PAD
    0x0800ef20   0x0800ef20   0x00000558   Code   RO        10746    i.tcp_input         tcp_in.o
    0x0800f478   0x0800f478   0x00000050   Code   RO        10747    i.tcp_input_delayed_close  tcp_in.o
    0x0800f4c8   0x0800f4c8   0x0000004a   Code   RO        10818    i.tcp_keepalive     tcp_out.o
    0x0800f512   0x0800f512   0x00000002   PAD
    0x0800f514   0x0800f514   0x00000068   Code   RO        10451    i.tcp_kill_prio     tcp.o
    0x0800f57c   0x0800f57c   0x0000004c   Code   RO        10452    i.tcp_kill_state    tcp.o
    0x0800f5c8   0x0800f5c8   0x0000003c   Code   RO        10453    i.tcp_kill_timewait  tcp.o
    0x0800f604   0x0800f604   0x0000002c   Code   RO        10454    i.tcp_listen_closed  tcp.o
    0x0800f630   0x0800f630   0x00000164   Code   RO        10748    i.tcp_listen_input  tcp_in.o
    0x0800f794   0x0800f794   0x000000dc   Code   RO        10456    i.tcp_listen_with_backlog_and_err  tcp.o
    0x0800f870   0x0800f870   0x0000004c   Code   RO        10457    i.tcp_netif_ip_addr_changed  tcp.o
    0x0800f8bc   0x0800f8bc   0x0000002e   Code   RO        10458    i.tcp_netif_ip_addr_changed_pcblist  tcp.o
    0x0800f8ea   0x0800f8ea   0x00000010   Code   RO        10460    i.tcp_new_ip_type   tcp.o
    0x0800f8fa   0x0800f8fa   0x00000002   PAD
    0x0800f8fc   0x0800f8fc   0x00000068   Code   RO        10461    i.tcp_new_port      tcp.o
    0x0800f964   0x0800f964   0x00000024   Code   RO        10462    i.tcp_next_iss      tcp.o
    0x0800f988   0x0800f988   0x00000278   Code   RO        10819    i.tcp_output        tcp_out.o
    0x0800fc00   0x0800fc00   0x00000040   Code   RO        10820    i.tcp_output_alloc_header  tcp_out.o
    0x0800fc40   0x0800fc40   0x0000007a   Code   RO        10821    i.tcp_output_alloc_header_common  tcp_out.o
    0x0800fcba   0x0800fcba   0x0000003c   Code   RO        10822    i.tcp_output_control_segment  tcp_out.o
    0x0800fcf6   0x0800fcf6   0x00000042   Code   RO        10823    i.tcp_output_control_segment_netif  tcp_out.o
    0x0800fd38   0x0800fd38   0x0000001a   Code   RO        10824    i.tcp_output_fill_options  tcp_out.o
    0x0800fd52   0x0800fd52   0x00000002   PAD
    0x0800fd54   0x0800fd54   0x000000dc   Code   RO        10825    i.tcp_output_segment  tcp_out.o
    0x0800fe30   0x0800fe30   0x00000016   Code   RO        10826    i.tcp_output_segment_busy  tcp_out.o
    0x0800fe46   0x0800fe46   0x00000002   PAD
    0x0800fe48   0x0800fe48   0x000000a4   Code   RO        10749    i.tcp_parseopt      tcp_in.o
    0x0800feec   0x0800feec   0x00000082   Code   RO        10827    i.tcp_pbuf_prealloc  tcp_out.o
    0x0800ff6e   0x0800ff6e   0x0000004a   Code   RO        10463    i.tcp_pcb_purge     tcp.o
    0x0800ffb8   0x0800ffb8   0x00000084   Code   RO        10464    i.tcp_pcb_remove    tcp.o
    0x0801003c   0x0801003c   0x00000016   Code   RO        10465    i.tcp_poll          tcp.o
    0x08010052   0x08010052   0x00000002   PAD
    0x08010054   0x08010054   0x000005fc   Code   RO        10750    i.tcp_process       tcp_in.o
    0x08010650   0x08010650   0x000000a2   Code   RO        10466    i.tcp_process_refused_data  tcp.o
    0x080106f2   0x080106f2   0x00000002   PAD
    0x080106f4   0x080106f4   0x00000604   Code   RO        10751    i.tcp_receive       tcp_in.o
    0x08010cf8   0x08010cf8   0x0000000c   Code   RO        10467    i.tcp_recv          tcp.o
    0x08010d04   0x08010d04   0x0000003a   Code   RO        10468    i.tcp_recv_null     tcp.o
    0x08010d3e   0x08010d3e   0x0000005a   Code   RO        10469    i.tcp_recved        tcp.o
    0x08010d98   0x08010d98   0x0000001c   Code   RO        10470    i.tcp_remove_listener  tcp.o
    0x08010db4   0x08010db4   0x0000007e   Code   RO        10828    i.tcp_rexmit        tcp_out.o
    0x08010e32   0x08010e32   0x00000078   Code   RO        10829    i.tcp_rexmit_fast   tcp_out.o
    0x08010eaa   0x08010eaa   0x00000018   Code   RO        10830    i.tcp_rexmit_rto    tcp_out.o
    0x08010ec2   0x08010ec2   0x00000022   Code   RO        10831    i.tcp_rexmit_rto_commit  tcp_out.o
    0x08010ee4   0x08010ee4   0x00000080   Code   RO        10832    i.tcp_rexmit_rto_prepare  tcp_out.o
    0x08010f64   0x08010f64   0x0000001e   Code   RO        10833    i.tcp_route         tcp_out.o
    0x08010f82   0x08010f82   0x00000036   Code   RO        10834    i.tcp_rst           tcp_out.o
    0x08010fb8   0x08010fb8   0x0000005a   Code   RO        10835    i.tcp_rst_common    tcp_out.o
    0x08011012   0x08011012   0x0000003c   Code   RO        10836    i.tcp_rst_netif     tcp_out.o
    0x0801104e   0x0801104e   0x0000001a   Code   RO        10471    i.tcp_seg_free      tcp.o
    0x08011068   0x08011068   0x00000018   Code   RO        10472    i.tcp_segs_free     tcp.o
    0x08011080   0x08011080   0x000000ac   Code   RO        10837    i.tcp_send_empty_ack  tcp_out.o
    0x0801112c   0x0801112c   0x00000052   Code   RO        10838    i.tcp_send_fin      tcp_out.o
    0x0801117e   0x0801117e   0x0000000a   Code   RO        10473    i.tcp_sent          tcp.o
    0x08011188   0x08011188   0x0000002c   Code   RO         8497    i.tcp_server_send_data  tcp_server.o
    0x080111b4   0x080111b4   0x00000038   Code   RO         8498    i.tcp_server_start  tcp_server.o
    0x080111ec   0x080111ec   0x00000194   Code   RO         8499    i.tcp_server_task   tcp_server.o
    0x08011380   0x08011380   0x00000072   Code   RO        10475    i.tcp_shutdown      tcp.o
    0x080113f2   0x080113f2   0x00000002   PAD
    0x080113f4   0x080113f4   0x000003dc   Code   RO        10476    i.tcp_slowtmr       tcp.o
    0x080117d0   0x080117d0   0x000001a2   Code   RO        10839    i.tcp_split_unsent_seg  tcp_out.o
    0x08011972   0x08011972   0x00000002   PAD
    0x08011974   0x08011974   0x00000038   Code   RO        10987    i.tcp_timer_needed  timeouts.o
    0x080119ac   0x080119ac   0x000000b8   Code   RO        10752    i.tcp_timewait_input  tcp_in.o
    0x08011a64   0x08011a64   0x00000024   Code   RO        10478    i.tcp_tmr           tcp.o
    0x08011a88   0x08011a88   0x00000014   Code   RO        10753    i.tcp_trigger_input_pcb_close  tcp_in.o
    0x08011a9c   0x08011a9c   0x00000058   Code   RO        10480    i.tcp_update_rcv_ann_wnd  tcp.o
    0x08011af4   0x08011af4   0x00000458   Code   RO        10840    i.tcp_write         tcp_out.o
    0x08011f4c   0x08011f4c   0x00000070   Code   RO        10841    i.tcp_write_checks  tcp_out.o
    0x08011fbc   0x08011fbc   0x000000da   Code   RO        10842    i.tcp_zero_window_probe  tcp_out.o
    0x08012096   0x08012096   0x00000002   PAD
    0x08012098   0x08012098   0x00000060   Code   RO         9514    i.tcpip_init        tcpip.o
    0x080120f8   0x080120f8   0x0000004c   Code   RO         9515    i.tcpip_inpkt       tcpip.o
    0x08012144   0x08012144   0x00000030   Code   RO         9516    i.tcpip_input       tcpip.o
    0x08012174   0x08012174   0x00000020   Code   RO         9517    i.tcpip_send_msg_wait_sem  tcpip.o
    0x08012194   0x08012194   0x00000038   Code   RO        10988    i.tcpip_tcp_timer   timeouts.o
    0x080121cc   0x080121cc   0x00000048   Code   RO         9518    i.tcpip_thread      tcpip.o
    0x08012214   0x08012214   0x0000004c   Code   RO         9519    i.tcpip_thread_handle_msg  tcpip.o
    0x08012260   0x08012260   0x00000060   Code   RO         9520    i.tcpip_timeouts_mbox_fetch  tcpip.o
    0x080122c0   0x080122c0   0x00000110   Code   RO           23    i.time_sync_task    adc_sample.o
    0x080123d0   0x080123d0   0x00000058   Code   RO         7272    i.timer0_init       bsp_timer.o
    0x08012428   0x08012428   0x00000050   Code   RO           24    i.timer0_irq_handler_cb  adc_sample.o
    0x08012478   0x08012478   0x00000010   Code   RO         7274    i.timer0_start      bsp_timer.o
    0x08012488   0x08012488   0x00000184   Code   RO         5560    i.timer_deinit      gd32f4xx_timer.o
    0x0801260c   0x0801260c   0x0000000a   Code   RO         5565    i.timer_enable      gd32f4xx_timer.o
    0x08012616   0x08012616   0x00000006   Code   RO         5572    i.timer_flag_clear  gd32f4xx_timer.o
    0x0801261c   0x0801261c   0x00000098   Code   RO         5575    i.timer_init        gd32f4xx_timer.o
    0x080126b4   0x080126b4   0x00000008   Code   RO         5582    i.timer_interrupt_enable  gd32f4xx_timer.o
    0x080126bc   0x080126bc   0x00000006   Code   RO         5583    i.timer_interrupt_flag_clear  gd32f4xx_timer.o
    0x080126c2   0x080126c2   0x00000018   Code   RO         5584    i.timer_interrupt_flag_get  gd32f4xx_timer.o
    0x080126da   0x080126da   0x00000002   PAD
    0x080126dc   0x080126dc   0x0000012c   Code   RO         1013    i.timestamp_to_datetime  utils.o
    0x08012808   0x08012808   0x0000001a   Code   RO         9232    i.tryget_socket     sockets.o
    0x08012822   0x08012822   0x00000010   Code   RO         9233    i.tryget_socket_unconn  sockets.o
    0x08012832   0x08012832   0x00000002   PAD
    0x08012834   0x08012834   0x0000001c   Code   RO         9235    i.tryget_socket_unconn_nouse  sockets.o
    0x08012850   0x08012850   0x000000a4   Code   RO        11058    i.udp_bind          udp.o
    0x080128f4   0x080128f4   0x00000012   Code   RO        11059    i.udp_bind_netif    udp.o
    0x08012906   0x08012906   0x00000002   Code   RO        11062    i.udp_init          udp.o
    0x08012908   0x08012908   0x0000016c   Code   RO        11063    i.udp_input         udp.o
    0x08012a74   0x08012a74   0x00000068   Code   RO        11064    i.udp_input_local_match  udp.o
    0x08012adc   0x08012adc   0x00000030   Code   RO        11065    i.udp_netif_ip_addr_changed  udp.o
    0x08012b0c   0x08012b0c   0x0000001c   Code   RO        11066    i.udp_new           udp.o
    0x08012b28   0x08012b28   0x0000000e   Code   RO        11067    i.udp_new_ip_type   udp.o
    0x08012b36   0x08012b36   0x00000002   PAD
    0x08012b38   0x08012b38   0x00000058   Code   RO        11068    i.udp_new_port      udp.o
    0x08012b90   0x08012b90   0x00000010   Code   RO        11069    i.udp_recv          udp.o
    0x08012ba0   0x08012ba0   0x00000050   Code   RO        11070    i.udp_remove        udp.o
    0x08012bf0   0x08012bf0   0x0000002c   Code   RO        11071    i.udp_send          udp.o
    0x08012c1c   0x08012c1c   0x00000060   Code   RO        11072    i.udp_sendto        udp.o
    0x08012c7c   0x08012c7c   0x0000007a   Code   RO        11073    i.udp_sendto_if     udp.o
    0x08012cf6   0x08012cf6   0x0000010a   Code   RO        11074    i.udp_sendto_if_src  udp.o
    0x08012e00   0x08012e00   0x000000ac   Code   RO         7953    i.ulTaskGenericNotifyTake  tasks.o
    0x08012eac   0x08012eac   0x00000008   Code   RO         6218    i.usart_data_transmit  gd32f4xx_usart.o
    0x08012eb4   0x08012eb4   0x0000001e   Code   RO         6225    i.usart_flag_get    gd32f4xx_usart.o
    0x08012ed2   0x08012ed2   0x00000028   Code   RO         7579    i.uxListRemove      list.o
    0x08012efa   0x08012efa   0x00000002   PAD
    0x08012efc   0x08012efc   0x0000000c   Code   RO         7957    i.uxTaskGetNumberOfTasks  tasks.o
    0x08012f08   0x08012f08   0x0000001a   Code   RO         7580    i.vListInitialise   list.o
    0x08012f22   0x08012f22   0x00000006   Code   RO         7581    i.vListInitialiseItem  list.o
    0x08012f28   0x08012f28   0x00000034   Code   RO         7582    i.vListInsert       list.o
    0x08012f5c   0x08012f5c   0x00000018   Code   RO         7583    i.vListInsertEnd    list.o
    0x08012f74   0x08012f74   0x00000024   Code   RO         8312    i.vPortEnterCritical  port.o
    0x08012f98   0x08012f98   0x00000020   Code   RO         8313    i.vPortExitCritical  port.o
    0x08012fb8   0x08012fb8   0x0000004c   Code   RO         8383    i.vPortFree         heap_4.o
    0x08013004   0x08013004   0x00000028   Code   RO         8314    i.vPortSetupTimerInterrupt  port.o
    0x0801302c   0x0801302c   0x0000000e   Code   RO         7628    i.vQueueDelete      queue.o
    0x0801303a   0x0801303a   0x00000002   PAD
    0x0801303c   0x0801303c   0x00000034   Code   RO         7961    i.vTaskDelay        tasks.o
    0x08013070   0x08013070   0x000000ec   Code   RO         7962    i.vTaskDelete       tasks.o
    0x0801315c   0x0801315c   0x0000015c   Code   RO         7964    i.vTaskGenericNotifyGiveFromISR  tasks.o
    0x080132b8   0x080132b8   0x00000018   Code   RO         7965    i.vTaskInternalSetTimeOutState  tasks.o
    0x080132d0   0x080132d0   0x0000000c   Code   RO         7966    i.vTaskMissedYield  tasks.o
    0x080132dc   0x080132dc   0x00000020   Code   RO         7967    i.vTaskPlaceOnEventList  tasks.o
    0x080132fc   0x080132fc   0x000000dc   Code   RO         7969    i.vTaskPriorityDisinheritAfterTimeout  tasks.o
    0x080133d8   0x080133d8   0x0000004c   Code   RO         7975    i.vTaskStartScheduler  tasks.o
    0x08013424   0x08013424   0x00000010   Code   RO         7977    i.vTaskSuspendAll   tasks.o
    0x08013434   0x08013434   0x00000068   Code   RO         7978    i.vTaskSwitchContext  tasks.o
    0x0801349c   0x0801349c   0x00000048   Code   RO         8315    i.xPortStartScheduler  port.o
    0x080134e4   0x080134e4   0x00000034   Code   RO         8316    i.xPortSysTickHandler  port.o
    0x08013518   0x08013518   0x00000022   Code   RO         7629    i.xQueueCreateMutex  queue.o
    0x0801353a   0x0801353a   0x0000004c   Code   RO         7630    i.xQueueGenericCreate  queue.o
    0x08013586   0x08013586   0x00000002   PAD
    0x08013588   0x08013588   0x000000a0   Code   RO         7631    i.xQueueGenericReset  queue.o
    0x08013628   0x08013628   0x00000118   Code   RO         7632    i.xQueueGenericSend  queue.o
    0x08013740   0x08013740   0x00000086   Code   RO         7634    i.xQueueGiveFromISR  queue.o
    0x080137c6   0x080137c6   0x00000030   Code   RO         7635    i.xQueueGiveMutexRecursive  queue.o
    0x080137f6   0x080137f6   0x00000002   PAD
    0x080137f8   0x080137f8   0x00000104   Code   RO         7640    i.xQueueReceive     queue.o
    0x080138fc   0x080138fc   0x00000130   Code   RO         7642    i.xQueueSemaphoreTake  queue.o
    0x08013a2c   0x08013a2c   0x00000036   Code   RO         7643    i.xQueueTakeMutexRecursive  queue.o
    0x08013a62   0x08013a62   0x00000002   PAD
    0x08013a64   0x08013a64   0x00000060   Code   RO         7980    i.xTaskCheckForTimeOut  tasks.o
    0x08013ac4   0x08013ac4   0x00000038   Code   RO         7981    i.xTaskCreate       tasks.o
    0x08013afc   0x08013afc   0x00000074   Code   RO         7982    i.xTaskDelayUntil   tasks.o
    0x08013b70   0x08013b70   0x0000000c   Code   RO         7987    i.xTaskGetCurrentTaskHandle  tasks.o
    0x08013b7c   0x08013b7c   0x00000020   Code   RO         7989    i.xTaskGetSchedulerState  tasks.o
    0x08013b9c   0x08013b9c   0x0000000c   Code   RO         7990    i.xTaskGetTickCount  tasks.o
    0x08013ba8   0x08013ba8   0x000001a0   Code   RO         7992    i.xTaskIncrementTick  tasks.o
    0x08013d48   0x08013d48   0x000000b4   Code   RO         7993    i.xTaskPriorityDisinherit  tasks.o
    0x08013dfc   0x08013dfc   0x000000f4   Code   RO         7994    i.xTaskPriorityInherit  tasks.o
    0x08013ef0   0x08013ef0   0x00000118   Code   RO         7995    i.xTaskRemoveFromEventList  tasks.o
    0x08014008   0x08014008   0x0000017c   Code   RO         7996    i.xTaskResumeAll    tasks.o
    0x08014184   0x08014184   0x000000a3   Data   RO          685    .constdata          msg_parse.o
    0x08014227   0x08014227   0x0000000c   Data   RO         1014    .constdata          utils.o
    0x08014233   0x08014233   0x00000003   Data   RO         8875    .constdata          api_msg.o
    0x08014236   0x08014236   0x00000002   PAD
    0x08014238   0x08014238   0x00000044   Data   RO         9040    .constdata          err.o
    0x0801427c   0x0801427c   0x000000d0   Data   RO         9945    .constdata          memp.o
    0x0801434c   0x0801434c   0x00000050   Data   RO        10481    .constdata          tcp.o
    0x0801439c   0x0801439c   0x0000001c   Data   RO        10989    .constdata          timeouts.o
    0x080143b8   0x080143b8   0x00000008   Data   RO        11375    .constdata          ip4_addr.o
    0x080143c0   0x080143c0   0x0000000c   Data   RO        11495    .constdata          ethernet.o
    0x080143cc   0x080143cc   0x00000021   Data   RO        11816    .constdata          segger_rtt.o
    0x080143ed   0x080143ed   0x00000081   Data   RO        12049    .constdata          mc_w.l(ctype_o.o)
    0x0801446e   0x0801446e   0x00000002   PAD
    0x08014470   0x08014470   0x00000004   Data   RO        12050    .constdata          mc_w.l(ctype_o.o)
    0x08014474   0x08014474   0x00000149   Data   RO          686    .conststring        msg_parse.o
    0x080145bd   0x080145bd   0x00000003   PAD
    0x080145c0   0x080145c0   0x000000e2   Data   RO         8452    .conststring        bsp_eth.o
    0x080146a2   0x080146a2   0x00000002   PAD
    0x080146a4   0x080146a4   0x00000075   Data   RO        10482    .conststring        tcp.o
    0x08014719   0x08014719   0x00000003   PAD
    0x0801471c   0x0801471c   0x0000015f   Data   RO        11525    .conststring        ethernetif.o
    0x0801487b   0x0801487b   0x00000001   PAD
    0x0801487c   0x0801487c   0x00000020   Data   RO        12408    Region$$Table       anon$$obj.o


    Execution Region RW_IRAM1 (Exec base: 0x20000000, Load base: 0x0801489c, Size: 0x0006e178, Max: 0x00070000, ABSOLUTE, COMPRESSED[0x00000038])

    Exec Addr    Load Addr    Size         Type   Attr      Idx    E Section Name        Object

    0x20000000   COMPRESSED   0x00000014   Data   RW           26    .data               adc_sample.o
    0x20000014   COMPRESSED   0x00000004   Data   RW          449    .data               app_task.o
    0x20000018   COMPRESSED   0x00000009   Data   RW          687    .data               msg_parse.o
    0x20000021   COMPRESSED   0x00000003   PAD
    0x20000024   COMPRESSED   0x00000008   Data   RW          809    .data               storage_manage.o
    0x2000002c   COMPRESSED   0x00000008   Data   RW          940    .data               systick.o
    0x20000034   COMPRESSED   0x00000004   Data   RW         1085    .data               system_gd32f4xx.o
    0x20000038   COMPRESSED   0x00000014   Data   RW         2467    .data               gd32f4xx_enet.o
    0x2000004c   COMPRESSED   0x00000001   Data   RW         6679    .data               bsp_gd55b01.o
    0x2000004d   COMPRESSED   0x00000003   PAD
    0x20000050   COMPRESSED   0x0000000c   Data   RW         6839    .data               bsp_ds18b20.o
    0x2000005c   COMPRESSED   0x0000001c   Data   RW         6926    .data               bsp_emmc.o
    0x20000078   COMPRESSED   0x0000001c   Data   RW         7193    .data               sd2505.o
    0x20000094   COMPRESSED   0x00000040   Data   RW         7999    .data               tasks.o
    0x200000d4   COMPRESSED   0x00000004   Data   RW         8317    .data               port.o
    0x200000d8   COMPRESSED   0x0000001c   Data   RW         8390    .data               heap_4.o
    0x200000f4   COMPRESSED   0x00000004   Data   RW         8453    .data               bsp_eth.o
    0x200000f8   COMPRESSED   0x00000004   Data   RW         9237    .data               sockets.o
    0x200000fc   COMPRESSED   0x00000010   Data   RW         9522    .data               tcpip.o
    0x2000010c   COMPRESSED   0x00000010   Data   RW         9876    .data               mem.o
    0x2000011c   COMPRESSED   0x00000034   Data   RW         9946    .data               memp.o
    0x20000150   COMPRESSED   0x00000009   Data   RW        10054    .data               netif.o
    0x20000159   COMPRESSED   0x00000003   PAD
    0x2000015c   COMPRESSED   0x00000020   Data   RW        10483    .data               tcp.o
    0x2000017c   COMPRESSED   0x00000028   Data   RW        10755    .data               tcp_in.o
    0x200001a4   COMPRESSED   0x0000000c   Data   RW        10990    .data               timeouts.o
    0x200001b0   COMPRESSED   0x00000008   Data   RW        11075    .data               udp.o
    0x200001b8   COMPRESSED   0x00000001   Data   RW        11203    .data               etharp.o
    0x200001b9   COMPRESSED   0x00000001   PAD
    0x200001ba   COMPRESSED   0x00000002   Data   RW        11331    .data               ip4.o
    0x200001bc   COMPRESSED   0x00000006   Data   RW        11435    .data               ip4_frag.o
    0x200001c2   COMPRESSED   0x00000002   PAD
    0x200001c4   COMPRESSED   0x0000000c   Data   RW        11526    .data               ethernetif.o
    0x200001d0   COMPRESSED   0x0000000c   Data   RW        11624    .data               sys_arch.o
    0x200001dc   COMPRESSED   0x00000004   Data   RW        12371    .data               mc_w.l(stdout.o)
    0x200001e0   COMPRESSED   0x00000004   Data   RW        12381    .data               mc_w.l(errno.o)
    0x200001e4        -       0x0000c864   Zero   RW           25    .bss                adc_sample.o
    0x2000ca48        -       0x0000fe3c   Zero   RW          684    .bss                msg_parse.o
    0x2001c884        -       0x00020f40   Zero   RW          808    .bss                storage_manage.o
    0x2003d7c4        -       0x0000ded0   Zero   RW         2465    .bss                gd32f4xx_enet.o
    0x2004b694        -       0x00000010   Zero   RW         6838    .bss                bsp_ds18b20.o
    0x2004b6a4        -       0x00000210   Zero   RW         6925    .bss                bsp_emmc.o
    0x2004b8b4        -       0x000000c8   Zero   RW         7998    .bss                tasks.o
    0x2004b97c        -       0x0000a000   Zero   RW         8389    .bss                heap_4.o
    0x2005597c        -       0x00000040   Zero   RW         9236    .bss                sockets.o
    0x200559bc        -       0x00000018   Zero   RW         9854    .bss                ip.o
    0x200559d4        -       0x00005013   Zero   RW         9875    .bss                mem.o
    0x2005a9e7        -       0x00012193   Zero   RW         9944    .bss                memp.o
    0x2006cb7a   COMPRESSED   0x00000002   PAD
    0x2006cb7c        -       0x00000010   Zero   RW        10754    .bss                tcp_in.o
    0x2006cb8c        -       0x000000f0   Zero   RW        11202    .bss                etharp.o
    0x2006cc7c        -       0x00000010   Zero   RW        11374    .bss                ip4_addr.o
    0x2006cc8c        -       0x00000030   Zero   RW        11623    .bss                sys_arch.o
    0x2006ccbc        -       0x000010b8   Zero   RW        11815    .bss                segger_rtt.o
    0x2006dd74   COMPRESSED   0x00000004   PAD
    0x2006dd78        -       0x00000400   Zero   RW         6610    STACK               startup_gd32f450_470.o


==============================================================================

Image component sizes


      Code (inc. data)   RO Data    RW Data    ZI Data      Debug   Object Name

      3796        274          0         20      51300     202126   adc_sample.o
      1578         48          0          0          0      46718   api_lib.o
      3734         80          3          0          0      33598   api_msg.o
        96         28          0          4          0      13118   app_task.o
       464         36          0          0          0       3258   bsp_cm2248.o
       388         36          0         12         16       3266   bsp_ds18b20.o
      4464        292          0         28        528      26776   bsp_emmc.o
      1720        886        226          4          0       3618   bsp_eth.o
       888         48          0          0          0       8332   bsp_fm24c02.o
       686         64          0          1          0       7180   bsp_gd55b01.o
       600          4          0          0          0       3579   bsp_i2c.o
       386          0          0          0          0       4860   bsp_onewire.o
       136         18          0          0          0       1551   bsp_timer.o
        38          0          0          0          0       1050   def.o
        32          6         68          0          0       1671   err.o
      2212         62          0          1        240      10960   etharp.o
       282          6         12          0          0       2586   ethernet.o
      1784        980        351         12          0      18740   ethernetif.o
         0          0          0          0          0      12820   event_groups.o
      1314          4          0          0          0       7579   gd32f4xx_dma.o
      2686        304          0         20      57040      18540   gd32f4xx_enet.o
       224         16          0          0          0       2130   gd32f4xx_exti.o
       266          0          0          0          0       5307   gd32f4xx_gpio.o
       494         16          0          0          0       8645   gd32f4xx_i2c.o
       128         12          0          0          0       6401   gd32f4xx_it.o
       240         28          0          0          0       2264   gd32f4xx_misc.o
       436         44          0          0          0       4499   gd32f4xx_rcu.o
       596        124          0          0          0      15677   gd32f4xx_sdio.o
        88          0          0          0          0       4038   gd32f4xx_spi.o
       196         12          0          0          0       1525   gd32f4xx_syscfg.o
       594         44          0          0          0       5479   gd32f4xx_timer.o
        38          0          0          0          0       1419   gd32f4xx_usart.o
       544         58          0         28      40960       5055   heap_4.o
       572          6          0          0          0       4510   icmp.o
         0          0          0          0          0       3895   if_api.o
       180          0          0          0          0       2038   inet_chksum.o
        42          0          0          0          0       5447   init.o
         0          0          0          0         24       3154   ip.o
       878         32          0          2          0       5344   ip4.o
       266          4          8          0         16      10230   ip4_addr.o
      1932         34          0          6          0      11814   ip4_frag.o
       148          0          0          0          0       3338   list.o
       210         26          0          0          0       6555   main.o
      1192         92          0         16      20499       8065   mem.o
       238         14        208         52      74131      10652   memp.o
      4266        252        492          9      65084      20591   msg_parse.o
       138          0          0          0          0      11251   netbuf.o
       774         38          0          9          0      13646   netif.o
      1630          0          0          0          0      16072   pbuf.o
       488         56          0          4          0       9788   port.o
       444         18          0          0          0       2054   q468v1.o
      1802         16          0          0          0      18506   queue.o
         8          0          0          0          0        565   rtt_log.o
       348         26          0         28          0       4583   sd2505.o
       232         36         33          0       4280       6406   segger_rtt.o
       652          0          0          0          0       5750   socket_adapter.o
      4138        106          0          4         64      37610   sockets.o
        36          8        428          0       1024        928   startup_gd32f450_470.o
      1920        140          0          8     134976      13754   storage_manage.o
       732         40          0         12         48      12741   sys_arch.o
       688         30          0          4          0       4163   system_gd32f4xx.o
       316         36          0          8          0      30407   systick.o
      4192        460          0         64        200      42324   tasks.o
      4134        200        197         32          0      40605   tcp.o
      5448        362          0         40         16      20335   tcp_in.o
      4676         10          0          0          0      34450   tcp_out.o
       504        172          0          0          0      12584   tcp_server.o
       496         70          0         16          0      11225   tcpip.o
       562         74         28         12          0       7063   timeouts.o
      1454         42          0          8          0      13242   udp.o
       652         26         12          0          0       5434   utils.o

    ----------------------------------------------------------------------
     77636       5956       2109        476     450452     965484   Object Totals
         0          0         32          0          0          0   (incl. Generated)
       120          0         11         12          6          0   (incl. Padding)

    ----------------------------------------------------------------------

      Code (inc. data)   RO Data    RW Data    ZI Data      Debug   Library Member Name

        86          0          0          0          0          0   __dczerorl2.o
        28          0          0          0          0         68   _chval.o
       158          0          0          0          0         92   _strtoul.o
        26          0          0          0          0         80   atoi.o
         8          4        133          0          0         68   ctype_o.o
         0          0          0          0          0          0   entry.o
         0          0          0          0          0          0   entry10a.o
         0          0          0          0          0          0   entry11a.o
         8          4          0          0          0          0   entry2.o
         4          0          0          0          0          0   entry5.o
         0          0          0          0          0          0   entry7b.o
         0          0          0          0          0          0   entry8b.o
         8          4          0          0          0          0   entry9a.o
         8          4          0          4          0         68   errno.o
        30          0          0          0          0          0   handlers.o
        36          8          0          0          0         68   init.o
         0          0          0          0          0          0   iusefp.o
        30          0          0          0          0         68   llshl.o
        36          0          0          0          0         68   llsshr.o
        32          0          0          0          0         68   llushr.o
        26          0          0          0          0         80   memcmp.o
        64          0          0          0          0         76   memmovea.o
        36          0          0          0          0        108   memseta.o
      2258         90          0          0          0        452   printfa.o
         0          0          0          4          0          0   stdout.o
       112          0          0          0          0         88   strtol.o
        44          0          0          0          0         80   uidiv.o
        98          0          0          0          0         92   uldiv.o
        48          0          0          0          0         68   cdrcmple.o
       334          0          0          0          0        148   dadd.o
       222          0          0          0          0        100   ddiv.o
       186          0          0          0          0        176   depilogue.o
        48          0          0          0          0         68   dfixul.o
       228          0          0          0          0         96   dmul.o
        38          0          0          0          0         68   f2d.o

    ----------------------------------------------------------------------
      4244        114        135          8          0       2348   Library Totals
         4          0          2          0          0          0   (incl. Padding)

    ----------------------------------------------------------------------

      Code (inc. data)   RO Data    RW Data    ZI Data      Debug   Library Name

      3136        114        133          8          0       1624   mc_w.l
      1104          0          0          0          0        724   mf_w.l

    ----------------------------------------------------------------------
      4244        114        135          8          0       2348   Library Totals

    ----------------------------------------------------------------------

==============================================================================


      Code (inc. data)   RO Data    RW Data    ZI Data      Debug   

     81880       6070       2244        484     450452     902020   Grand Totals
     81880       6070       2244         56     450452     902020   ELF Image Totals (compressed)
     81880       6070       2244         56          0          0   ROM Totals

==============================================================================

    Total RO  Size (Code + RO Data)                84124 (  82.15kB)
    Total RW  Size (RW Data + ZI Data)            450936 ( 440.37kB)
    Total ROM Size (Code + RO Data + RW Data)      84180 (  82.21kB)

==============================================================================

