Component: ARM Compiler 5.06 update 6 (build 750) Tool: armlink [4d35ed]

==============================================================================

Section Cross References

    adc_sample.o(i.Adc_Cache_Clear) refers to queue.o(i.xQueueSemaphoreTake) for xQueueSemaphoreTake
    adc_sample.o(i.Adc_Cache_Clear) refers to queue.o(i.xQueueGenericSend) for xQueueGenericSend
    adc_sample.o(i.Adc_Cache_Get_Count) refers to queue.o(i.xQueueSemaphoreTake) for xQueueSemaphoreTake
    adc_sample.o(i.Adc_Cache_Get_Count) refers to queue.o(i.xQueueGenericSend) for xQueueGenericSend
    adc_sample.o(i.Adc_Cache_Init) refers to queue.o(i.xQueueCreateMutex) for xQueueCreateMutex
    adc_sample.o(i.Adc_Cache_Read_Batch) refers to queue.o(i.xQueueSemaphoreTake) for xQueueSemaphoreTake
    adc_sample.o(i.Adc_Cache_Read_Batch) refers to memmovea.o(.text) for __aeabi_memcpy
    adc_sample.o(i.Adc_Cache_Read_Batch) refers to queue.o(i.xQueueGenericSend) for xQueueGenericSend
    adc_sample.o(i.Adc_Cache_Read_One) refers to queue.o(i.xQueueSemaphoreTake) for xQueueSemaphoreTake
    adc_sample.o(i.Adc_Cache_Read_One) refers to memmovea.o(.text) for __aeabi_memcpy
    adc_sample.o(i.Adc_Cache_Read_One) refers to queue.o(i.xQueueGenericSend) for xQueueGenericSend
    adc_sample.o(i.Adc_Cache_Write_Batch) refers to queue.o(i.xQueueSemaphoreTake) for xQueueSemaphoreTake
    adc_sample.o(i.Adc_Cache_Write_Batch) refers to memmovea.o(.text) for __aeabi_memcpy
    adc_sample.o(i.Adc_Cache_Write_Batch) refers to queue.o(i.xQueueGenericSend) for xQueueGenericSend
    adc_sample.o(i.Adc_Cache_Write_One) refers to queue.o(i.xQueueSemaphoreTake) for xQueueSemaphoreTake
    adc_sample.o(i.Adc_Cache_Write_One) refers to memmovea.o(.text) for __aeabi_memcpy
    adc_sample.o(i.Adc_Cache_Write_One) refers to queue.o(i.xQueueGenericSend) for xQueueGenericSend
    adc_sample.o(i.Adc_Check_Alarm) refers to memseta.o(.text) for __aeabi_memclr4
    adc_sample.o(i.Adc_Check_Alarm) refers to queue.o(i.xQueueSemaphoreTake) for xQueueSemaphoreTake
    adc_sample.o(i.Adc_Check_Alarm) refers to queue.o(i.xQueueGenericSend) for xQueueGenericSend
    adc_sample.o(i.Adc_Check_Alarm) refers to uldiv.o(.text) for __aeabi_uldivmod
    adc_sample.o(i.Adc_Check_Alarm) refers to queue.o(i.xQueueGiveFromISR) for xQueueGiveFromISR
    adc_sample.o(i.Adc_Check_Alarm) refers to msg_parse.o(.bss) for g_ConfigInfo
    adc_sample.o(i.Adc_Check_Alarm) refers to adc_sample.o(.bss) for g_AlarmNotify
    adc_sample.o(i.Adc_Clear_Alarm) refers to queue.o(i.xQueueSemaphoreTake) for xQueueSemaphoreTake
    adc_sample.o(i.Adc_Clear_Alarm) refers to gd32f4xx_gpio.o(i.gpio_bit_set) for gpio_bit_set
    adc_sample.o(i.Adc_Clear_Alarm) refers to queue.o(i.xQueueGenericSend) for xQueueGenericSend
    adc_sample.o(i.Adc_Clear_Alarm) refers to adc_sample.o(.bss) for g_AlarmNotify
    adc_sample.o(i.Adc_Save_Alarm) refers to memseta.o(.text) for __aeabi_memclr4
    adc_sample.o(i.Adc_Save_Alarm) refers to queue.o(i.xQueueSemaphoreTake) for xQueueSemaphoreTake
    adc_sample.o(i.Adc_Save_Alarm) refers to queue.o(i.xQueueGenericSend) for xQueueGenericSend
    adc_sample.o(i.Adc_Save_Alarm) refers to queue.o(i.xQueueGiveFromISR) for xQueueGiveFromISR
    adc_sample.o(i.Adc_Save_Alarm) refers to adc_sample.o(.bss) for g_AlarmNotify
    adc_sample.o(i.Alarm_Notify_Init) refers to queue.o(i.xQueueCreateMutex) for xQueueCreateMutex
    adc_sample.o(i.Alarm_Notify_Init) refers to queue.o(i.xQueueGenericCreate) for xQueueGenericCreate
    adc_sample.o(i.Alarm_Notify_Init) refers to queue.o(i.vQueueDelete) for vQueueDelete
    adc_sample.o(i.TimeSync_Get_Absolute_Time) refers to queue.o(i.xQueueSemaphoreTake) for xQueueSemaphoreTake
    adc_sample.o(i.TimeSync_Get_Absolute_Time) refers to uldiv.o(.text) for __aeabi_uldivmod
    adc_sample.o(i.TimeSync_Get_Absolute_Time) refers to queue.o(i.xQueueGenericSend) for xQueueGenericSend
    adc_sample.o(i.TimeSync_Get_Absolute_Time) refers to adc_sample.o(.bss) for g_TimeSync
    adc_sample.o(i.adc_sample_start) refers to adc_sample.o(i.Alarm_Notify_Init) for Alarm_Notify_Init
    adc_sample.o(i.adc_sample_start) refers to adc_sample.o(i.Adc_Cache_Init) for Adc_Cache_Init
    adc_sample.o(i.adc_sample_start) refers to rtt_log.o(i.APP_PRINTF) for APP_PRINTF
    adc_sample.o(i.adc_sample_start) refers to tasks.o(i.xTaskCreate) for xTaskCreate
    adc_sample.o(i.adc_sample_start) refers to adc_sample.o(.bss) for g_AlarmNotify
    adc_sample.o(i.adc_sample_start) refers to adc_sample.o(.data) for TimeSyncTask_Handle
    adc_sample.o(i.adc_sample_start) refers to adc_sample.o(i.time_sync_task) for time_sync_task
    adc_sample.o(i.adc_sample_start) refers to adc_sample.o(i.sample_task) for sample_task
    adc_sample.o(i.sample_task) refers to bsp_timer.o(i.timer0_start) for timer0_start
    adc_sample.o(i.sample_task) refers to tasks.o(i.ulTaskGenericNotifyTake) for ulTaskGenericNotifyTake
[...]
    tcp_active_pcbs_changed                  0x20000164   Data           1  tcp.o(.data)
    tcp_input_pcb                            0x20000190   Data           4  tcp_in.o(.data)
    udp_pcbs                                 0x200001a4   Data           4  udp.o(.data)
    g_rx_semaphore                           0x200001b8   Data           4  ethernetif.o(.data)
    g_localtime                              0x200001c0   Data           4  sys_arch.o(.data)
    errno                                    0x200001c4   Data           4  sys_arch.o(.data)
    ip_address                               0x200001c8   Data           4  sys_arch.o(.data)
    __stdout                                 0x200001cc   Data           4  stdout.o(.data)
    g_TimeSync                               0x200001d4   Data          24  adc_sample.o(.bss)
    g_AlarmNotify                            0x200001ec   Data          20  adc_sample.o(.bss)
    g_AdcItemCache                           0x20000200   Data       32016  adc_sample.o(.bss)
    g_ConfigInfo                             0x20007f10   Data          53  msg_parse.o(.bss)
    g_TcpServerHandle                        0x20008950   Data          96  msg_parse.o(.bss)
    g_AdcObject                              0x2000bf34   Data         540  storage_manage.o(.bss)
    g_AlarmObject                            0x2000c150   Data          36  storage_manage.o(.bss)
    rxdesc_tab                               0x2002ce74   Data          80  gd32f4xx_enet.o(.bss)
    txdesc_tab                               0x2002cec4   Data          80  gd32f4xx_enet.o(.bss)
    rx_buff                                  0x2002cf14   Data        7620  gd32f4xx_enet.o(.bss)
    tx_buff                                  0x2002ecd8   Data        7620  gd32f4xx_enet.o(.bss)
    MyEmmcCardInfo                           0x20030ad8   Data          16  bsp_emmc.o(.bss)
    sEmmcTempBuff                            0x20030ae8   Data         512  bsp_emmc.o(.bss)
    ip_data                                  0x2003adf0   Data          24  ip.o(.bss)
    ram_heap                                 0x2003ae08   Data       15379  mem.o(.bss)
    memp_memory_UDP_PCB_base                 0x2003ea1b   Data         131  memp.o(.bss)
    memp_memory_TCP_PCB_base                 0x2003ea9e   Data         915  memp.o(.bss)
    memp_memory_TCP_PCB_LISTEN_base          0x2003ee31   Data         171  memp.o(.bss)
    memp_memory_TCP_SEG_base                 0x2003eedc   Data        2403  memp.o(.bss)
    memp_memory_REASSDATA_base               0x2003f83f   Data         163  memp.o(.bss)
    memp_memory_FRAG_PBUF_base               0x2003f8e2   Data         363  memp.o(.bss)
    memp_memory_NETBUF_base                  0x2003fa4d   Data          35  memp.o(.bss)
    memp_memory_NETCONN_base                 0x2003fa70   Data         163  memp.o(.bss)
    memp_memory_TCPIP_MSG_API_base           0x2003fb13   Data         131  memp.o(.bss)
    memp_memory_TCPIP_MSG_INPKT_base         0x2003fb96   Data         131  memp.o(.bss)
    memp_memory_SYS_TIMEOUT_base             0x2003fc19   Data          99  memp.o(.bss)
    memp_memory_PBUF_base                    0x2003fc7c   Data         403  memp.o(.bss)
    memp_memory_PBUF_POOL_base               0x2003fe0f   Data       68943  memp.o(.bss)
    lwip_netif                               0x20050c70   Data          48  sys_arch.o(.bss)
    _SEGGER_RTT                              0x20050da0   Data         168  segger_rtt.o(.bss)
    __initial_sp                             0x20052258   Data           0  startup_gd32f450_470.o(STACK)



==============================================================================

Memory Map of the image

  Image Entry point : 0x080001ad

  Load Region LR_IROM1 (Base: 0x08000000, Size: 0x00013fe4, Max: 0x00100000, ABSOLUTE, COMPRESSED[0x00013e40])

    Execution Region ER_IROM1 (Exec base: 0x08000000, Load base: 0x08000000, Size: 0x00013e10, Max: 0x00100000, ABSOLUTE)

    Exec Addr    Load Addr    Size         Type   Attr      Idx    E Section Name        Object

    0x08000000   0x08000000   0x000001ac   Data   RO         6550    RESET               startup_gd32f450_470.o
    0x080001ac   0x080001ac   0x00000000   Code   RO        11918  * .ARM.Collect$$$$00000000  mc_w.l(entry.o)
    0x080001ac   0x080001ac   0x00000004   Code   RO        12236    .ARM.Collect$$$$00000001  mc_w.l(entry2.o)
    0x080001b0   0x080001b0   0x00000004   Code   RO        12239    .ARM.Collect$$$$00000004  mc_w.l(entry5.o)
    0x080001b4   0x080001b4   0x00000000   Code   RO        12241    .ARM.Collect$$$$00000008  mc_w.l(entry7b.o)
    0x080001b4   0x080001b4   0x00000000   Code   RO        12243    .ARM.Collect$$$$0000000A  mc_w.l(entry8b.o)
    0x080001b4   0x080001b4   0x00000008   Code   RO        12244    .ARM.Collect$$$$0000000B  mc_w.l(entry9a.o)
    0x080001bc   0x080001bc   0x00000000   Code   RO        12246    .ARM.Collect$$$$0000000D  mc_w.l(entry10a.o)
    0x080001bc   0x080001bc   0x00000000   Code   RO        12248    .ARM.Collect$$$$0000000F  mc_w.l(entry11a.o)
    0x080001bc   0x080001bc   0x00000004   Code   RO        12237    .ARM.Collect$$$$00002712  mc_w.l(entry2.o)
    0x080001c0   0x080001c0   0x000000be   Code   RO         8183    .emb_text           port.o
    0x0800027e   0x0800027e   0x00000002   PAD
    0x08000280   0x08000280   0x00000024   Code   RO         6551    .text               startup_gd32f450_470.o
    0x080002a4   0x080002a4   0x00000062   Code   RO        11921    .text               mc_w.l(uldiv.o)
    0x08000306   0x08000306   0x00000002   PAD
    0x08000308   0x08000308   0x00000008   Code   RO        11923    .text               mc_w.l(ctype_o.o)
    0x08000310   0x08000310   0x00000040   Code   RO        11953    .text               mc_w.l(memmovea.o)
    0x08000350   0x08000350   0x00000024   Code   RO        11955    .text               mc_w.l(memseta.o)
    0x08000374   0x08000374   0x0000001a   Code   RO        11959    .text               mc_w.l(memcmp.o)
    0x0800038e   0x0800038e   0x0000001a   Code   RO        12228    .text               mc_w.l(atoi.o)
    0x080003a8   0x080003a8   0x000000e4   Code   RO        12230    .text               mf_w.l(dmul.o)
    0x0800048c   0x0800048c   0x0000002c   Code   RO        12251    .text               mc_w.l(uidiv.o)
    0x080004b8   0x080004b8   0x0000001e   Code   RO        12253    .text               mc_w.l(llshl.o)
    0x080004d6   0x080004d6   0x00000020   Code   RO        12255    .text               mc_w.l(llushr.o)
    0x080004f6   0x080004f6   0x00000070   Code   RO        12264    .text               mc_w.l(strtol.o)
    0x08000566   0x08000566   0x00000000   Code   RO        12266    .text               mc_w.l(iusefp.o)
    0x08000566   0x08000566   0x000000ba   Code   RO        12269    .text               mf_w.l(depilogue.o)
    0x08000620   0x08000620   0x0000014e   Code   RO        12271    .text               mf_w.l(dadd.o)
    0x0800076e   0x0800076e   0x000000de   Code   RO        12273    .text               mf_w.l(ddiv.o)
    0x0800084c   0x0800084c   0x00000030   Code   RO        12275    .text               mf_w.l(dfixul.o)
    0x0800087c   0x0800087c   0x00000030   Code   RO        12277    .text               mf_w.l(cdrcmple.o)
    0x080008ac   0x080008ac   0x00000024   Code   RO        12279    .text               mc_w.l(init.o)
    0x080008d0   0x080008d0   0x00000024   Code   RO        12281    .text               mc_w.l(llsshr.o)
    0x080008f4   0x080008f4   0x0000009e   Code   RO        12283    .text               mc_w.l(_strtoul.o)
    0x08000992   0x08000992   0x0000001c   Code   RO        12285    .text               mc_w.l(_chval.o)
    0x080009ae   0x080009ae   0x0000003a   Code   RO        12295    .text               mc_w.l(__dczerorl.o)
    0x080009e8   0x080009e8   0x00000048   Code   RO        11633    i.APP_PRINTF        rtt_log.o
    0x08000a30   0x08000a30   0x00000038   Code   RO            4    i.Adc_Cache_Get_Count  adc_sample.o
    0x08000a68   0x08000a68   0x00000034   Code   RO            5    i.Adc_Cache_Init    adc_sample.o
    0x08000a9c   0x08000a9c   0x000000ce   Code   RO            6    i.Adc_Cache_Read_Batch  adc_sample.o
    0x08000b6a   0x08000b6a   0x00000084   Code   RO            9    i.Adc_Cache_Write_One  adc_sample.o
    0x08000bee   0x08000bee   0x00000002   PAD
    0x08000bf0   0x08000bf0   0x00000224   Code   RO           10    i.Adc_Check_Alarm   adc_sample.o
    0x08000e14   0x08000e14   0x000000a8   Code   RO           11    i.Adc_Clear_Alarm   adc_sample.o
    0x08000ebc   0x08000ebc   0x0000008c   Code   RO          749    i.Adc_Object_Init   storage_manage.o
    0x08000f48   0x08000f48   0x0000009c   Code   RO           12    i.Adc_Save_Alarm    adc_sample.o
    0x08000fe4   0x08000fe4   0x0000004c   Code   RO           13    i.Alarm_Notify_Init  adc_sample.o
    0x08001030   0x08001030   0x0000008c   Code   RO          750    i.Alarm_Object_Init  storage_manage.o
    0x080010bc   0x080010bc   0x00000004   Code   RO          481    i.BusFault_Handler  gd32f4xx_it.o
    0x080010c0   0x080010c0   0x0000002c   Code   RO         6808    i.CmdError          bsp_emmc.o
    0x080010ec   0x080010ec   0x00000124   Code   RO         6809    i.CmdResp1Error     bsp_emmc.o
    0x08001210   0x08001210   0x0000004c   Code   RO         6810    i.CmdResp2Error     bsp_emmc.o
    0x0800125c   0x0800125c   0x00000038   Code   RO         6811    i.CmdResp3Error     bsp_emmc.o
    0x08001294   0x08001294   0x000000a0   Code   RO         6812    i.CmdResp6Error     bsp_emmc.o
    0x08001334   0x08001334   0x00000020   Code   RO         6710    i.DI_init           q468v1.o
    0x08001354   0x08001354   0x00000008   Code   RO         6814    i.DMA1_Channel6_IRQHandler  bsp_emmc.o
    0x0800135c   0x0800135c   0x0000008c   Code   RO         6754    i.DS18B20_Check     bsp_ds18b20.o
    0x080013e8   0x080013e8   0x00000034   Code   RO         6755    i.DS18B20_GPIO_Init  bsp_ds18b20.o
    0x0800141c   0x0800141c   0x00000004   Code   RO          482    i.DebugMon_Handler  gd32f4xx_it.o
    0x08001420   0x08001420   0x00000058   Code   RO          483    i.ENET_IRQHandler   gd32f4xx_it.o
    0x08001478   0x08001478   0x0000001c   Code   RO         6816    i.EmmcDeviceInit    bsp_emmc.o
    0x08001494   0x08001494   0x00000028   Code   RO         6817    i.EmmcDmaIrq        bsp_emmc.o
    0x080014bc   0x080014bc   0x000000b8   Code   RO         6818    i.EmmcEnWideBus     bsp_emmc.o
    0x08001574   0x08001574   0x00000050   Code   RO         6819    i.EmmcEnableWideBusOperation  bsp_emmc.o
    0x080015c4   0x080015c4   0x0000003c   Code   RO         6821    i.EmmcGetCardInfo   bsp_emmc.o
    0x08001600   0x08001600   0x0000001a   Code   RO         6822    i.EmmcGetState      bsp_emmc.o
    0x0800161a   0x0800161a   0x00000026   Code   RO         6823    i.EmmcGetStatus     bsp_emmc.o
    0x08001640   0x08001640   0x000001a8   Code   RO         6824    i.EmmcGpioConfiguration  bsp_emmc.o
    0x080017e8   0x080017e8   0x00000084   Code   RO         6825    i.EmmcInit          bsp_emmc.o
    0x0800186c   0x0800186c   0x000000a8   Code   RO         6826    i.EmmcInitializeCards  bsp_emmc.o
    0x08001914   0x08001914   0x00000084   Code   RO         6827    i.EmmcLowLevelDMARxConfig  bsp_emmc.o
    0x08001998   0x08001998   0x00000084   Code   RO         6828    i.EmmcLowLevelDMATxConfig  bsp_emmc.o
    0x08001a1c   0x08001a1c   0x00000094   Code   RO         6829    i.EmmcPowerON       bsp_emmc.o
    0x08001ab0   0x08001ab0   0x00000114   Code   RO         6831    i.EmmcReadExtCsd    bsp_emmc.o
    0x08001bc4   0x08001bc4   0x000000f0   Code   RO         6832    i.EmmcReadMultiBlocks  bsp_emmc.o
    0x08001cb4   0x08001cb4   0x0000004e   Code   RO         6834    i.EmmcSdioCfg       bsp_emmc.o
    0x08001d02   0x08001d02   0x0000003c   Code   RO         6835    i.EmmcSdioCmdCfg    bsp_emmc.o
    0x08001d3e   0x08001d3e   0x00000002   PAD
    0x08001d40   0x08001d40   0x000000a4   Code   RO         6836    i.EmmcSdioIrq       bsp_emmc.o
    0x08001de4   0x08001de4   0x0000001c   Code   RO         6837    i.EmmcSelectDeselect  bsp_emmc.o
    0x08001e00   0x08001e00   0x00000032   Code   RO         6838    i.EmmcSendStatus    bsp_emmc.o
    0x08001e32   0x08001e32   0x00000002   PAD
    0x08001e34   0x08001e34   0x00000078   Code   RO         6840    i.EmmcWaitReadOperation  bsp_emmc.o
    0x08001eac   0x08001eac   0x00000064   Code   RO         6841    i.EmmcWaitWriteOperation  bsp_emmc.o
    0x08001f10   0x08001f10   0x00000118   Code   RO         6842    i.EmmcWriteMultiBlocks  bsp_emmc.o
    0x08002028   0x08002028   0x00000004   Code   RO          484    i.HardFault_Handler  gd32f4xx_it.o
    0x0800202c   0x0800202c   0x00000088   Code   RO         7238    i.I2C_Driver_Init   bsp_i2c.o
    0x080020b4   0x080020b4   0x000000fa   Code   RO         7239    i.I2C_Driver_Read   bsp_i2c.o
    0x080021ae   0x080021ae   0x000000ae   Code   RO         7240    i.I2C_Driver_Write  bsp_i2c.o
    0x0800225c   0x0800225c   0x00000164   Code   RO         6843    i.IsCardProgramming  bsp_emmc.o
    0x080023c0   0x080023c0   0x00000004   Code   RO          485    i.MemManage_Handler  gd32f4xx_it.o
    0x080023c4   0x080023c4   0x00000004   Code   RO          486    i.NMI_Handler       gd32f4xx_it.o
    0x080023c8   0x080023c8   0x00000028   Code   RO          875    i.NVIC_SetPriority  systick.o
    0x080023f0   0x080023f0   0x00000008   Code   RO         6844    i.SDIO_IRQHandler   bsp_emmc.o
    0x080023f8   0x080023f8   0x00000078   Code   RO        11656    i.SEGGER_RTT_ConfigUpBuffer  segger_rtt.o
    0x08002470   0x08002470   0x0000004c   Code   RO        11678    i.SEGGER_RTT_Write  segger_rtt.o
    0x080024bc   0x080024bc   0x00000084   Code   RO        11681    i.SEGGER_RTT_WriteNoLock  segger_rtt.o
    0x08002540   0x08002540   0x00000118   Code   RO          752    i.Storage_Read_AdcData  storage_manage.o
    0x08002658   0x08002658   0x000000aa   Code   RO          753    i.Storage_Read_AlarmInfo  storage_manage.o
    0x08002702   0x08002702   0x00000070   Code   RO          754    i.Storage_Read_AlarmMsg  storage_manage.o
    0x08002772   0x08002772   0x00000002   PAD
    0x08002774   0x08002774   0x00000184   Code   RO          755    i.Storage_Write_AdcData  storage_manage.o
    0x080028f8   0x080028f8   0x000000b8   Code   RO          756    i.Storage_Write_AlarmInfo  storage_manage.o
    0x080029b0   0x080029b0   0x0000004e   Code   RO          757    i.Storage_Write_AlarmMsg  storage_manage.o
    0x080029fe   0x080029fe   0x00000014   Code   RO          487    i.SysTick_Handler   gd32f4xx_it.o
    0x08002a12   0x08002a12   0x00000002   PAD
    0x08002a14   0x08002a14   0x0000017c   Code   RO         1018    i.SystemInit        system_gd32f4xx.o
    0x08002b90   0x08002b90   0x00000020   Code   RO         7200    i.TIMER0_UP_TIMER9_IRQHandler  bsp_timer.o
    0x08002bb0   0x08002bb0   0x00000064   Code   RO           14    i.TimeSync_Get_Absolute_Time  adc_sample.o
    0x08002c14   0x08002c14   0x00000004   Code   RO          488    i.UsageFault_Handler  gd32f4xx_it.o
    0x08002c18   0x08002c18   0x00000070   Code   RO        11685    i._DoInit           segger_rtt.o
    0x08002c88   0x08002c88   0x0000001c   Code   RO        11686    i._GetAvailWriteSpace  segger_rtt.o
    0x08002ca4   0x08002ca4   0x00000076   Code   RO        11688    i._WriteBlocking    segger_rtt.o
    0x08002d1a   0x08002d1a   0x00000058   Code   RO        11689    i._WriteNoCheck     segger_rtt.o
    0x08002d72   0x08002d72   0x00000002   PAD
    0x08002d74   0x08002d74   0x00000020   Code   RO        12200    i.__0printf         mc_w.l(printfa.o)
    0x08002d94   0x08002d94   0x0000002c   Code   RO        12205    i.__0vsnprintf      mc_w.l(printfa.o)
    0x08002dc0   0x08002dc0   0x00000008   Code   RO        12257    i.__aeabi_errno_addr  mc_w.l(errno.o)
    0x08002dc8   0x08002dc8   0x0000000e   Code   RO        12289    i.__scatterload_copy  mc_w.l(handlers.o)
    0x08002dd6   0x08002dd6   0x00000002   Code   RO        12290    i.__scatterload_null  mc_w.l(handlers.o)
    0x08002dd8   0x08002dd8   0x0000000e   Code   RO        12291    i.__scatterload_zeroinit  mc_w.l(handlers.o)
    0x08002de6   0x08002de6   0x00000002   PAD
    0x08002de8   0x08002de8   0x00000184   Code   RO        12207    i._fp_digits        mc_w.l(printfa.o)
    0x08002f6c   0x08002f6c   0x000006dc   Code   RO        12208    i._printf_core      mc_w.l(printfa.o)
    0x08003648   0x08003648   0x00000024   Code   RO        12209    i._printf_post_padding  mc_w.l(printfa.o)
    0x0800366c   0x0800366c   0x0000002e   Code   RO        12210    i._printf_pre_padding  mc_w.l(printfa.o)
    0x0800369a   0x0800369a   0x00000016   Code   RO        12211    i._snputc           mc_w.l(printfa.o)
    0x080036b0   0x080036b0   0x0000001c   Code   RO         1019    i._soft_delay_      system_gd32f4xx.o
    0x080036cc   0x080036cc   0x000000fc   Code   RO         8722    i.accept_function   api_msg.o
    0x080037c8   0x080037c8   0x000000a4   Code   RO           15    i.adc_sample_start  adc_sample.o
    0x0800386c   0x0800386c   0x000000fc   Code   RO          758    i.alarm_task        storage_manage.o
    0x08003968   0x08003968   0x00000084   Code   RO         9057    i.alloc_socket      sockets.o
    0x080039ec   0x080039ec   0x00000034   Code   RO          412    i.app_task          app_task.o
    0x08003a20   0x08003a20   0x00000014   Code   RO          940    i.bcd_to_dec        utils.o
    0x08003a34   0x08003a34   0x0000008e   Code   RO          629    i.calculateDayOfWeek  msg_parse.o
    0x08003ac2   0x08003ac2   0x0000001c   Code   RO          630    i.checkSum_8        msg_parse.o
    0x08003ade   0x08003ade   0x00000002   PAD
    0x08003ae0   0x08003ae0   0x000000bc   Code   RO         6557    i.cm2248_init       bsp_cm2248.o
    0x08003b9c   0x08003b9c   0x00000020   Code   RO         6559    i.cm2248_reset      bsp_cm2248.o
    0x08003bbc   0x08003bbc   0x00000030   Code   RO         6560    i.cm2248_start_conv  bsp_cm2248.o
    0x08003bec   0x08003bec   0x0000004c   Code   RO         6561    i.cm2248_start_read_data  bsp_cm2248.o
    0x08003c38   0x08003c38   0x000000b4   Code   RO          941    i.datetime_to_timestamp  utils.o
    0x08003cec   0x08003cec   0x0000006e   Code   RO          942    i.deQueue           utils.o
    0x08003d5a   0x08003d5a   0x0000001a   Code   RO          943    i.dec_to_bcd        utils.o
    0x08003d74   0x08003d74   0x00000024   Code   RO          876    i.delay_decrement   systick.o
    0x08003d98   0x08003d98   0x00000028   Code   RO          878    i.delay_ms_nop      systick.o
    0x08003dc0   0x08003dc0   0x00000024   Code   RO          879    i.delay_us_nop      systick.o
    0x08003de4   0x08003de4   0x0000000c   Code   RO         7275    i.dev_addr_with_block  bsp_fm24c02.o
    0x08003df0   0x08003df0   0x00000020   Code   RO         2107    i.dma_channel_disable  gd32f4xx_dma.o
    0x08003e10   0x08003e10   0x00000020   Code   RO         2108    i.dma_channel_enable  gd32f4xx_dma.o
    0x08003e30   0x08003e30   0x00000026   Code   RO         2109    i.dma_channel_subperipheral_select  gd32f4xx_dma.o
    0x08003e56   0x08003e56   0x000000a6   Code   RO         2112    i.dma_deinit        gd32f4xx_dma.o
    0x08003efc   0x08003efc   0x0000003e   Code   RO         2114    i.dma_flag_clear    gd32f4xx_dma.o
    0x08003f3a   0x08003f3a   0x0000003e   Code   RO         2118    i.dma_interrupt_enable  gd32f4xx_dma.o
    0x08003f78   0x08003f78   0x0000003e   Code   RO         2119    i.dma_interrupt_flag_clear  gd32f4xx_dma.o
    0x08003fb6   0x08003fb6   0x00000204   Code   RO         2120    i.dma_interrupt_flag_get  gd32f4xx_dma.o
    0x080041ba   0x080041ba   0x00000002   PAD
    0x080041bc   0x080041bc   0x00000158   Code   RO         2132    i.dma_single_data_mode_init  gd32f4xx_dma.o
    0x08004314   0x08004314   0x00000028   Code   RO         9811    i.do_memp_free_pool  memp.o
    0x0800433c   0x0800433c   0x0000002e   Code   RO         9812    i.do_memp_malloc_pool  memp.o
    0x0800436a   0x0800436a   0x0000003c   Code   RO         7276    i.eeprom_ack_poll   bsp_fm24c02.o
    0x080043a6   0x080043a6   0x00000002   PAD
    0x080043a8   0x080043a8   0x000000cc   Code   RO         6845    i.emmc_erasemultiblock  bsp_emmc.o
    0x08004474   0x08004474   0x0000005c   Code   RO         6847    i.emmcdriveinit     bsp_emmc.o
    0x080044d0   0x080044d0   0x0000005e   Code   RO         6848    i.emmcerasewriteblocks  bsp_emmc.o
    0x0800452e   0x0800452e   0x00000002   PAD
    0x08004530   0x08004530   0x00000014   Code   RO         6849    i.emmcgetcapacity   bsp_emmc.o
    0x08004544   0x08004544   0x00000042   Code   RO         6851    i.emmcreadblocks    bsp_emmc.o
    0x08004586   0x08004586   0x00000062   Code   RO          944    i.enQueue           utils.o
    0x080045e8   0x080045e8   0x00000068   Code   RO         2324    i.enet_default_init  gd32f4xx_enet.o
    0x08004650   0x08004650   0x00000018   Code   RO         2325    i.enet_deinit       gd32f4xx_enet.o
    0x08004668   0x08004668   0x00000018   Code   RO         2326    i.enet_delay        gd32f4xx_enet.o
    0x08004680   0x08004680   0x00000064   Code   RO         2330    i.enet_desc_information_get  gd32f4xx_enet.o
    0x080046e4   0x080046e4   0x000000c8   Code   RO         2332    i.enet_descriptors_chain_init  gd32f4xx_enet.o
    0x080047ac   0x080047ac   0x0000000c   Code   RO         2339    i.enet_enable       gd32f4xx_enet.o
    0x080047b8   0x080047b8   0x000000f8   Code   RO         2349    i.enet_frame_receive  gd32f4xx_enet.o
    0x080048b0   0x080048b0   0x000000cc   Code   RO         2350    i.enet_frame_transmit  gd32f4xx_enet.o
    0x0800497c   0x0800497c   0x000001a4   Code   RO         8323    i.enet_gpio_config  bsp_eth.o
    0x08004b20   0x08004b20   0x000003c8   Code   RO         2351    i.enet_init         gd32f4xx_enet.o
    0x08004ee8   0x08004ee8   0x00000028   Code   RO         2353    i.enet_initpara_reset  gd32f4xx_enet.o
    0x08004f10   0x08004f10   0x00000048   Code   RO         2355    i.enet_interrupt_enable  gd32f4xx_enet.o
    0x08004f58   0x08004f58   0x00000018   Code   RO         2356    i.enet_interrupt_flag_clear  gd32f4xx_enet.o
    0x08004f70   0x08004f70   0x00000024   Code   RO         2357    i.enet_interrupt_flag_get  gd32f4xx_enet.o
    0x08004f94   0x08004f94   0x00000030   Code   RO         2359    i.enet_mac_address_set  gd32f4xx_enet.o
    0x08004fc4   0x08004fc4   0x000001e4   Code   RO         8324    i.enet_mac_dma_config  bsp_eth.o
    0x080051a8   0x080051a8   0x000000d8   Code   RO         2369    i.enet_phy_config   gd32f4xx_enet.o
    0x08005280   0x08005280   0x0000009c   Code   RO         2370    i.enet_phy_write_read  gd32f4xx_enet.o
    0x0800531c   0x0800531c   0x0000000a   Code   RO         2388    i.enet_rx_desc_immediate_receive_complete_interrupt  gd32f4xx_enet.o
    0x08005326   0x08005326   0x00000002   PAD
    0x08005328   0x08005328   0x00000024   Code   RO         2390    i.enet_rx_enable    gd32f4xx_enet.o
    0x0800534c   0x0800534c   0x0000003c   Code   RO         2394    i.enet_software_reset  gd32f4xx_enet.o
    0x08005388   0x08005388   0x000002e8   Code   RO         8325    i.enet_system_setup  bsp_eth.o
    0x08005670   0x08005670   0x00000010   Code   RO         2395    i.enet_transmit_checksum_config  gd32f4xx_enet.o
    0x08005680   0x08005680   0x00000028   Code   RO         2397    i.enet_tx_enable    gd32f4xx_enet.o
    0x080056a8   0x080056a8   0x00000034   Code   RO         2398    i.enet_txfifo_flush  gd32f4xx_enet.o
    0x080056dc   0x080056dc   0x000000e6   Code   RO         8723    i.err_tcp           api_msg.o
    0x080057c2   0x080057c2   0x00000002   PAD
    0x080057c4   0x080057c4   0x00000020   Code   RO         8914    i.err_to_errno      err.o
    0x080057e4   0x080057e4   0x00000178   Code   RO        11065    i.etharp_find_entry  etharp.o
    0x0800595c   0x0800595c   0x00000040   Code   RO        11066    i.etharp_free_entry  etharp.o
    0x0800599c   0x0800599c   0x000000d2   Code   RO        11068    i.etharp_input      etharp.o
    0x08005a6e   0x08005a6e   0x00000002   PAD
    0x08005a70   0x08005a70   0x00000154   Code   RO        11069    i.etharp_output     etharp.o
    0x08005bc4   0x08005bc4   0x000000b8   Code   RO        11070    i.etharp_output_to_arp_index  etharp.o
    0x08005c7c   0x08005c7c   0x00000194   Code   RO        11071    i.etharp_query      etharp.o
    0x08005e10   0x08005e10   0x0000009a   Code   RO        11072    i.etharp_raw        etharp.o
    0x08005eaa   0x08005eaa   0x00000002   PAD
    0x08005eac   0x08005eac   0x00000018   Code   RO        11073    i.etharp_request    etharp.o
    0x08005ec4   0x08005ec4   0x0000002c   Code   RO        11074    i.etharp_request_dst  etharp.o
    0x08005ef0   0x08005ef0   0x000000dc   Code   RO        11075    i.etharp_tmr        etharp.o
    0x08005fcc   0x08005fcc   0x000000c0   Code   RO        11076    i.etharp_update_arp_entry  etharp.o
    0x0800608c   0x0800608c   0x000000c4   Code   RO        11368    i.ethernet_input    ethernet.o
    0x08006150   0x08006150   0x00000056   Code   RO        11369    i.ethernet_output   ethernet.o
    0x080061a6   0x080061a6   0x00000002   PAD
    0x080061a8   0x080061a8   0x000000dc   Code   RO        11394    i.ethernetif_init   ethernetif.o
    0x08006284   0x08006284   0x00000050   Code   RO        11395    i.ethernetif_input  ethernetif.o
    0x080062d4   0x080062d4   0x000000f4   Code   RO         9058    i.event_callback    sockets.o
    0x080063c8   0x080063c8   0x00000070   Code   RO         7277    i.fm24c_init        bsp_fm24c02.o
    0x08006438   0x08006438   0x0000008a   Code   RO         7278    i.fm24c_read        bsp_fm24c02.o
    0x080064c2   0x080064c2   0x00000092   Code   RO         7280    i.fm24c_write       bsp_fm24c02.o
    0x08006554   0x08006554   0x00000024   Code   RO          566    i.fputc             main.o
    0x08006578   0x08006578   0x00000032   Code   RO         9059    i.free_socket       sockets.o
    0x080065aa   0x080065aa   0x00000026   Code   RO         9060    i.free_socket_free_elements  sockets.o
    0x080065d0   0x080065d0   0x00000018   Code   RO         9061    i.free_socket_locked  sockets.o
    0x080065e8   0x080065e8   0x0000002c   Code   RO         6601    i.gd55b01ge_enter_4byte_addr_mode  bsp_gd55b01.o
    0x08006614   0x08006614   0x0000002c   Code   RO         6604    i.gd55b01ge_erase_chip  bsp_gd55b01.o
    0x08006640   0x08006640   0x0000001c   Code   RO         6607    i.gd55b01ge_init    bsp_gd55b01.o
    0x0800665c   0x0800665c   0x00000058   Code   RO         6608    i.gd55b01ge_page_program  bsp_gd55b01.o
    0x080066b4   0x080066b4   0x00000044   Code   RO         6609    i.gd55b01ge_read_data  bsp_gd55b01.o
    0x080066f8   0x080066f8   0x0000002c   Code   RO         6611    i.gd55b01ge_send_address  bsp_gd55b01.o
    0x08006724   0x08006724   0x00000038   Code   RO         6612    i.gd55b01ge_wait_for_write_end  bsp_gd55b01.o
    0x0800675c   0x0800675c   0x0000003e   Code   RO         6613    i.gd55b01ge_write_data  bsp_gd55b01.o
    0x0800679a   0x0800679a   0x00000002   PAD
    0x0800679c   0x0800679c   0x00000024   Code   RO         6614    i.gd55b01ge_write_enable  bsp_gd55b01.o
    0x080067c0   0x080067c0   0x00000034   Code   RO          945    i.get_days_of_month  utils.o
    0x080067f4   0x080067f4   0x00000018   Code   RO          946    i.get_days_of_year  utils.o
    0x0800680c   0x0800680c   0x00000024   Code   RO         9062    i.get_socket        sockets.o
    0x08006830   0x08006830   0x0000005e   Code   RO         3529    i.gpio_af_set       gd32f4xx_gpio.o
    0x0800688e   0x0800688e   0x00000004   Code   RO         3530    i.gpio_bit_reset    gd32f4xx_gpio.o
    0x08006892   0x08006892   0x00000004   Code   RO         3531    i.gpio_bit_set      gd32f4xx_gpio.o
    0x08006896   0x08006896   0x00000004   Code   RO         3532    i.gpio_bit_toggle   gd32f4xx_gpio.o
    0x0800689a   0x0800689a   0x0000000a   Code   RO         3533    i.gpio_bit_write    gd32f4xx_gpio.o
    0x080068a4   0x080068a4   0x00000010   Code   RO         3535    i.gpio_input_bit_get  gd32f4xx_gpio.o
    0x080068b4   0x080068b4   0x0000004e   Code   RO         3537    i.gpio_mode_set     gd32f4xx_gpio.o
    0x08006902   0x08006902   0x00000042   Code   RO         3539    i.gpio_output_options_set  gd32f4xx_gpio.o
    0x08006944   0x08006944   0x00000010   Code   RO         3633    i.i2c_ack_config    gd32f4xx_i2c.o
    0x08006954   0x08006954   0x0000002c   Code   RO         7282    i.i2c_bus_idle      bsp_fm24c02.o
    0x08006980   0x08006980   0x000000e4   Code   RO         3637    i.i2c_clock_config  gd32f4xx_i2c.o
    0x08006a64   0x08006a64   0x00000008   Code   RO         3638    i.i2c_data_receive  gd32f4xx_i2c.o
    0x08006a6c   0x08006a6c   0x00000006   Code   RO         3639    i.i2c_data_transmit  gd32f4xx_i2c.o
    0x08006a72   0x08006a72   0x00000002   PAD
    0x08006a74   0x08006a74   0x00000058   Code   RO         3640    i.i2c_deinit        gd32f4xx_i2c.o
    0x08006acc   0x08006acc   0x0000000a   Code   RO         3647    i.i2c_enable        gd32f4xx_i2c.o
    0x08006ad6   0x08006ad6   0x00000028   Code   RO         3648    i.i2c_flag_clear    gd32f4xx_i2c.o
    0x08006afe   0x08006afe   0x0000001e   Code   RO         3649    i.i2c_flag_get      gd32f4xx_i2c.o
    0x08006b1c   0x08006b1c   0x00000014   Code   RO         3654    i.i2c_master_addressing  gd32f4xx_i2c.o
    0x08006b30   0x08006b30   0x0000001c   Code   RO         3655    i.i2c_mode_addr_config  gd32f4xx_i2c.o
    0x08006b4c   0x08006b4c   0x00000040   Code   RO         7283    i.i2c_recv_byte     bsp_fm24c02.o
    0x08006b8c   0x08006b8c   0x0000003c   Code   RO         7284    i.i2c_send_byte_wait  bsp_fm24c02.o
    0x08006bc8   0x08006bc8   0x00000050   Code   RO         7285    i.i2c_start_addr_read  bsp_fm24c02.o
    0x08006c18   0x08006c18   0x00000060   Code   RO         7286    i.i2c_start_addr_write  bsp_fm24c02.o
    0x08006c78   0x08006c78   0x0000000a   Code   RO         3668    i.i2c_start_on_bus  gd32f4xx_i2c.o
    0x08006c82   0x08006c82   0x00000002   PAD
    0x08006c84   0x08006c84   0x0000001c   Code   RO         7287    i.i2c_stop          bsp_fm24c02.o
    0x08006ca0   0x08006ca0   0x0000000a   Code   RO         3669    i.i2c_stop_on_bus   gd32f4xx_i2c.o
    0x08006caa   0x08006caa   0x00000002   PAD
    0x08006cac   0x08006cac   0x00000028   Code   RO         7241    i.i2c_wait_flag     bsp_i2c.o
    0x08006cd4   0x08006cd4   0x00000030   Code   RO         7288    i.i2c_wait_flag     bsp_fm24c02.o
    0x08006d04   0x08006d04   0x00000012   Code   RO        11162    i.icmp_dest_unreach  icmp.o
    0x08006d16   0x08006d16   0x00000002   PAD
    0x08006d18   0x08006d18   0x00000194   Code   RO        11163    i.icmp_input        icmp.o
    0x08006eac   0x08006eac   0x00000084   Code   RO        11164    i.icmp_send_response  icmp.o
    0x08006f30   0x08006f30   0x00000012   Code   RO        11165    i.icmp_time_exceeded  icmp.o
    0x08006f42   0x08006f42   0x00000056   Code   RO         9601    i.inet_chksum_pbuf  inet_chksum.o
    0x08006f98   0x08006f98   0x00000022   Code   RO          947    i.initCirQueue      utils.o
    0x08006fba   0x08006fba   0x0000004e   Code   RO        11243    i.ip4_addr_isbroadcast_u32  ip4_addr.o
    0x08007008   0x08007008   0x000001d8   Code   RO        11299    i.ip4_frag          ip4_frag.o
    0x080071e0   0x080071e0   0x0000019c   Code   RO        11200    i.ip4_input         ip4.o
    0x0800737c   0x0800737c   0x00000034   Code   RO        11201    i.ip4_input_accept  ip4.o
    0x080073b0   0x080073b0   0x00000036   Code   RO        11203    i.ip4_output_if     ip4.o
    0x080073e6   0x080073e6   0x00000002   PAD
    0x080073e8   0x080073e8   0x000000d4   Code   RO        11204    i.ip4_output_if_src  ip4.o
    0x080074bc   0x080074bc   0x00000208   Code   RO        11300    i.ip4_reass         ip4_frag.o
    0x080076c4   0x080076c4   0x00000094   Code   RO        11205    i.ip4_route         ip4.o
    0x08007758   0x08007758   0x00000014   Code   RO        11246    i.ip4addr_ntoa      ip4_addr.o
    0x0800776c   0x0800776c   0x000000a8   Code   RO        11247    i.ip4addr_ntoa_r    ip4_addr.o
    0x08007814   0x08007814   0x0000000a   Code   RO        11301    i.ip_frag_alloc_pbuf_custom_ref  ip4_frag.o
    0x0800781e   0x0800781e   0x00000012   Code   RO        11302    i.ip_frag_free_pbuf_custom_ref  ip4_frag.o
    0x08007830   0x08007830   0x00000194   Code   RO        11303    i.ip_reass_chain_frag_into_datagram_and_validate  ip4_frag.o
    0x080079c4   0x080079c4   0x0000002c   Code   RO        11304    i.ip_reass_dequeue_datagram  ip4_frag.o
    0x080079f0   0x080079f0   0x00000054   Code   RO        11305    i.ip_reass_enqueue_new_datagram  ip4_frag.o
    0x08007a44   0x08007a44   0x000000a0   Code   RO        11306    i.ip_reass_free_complete_datagram  ip4_frag.o
    0x08007ae4   0x08007ae4   0x00000088   Code   RO        11307    i.ip_reass_remove_oldest_datagram  ip4_frag.o
    0x08007b6c   0x08007b6c   0x00000034   Code   RO        11308    i.ip_reass_tmr      ip4_frag.o
    0x08007ba0   0x08007ba0   0x00000020   Code   RO        11309    i.ipfrag_free_pbuf_custom  ip4_frag.o
    0x08007bc0   0x08007bc0   0x00000012   Code   RO          948    i.isQueueEmpty      utils.o
    0x08007bd2   0x08007bd2   0x0000001e   Code   RO          949    i.isQueueFull       utils.o
    0x08007bf0   0x08007bf0   0x00000032   Code   RO          950    i.is_leap_year      utils.o
    0x08007c22   0x08007c22   0x00000002   PAD
    0x08007c24   0x08007c24   0x0000002c   Code   RO         6712    i.key_init          q468v1.o
    0x08007c50   0x08007c50   0x00000280   Code   RO          631    i.kt_AlarmData      msg_parse.o
    0x08007ed0   0x08007ed0   0x0000010c   Code   RO          632    i.kt_AlarmInfo      msg_parse.o
    0x08007fdc   0x08007fdc   0x00000124   Code   RO          633    i.kt_ConfigInfo     msg_parse.o
    0x08008100   0x08008100   0x0000030c   Code   RO          634    i.kt_SampleData     msg_parse.o
    0x0800840c   0x0800840c   0x00000140   Code   RO          635    i.kt_SampleInfo     msg_parse.o
    0x0800854c   0x0800854c   0x00000038   Code   RO          636    i.kt_SetFrontVmax   msg_parse.o
    0x08008584   0x08008584   0x00000038   Code   RO          637    i.kt_SetFrontVmin   msg_parse.o
    0x080085bc   0x080085bc   0x00000038   Code   RO          638    i.kt_SetRearVmax    msg_parse.o
    0x080085f4   0x080085f4   0x00000038   Code   RO          639    i.kt_SetRearVmin    msg_parse.o
    0x0800862c   0x0800862c   0x000000fc   Code   RO          640    i.kt_SetSysTime     msg_parse.o
    0x08008728   0x08008728   0x000000c8   Code   RO         6713    i.led_init          q468v1.o
    0x080087f0   0x080087f0   0x000004a8   Code   RO        11396    i.low_level_init    ethernetif.o
    0x08008c98   0x08008c98   0x00000064   Code   RO        11397    i.low_level_input   ethernetif.o
    0x08008cfc   0x08008cfc   0x000000c0   Code   RO        11398    i.low_level_output  ethernetif.o
    0x08008dbc   0x08008dbc   0x00000180   Code   RO         9063    i.lwip_accept       sockets.o
    0x08008f3c   0x08008f3c   0x00000098   Code   RO         9064    i.lwip_bind         sockets.o
    0x08008fd4   0x08008fd4   0x00000070   Code   RO         9065    i.lwip_close        sockets.o
    0x08009044   0x08009044   0x00000050   Code   RO        10854    i.lwip_cyclic_timer  timeouts.o
    0x08009094   0x08009094   0x0000001a   Code   RO         9546    i.lwip_htonl        def.o
    0x080090ae   0x080090ae   0x0000000c   Code   RO         9547    i.lwip_htons        def.o
    0x080090ba   0x080090ba   0x0000002a   Code   RO         9661    i.lwip_init         init.o
    0x080090e4   0x080090e4   0x00000084   Code   RO         9077    i.lwip_listen       sockets.o
    0x08009168   0x08009168   0x0000004c   Code   RO         8724    i.lwip_netconn_do_bind  api_msg.o
    0x080091b4   0x080091b4   0x00000090   Code   RO         8726    i.lwip_netconn_do_close  api_msg.o
    0x08009244   0x08009244   0x000001a4   Code   RO         8727    i.lwip_netconn_do_close_internal  api_msg.o
    0x080093e8   0x080093e8   0x000000d4   Code   RO         8730    i.lwip_netconn_do_delconn  api_msg.o
    0x080094bc   0x080094bc   0x000000aa   Code   RO         8732    i.lwip_netconn_do_getaddr  api_msg.o
    0x08009566   0x08009566   0x00000002   PAD
    0x08009568   0x08009568   0x000000dc   Code   RO         8733    i.lwip_netconn_do_listen  api_msg.o
    0x08009644   0x08009644   0x00000018   Code   RO         8734    i.lwip_netconn_do_newconn  api_msg.o
    0x0800965c   0x0800965c   0x00000048   Code   RO         8735    i.lwip_netconn_do_recv  api_msg.o
    0x080096a4   0x080096a4   0x00000064   Code   RO         8736    i.lwip_netconn_do_send  api_msg.o
    0x08009708   0x08009708   0x00000080   Code   RO         8737    i.lwip_netconn_do_write  api_msg.o
    0x08009788   0x08009788   0x00000214   Code   RO         8738    i.lwip_netconn_do_writemore  api_msg.o
    0x0800999c   0x0800999c   0x00000034   Code   RO         8739    i.lwip_netconn_err_to_msg  api_msg.o
    0x080099d0   0x080099d0   0x00000040   Code   RO         8740    i.lwip_netconn_is_err_msg  api_msg.o
    0x08009a10   0x08009a10   0x00000048   Code   RO         9079    i.lwip_poll_should_wake  sockets.o
    0x08009a58   0x08009a58   0x00000022   Code   RO         9083    i.lwip_recv         sockets.o
    0x08009a7a   0x08009a7a   0x00000002   PAD
    0x08009a7c   0x08009a7c   0x00000124   Code   RO         9084    i.lwip_recv_tcp     sockets.o
    0x08009ba0   0x08009ba0   0x00000044   Code   RO         9085    i.lwip_recv_tcp_from  sockets.o
    0x08009be4   0x08009be4   0x00000100   Code   RO         9086    i.lwip_recvfrom     sockets.o
    0x08009ce4   0x08009ce4   0x00000104   Code   RO         9087    i.lwip_recvfrom_udp_raw  sockets.o
    0x08009de8   0x08009de8   0x0000009c   Code   RO         9091    i.lwip_send         sockets.o
    0x08009e84   0x08009e84   0x00000104   Code   RO         9093    i.lwip_sendto       sockets.o
    0x08009f88   0x08009f88   0x00000074   Code   RO         9094    i.lwip_setsockopt   sockets.o
    0x08009ffc   0x08009ffc   0x0000029e   Code   RO         9095    i.lwip_setsockopt_impl  sockets.o
    0x0800a29a   0x0800a29a   0x00000074   Code   RO         9097    i.lwip_sock_make_addr  sockets.o
    0x0800a30e   0x0800a30e   0x00000002   PAD
    0x0800a310   0x0800a310   0x000000a8   Code   RO         9098    i.lwip_socket       sockets.o
    0x0800a3b8   0x0800a3b8   0x00000020   Code   RO         9102    i.lwip_sockopt_to_ipopt  sockets.o
    0x0800a3d8   0x0800a3d8   0x0000008c   Code   RO        11475    i.lwip_stack_init   sys_arch.o
    0x0800a464   0x0800a464   0x0000005e   Code   RO         9608    i.lwip_standard_chksum  inet_chksum.o
    0x0800a4c2   0x0800a4c2   0x00000002   PAD
    0x0800a4c4   0x0800a4c4   0x0000006c   Code   RO          567    i.main              main.o
    0x0800a530   0x0800a530   0x000000cc   Code   RO         9742    i.mem_free          mem.o
    0x0800a5fc   0x0800a5fc   0x0000006c   Code   RO         9743    i.mem_init          mem.o
    0x0800a668   0x0800a668   0x00000058   Code   RO         9744    i.mem_link_valid    mem.o
    0x0800a6c0   0x0800a6c0   0x00000120   Code   RO         9745    i.mem_malloc        mem.o
    0x0800a7e0   0x0800a7e0   0x00000010   Code   RO         9746    i.mem_to_ptr        mem.o
    0x0800a7f0   0x0800a7f0   0x0000013c   Code   RO         9747    i.mem_trim          mem.o
    0x0800a92c   0x0800a92c   0x00000028   Code   RO         9813    i.memp_free         memp.o
    0x0800a954   0x0800a954   0x00000020   Code   RO         9815    i.memp_init         memp.o
    0x0800a974   0x0800a974   0x0000002c   Code   RO         9816    i.memp_init_pool    memp.o
    0x0800a9a0   0x0800a9a0   0x00000024   Code   RO         9817    i.memp_malloc       memp.o
    0x0800a9c4   0x0800a9c4   0x00000080   Code   RO          641    i.msg_parse_start   msg_parse.o
    0x0800aa44   0x0800aa44   0x000000b8   Code   RO          642    i.msg_proc_task     msg_parse.o
    0x0800aafc   0x0800aafc   0x00000084   Code   RO          643    i.msg_send_task     msg_parse.o
    0x0800ab80   0x0800ab80   0x00000020   Code   RO         8975    i.netbuf_delete     netbuf.o
    0x0800aba0   0x0800aba0   0x00000020   Code   RO         8977    i.netbuf_free       netbuf.o
    0x0800abc0   0x0800abc0   0x0000004a   Code   RO         8980    i.netbuf_ref        netbuf.o
    0x0800ac0a   0x0800ac0a   0x000000a6   Code   RO         8475    i.netconn_accept    api_lib.o
    0x0800acb0   0x0800acb0   0x00000088   Code   RO         8741    i.netconn_alloc     api_msg.o
    0x0800ad38   0x0800ad38   0x00000022   Code   RO         8476    i.netconn_apimsg    api_lib.o
    0x0800ad5a   0x0800ad5a   0x00000002   PAD
    0x0800ad5c   0x0800ad5c   0x0000003c   Code   RO         8477    i.netconn_bind      api_lib.o
    0x0800ad98   0x0800ad98   0x00000034   Code   RO         8480    i.netconn_close_shutdown  api_lib.o
    0x0800adcc   0x0800adcc   0x0000001e   Code   RO         8482    i.netconn_delete    api_lib.o
    0x0800adea   0x0800adea   0x000000a2   Code   RO         8742    i.netconn_drain     api_msg.o
    0x0800ae8c   0x0800ae8c   0x00000022   Code   RO         8484    i.netconn_err       api_lib.o
    0x0800aeae   0x0800aeae   0x00000026   Code   RO         8743    i.netconn_free      api_msg.o
    0x0800aed4   0x0800aed4   0x00000054   Code   RO         8485    i.netconn_getaddr   api_lib.o
    0x0800af28   0x0800af28   0x0000002c   Code   RO         8486    i.netconn_listen_with_backlog  api_lib.o
    0x0800af54   0x0800af54   0x00000068   Code   RO         8487    i.netconn_new_with_proto_and_callback  api_lib.o
    0x0800afbc   0x0800afbc   0x00000030   Code   RO         8488    i.netconn_prepare_delete  api_lib.o
    0x0800afec   0x0800afec   0x000000f6   Code   RO         8490    i.netconn_recv_data  api_lib.o
    0x0800b0e2   0x0800b0e2   0x000000bc   Code   RO         8491    i.netconn_recv_data_tcp  api_lib.o
    0x0800b19e   0x0800b19e   0x0000002a   Code   RO         8493    i.netconn_recv_tcp_pbuf_flags  api_lib.o
    0x0800b1c8   0x0800b1c8   0x0000002a   Code   RO         8495    i.netconn_recv_udp_raw_netbuf_flags  api_lib.o
    0x0800b1f2   0x0800b1f2   0x00000002   PAD
    0x0800b1f4   0x0800b1f4   0x0000002c   Code   RO         8496    i.netconn_send      api_lib.o
    0x0800b220   0x0800b220   0x00000030   Code   RO         8499    i.netconn_tcp_recvd  api_lib.o
    0x0800b250   0x0800b250   0x00000030   Code   RO         8500    i.netconn_tcp_recvd_msg  api_lib.o
    0x0800b280   0x0800b280   0x00000028   Code   RO         8501    i.netconn_write_partly  api_lib.o
    0x0800b2a8   0x0800b2a8   0x000000e0   Code   RO         8502    i.netconn_write_vectors_partly  api_lib.o
    0x0800b388   0x0800b388   0x000000f4   Code   RO         9905    i.netif_add         netif.o
    0x0800b47c   0x0800b47c   0x00000018   Code   RO         9907    i.netif_do_ip_addr_changed  netif.o
    0x0800b494   0x0800b494   0x00000026   Code   RO         9908    i.netif_do_set_gw   netif.o
    0x0800b4ba   0x0800b4ba   0x0000004a   Code   RO         9909    i.netif_do_set_ipaddr  netif.o
    0x0800b504   0x0800b504   0x00000026   Code   RO         9910    i.netif_do_set_netmask  netif.o
    0x0800b52a   0x0800b52a   0x00000002   PAD
    0x0800b52c   0x0800b52c   0x00000054   Code   RO         9911    i.netif_find        netif.o
    0x0800b580   0x0800b580   0x00000028   Code   RO         9912    i.netif_get_by_index  netif.o
    0x0800b5a8   0x0800b5a8   0x00000002   Code   RO         9914    i.netif_init        netif.o
    0x0800b5aa   0x0800b5aa   0x00000040   Code   RO         9916    i.netif_issue_reports  netif.o
    0x0800b5ea   0x0800b5ea   0x00000008   Code   RO         9918    i.netif_null_output_ip4  netif.o
    0x0800b5f2   0x0800b5f2   0x00000002   PAD
    0x0800b5f4   0x0800b5f4   0x00000060   Code   RO         9920    i.netif_set_addr    netif.o
    0x0800b654   0x0800b654   0x0000000c   Code   RO         9921    i.netif_set_default  netif.o
    0x0800b660   0x0800b660   0x00000032   Code   RO         9928    i.netif_set_up      netif.o
    0x0800b692   0x0800b692   0x00000046   Code   RO          568    i.nvic_configuration  main.o
    0x0800b6d8   0x0800b6d8   0x000000c4   Code   RO         4102    i.nvic_irq_enable   gd32f4xx_misc.o
    0x0800b79c   0x0800b79c   0x00000014   Code   RO         4103    i.nvic_priority_group_set  gd32f4xx_misc.o
    0x0800b7b0   0x0800b7b0   0x00000018   Code   RO         4104    i.nvic_vector_table_set  gd32f4xx_misc.o
    0x0800b7c8   0x0800b7c8   0x00000012   Code   RO        10076    i.pbuf_add_header   pbuf.o
    0x0800b7da   0x0800b7da   0x00000062   Code   RO        10078    i.pbuf_add_header_impl  pbuf.o
    0x0800b83c   0x0800b83c   0x00000130   Code   RO        10079    i.pbuf_alloc        pbuf.o
    0x0800b96c   0x0800b96c   0x00000034   Code   RO        10080    i.pbuf_alloc_reference  pbuf.o
    0x0800b9a0   0x0800b9a0   0x00000052   Code   RO        10081    i.pbuf_alloced_custom  pbuf.o
    0x0800b9f2   0x0800b9f2   0x00000038   Code   RO        10082    i.pbuf_cat          pbuf.o
    0x0800ba2a   0x0800ba2a   0x00000016   Code   RO        10083    i.pbuf_chain        pbuf.o
    0x0800ba40   0x0800ba40   0x00000012   Code   RO        10084    i.pbuf_clen         pbuf.o
    0x0800ba52   0x0800ba52   0x00000030   Code   RO        10085    i.pbuf_clone        pbuf.o
    0x0800ba82   0x0800ba82   0x00000020   Code   RO        10087    i.pbuf_copy         pbuf.o
    0x0800baa2   0x0800baa2   0x00000080   Code   RO        10088    i.pbuf_copy_partial  pbuf.o
    0x0800bb22   0x0800bb22   0x000000f2   Code   RO        10089    i.pbuf_copy_partial_pbuf  pbuf.o
    0x0800bc14   0x0800bc14   0x00000096   Code   RO        10091    i.pbuf_free         pbuf.o
    0x0800bcaa   0x0800bcaa   0x00000040   Code   RO        10092    i.pbuf_free_header  pbuf.o
    0x0800bcea   0x0800bcea   0x00000012   Code   RO        10096    i.pbuf_header_force  pbuf.o
    0x0800bcfc   0x0800bcfc   0x00000022   Code   RO        10097    i.pbuf_header_impl  pbuf.o
    0x0800bd1e   0x0800bd1e   0x0000001e   Code   RO        10098    i.pbuf_init_alloced_pbuf  pbuf.o
    0x0800bd3c   0x0800bd3c   0x00000086   Code   RO        10102    i.pbuf_realloc      pbuf.o
    0x0800bdc2   0x0800bdc2   0x00000022   Code   RO        10103    i.pbuf_ref          pbuf.o
    0x0800bde4   0x0800bde4   0x00000042   Code   RO        10104    i.pbuf_remove_header  pbuf.o
    0x0800be26   0x0800be26   0x00000002   PAD
    0x0800be28   0x0800be28   0x00000078   Code   RO         8744    i.pcb_new           api_msg.o
    0x0800bea0   0x0800bea0   0x00000048   Code   RO         8326    i.phy_rst           bsp_eth.o
    0x0800bee8   0x0800bee8   0x0000009c   Code   RO         9748    i.plug_holes        mem.o
    0x0800bf84   0x0800bf84   0x00000082   Code   RO         8745    i.poll_tcp          api_msg.o
    0x0800c006   0x0800c006   0x00000002   PAD
    0x0800c008   0x0800c008   0x000000cc   Code   RO         7816    i.prvAddCurrentTaskToDelayedList  tasks.o
    0x0800c0d4   0x0800c0d4   0x000000f0   Code   RO         7817    i.prvAddNewTaskToReadyList  tasks.o
    0x0800c1c4   0x0800c1c4   0x00000048   Code   RO         7818    i.prvCheckTasksWaitingTermination  tasks.o
    0x0800c20c   0x0800c20c   0x0000002a   Code   RO         7490    i.prvCopyDataFromQueue  queue.o
    0x0800c236   0x0800c236   0x0000007e   Code   RO         7491    i.prvCopyDataToQueue  queue.o
    0x0800c2b4   0x0800c2b4   0x00000068   Code   RO         7819    i.prvCreateIdleTasks  tasks.o
    0x0800c31c   0x0800c31c   0x0000005a   Code   RO         7820    i.prvCreateTask     tasks.o
    0x0800c376   0x0800c376   0x00000012   Code   RO         7821    i.prvDeleteTCB      tasks.o
    0x0800c388   0x0800c388   0x00000014   Code   RO         7492    i.prvGetDisinheritPriorityAfterTimeout  queue.o
    0x0800c39c   0x0800c39c   0x0000006c   Code   RO         8254    i.prvHeapInit       heap_4.o
    0x0800c408   0x0800c408   0x00000028   Code   RO         7822    i.prvIdleTask       tasks.o
    0x0800c430   0x0800c430   0x0000001e   Code   RO         7493    i.prvInitialiseMutex  queue.o
    0x0800c44e   0x0800c44e   0x00000026   Code   RO         7494    i.prvInitialiseNewQueue  queue.o
    0x0800c474   0x0800c474   0x0000007c   Code   RO         7823    i.prvInitialiseNewTask  tasks.o
    0x0800c4f0   0x0800c4f0   0x00000068   Code   RO         7824    i.prvInitialiseTaskLists  tasks.o
    0x0800c558   0x0800c558   0x00000068   Code   RO         8255    i.prvInsertBlockIntoFreeList  heap_4.o
    0x0800c5c0   0x0800c5c0   0x0000001a   Code   RO         7495    i.prvIsQueueEmpty   queue.o
    0x0800c5da   0x0800c5da   0x0000001e   Code   RO         7496    i.prvIsQueueFull    queue.o
    0x0800c5f8   0x0800c5f8   0x00000030   Code   RO         7825    i.prvResetNextTaskUnblockTime  tasks.o
    0x0800c628   0x0800c628   0x00000016   Code   RO         8184    i.prvTaskExitError  port.o
    0x0800c63e   0x0800c63e   0x0000007e   Code   RO         7497    i.prvUnlockQueue    queue.o
    0x0800c6bc   0x0800c6bc   0x00000010   Code   RO         9749    i.ptr_to_mem        mem.o
    0x0800c6cc   0x0800c6cc   0x00000100   Code   RO         8257    i.pvPortMalloc      heap_4.o
    0x0800c7cc   0x0800c7cc   0x00000014   Code   RO         7827    i.pvTaskIncrementMutexHeldCount  tasks.o
    0x0800c7e0   0x0800c7e0   0x0000002c   Code   RO         8185    i.pxPortInitialiseStack  port.o
    0x0800c80c   0x0800c80c   0x00000124   Code   RO         4307    i.rcu_clock_freq_get  gd32f4xx_rcu.o
    0x0800c930   0x0800c930   0x00000024   Code   RO         4326    i.rcu_periph_clock_enable  gd32f4xx_rcu.o
    0x0800c954   0x0800c954   0x00000024   Code   RO         4329    i.rcu_periph_reset_disable  gd32f4xx_rcu.o
    0x0800c978   0x0800c978   0x00000024   Code   RO         4330    i.rcu_periph_reset_enable  gd32f4xx_rcu.o
    0x0800c99c   0x0800c99c   0x00000024   Code   RO         4342    i.rcu_timer_clock_prescaler_config  gd32f4xx_rcu.o
    0x0800c9c0   0x0800c9c0   0x00000080   Code   RO         8746    i.recv_tcp          api_msg.o
    0x0800ca40   0x0800ca40   0x00000094   Code   RO         8747    i.recv_udp          api_msg.o
    0x0800cad4   0x0800cad4   0x00000050   Code   RO         6714    i.relay_init        q468v1.o
    0x0800cb24   0x0800cb24   0x00000160   Code   RO           16    i.sample_task       adc_sample.o
    0x0800cc84   0x0800cc84   0x00000028   Code   RO         7117    i.sd2505_get_time   sd2505.o
    0x0800ccac   0x0800ccac   0x00000070   Code   RO         7118    i.sd2505_init       sd2505.o
    0x0800cd1c   0x0800cd1c   0x0000003c   Code   RO         7119    i.sd2505_set_time   sd2505.o
    0x0800cd58   0x0800cd58   0x00000044   Code   RO         7120    i.sd2505_write_off  sd2505.o
    0x0800cd9c   0x0800cd9c   0x00000044   Code   RO         7121    i.sd2505_write_on   sd2505.o
    0x0800cde0   0x0800cde0   0x0000001c   Code   RO         4860    i.sdio_bus_mode_set  gd32f4xx_sdio.o
    0x0800cdfc   0x0800cdfc   0x00000034   Code   RO         4867    i.sdio_clock_config  gd32f4xx_sdio.o
    0x0800ce30   0x0800ce30   0x00000014   Code   RO         4869    i.sdio_clock_enable  gd32f4xx_sdio.o
    0x0800ce44   0x0800ce44   0x0000000c   Code   RO         4870    i.sdio_command_index_get  gd32f4xx_sdio.o
    0x0800ce50   0x0800ce50   0x00000038   Code   RO         4871    i.sdio_command_response_config  gd32f4xx_sdio.o
    0x0800ce88   0x0800ce88   0x00000014   Code   RO         4873    i.sdio_csm_enable   gd32f4xx_sdio.o
    0x0800ce9c   0x0800ce9c   0x0000003c   Code   RO         4874    i.sdio_data_config  gd32f4xx_sdio.o
    0x0800ced8   0x0800ced8   0x0000000c   Code   RO         4876    i.sdio_data_read    gd32f4xx_sdio.o
    0x0800cee4   0x0800cee4   0x0000001c   Code   RO         4877    i.sdio_data_transfer_config  gd32f4xx_sdio.o
    0x0800cf00   0x0800cf00   0x00000014   Code   RO         4879    i.sdio_deinit       gd32f4xx_sdio.o
    0x0800cf14   0x0800cf14   0x00000014   Code   RO         4881    i.sdio_dma_enable   gd32f4xx_sdio.o
    0x0800cf28   0x0800cf28   0x00000014   Code   RO         4882    i.sdio_dsm_disable  gd32f4xx_sdio.o
    0x0800cf3c   0x0800cf3c   0x00000014   Code   RO         4883    i.sdio_dsm_enable   gd32f4xx_sdio.o
    0x0800cf50   0x0800cf50   0x0000000c   Code   RO         4885    i.sdio_flag_clear   gd32f4xx_sdio.o
    0x0800cf5c   0x0800cf5c   0x00000014   Code   RO         4886    i.sdio_flag_get     gd32f4xx_sdio.o
    0x0800cf70   0x0800cf70   0x00000014   Code   RO         4887    i.sdio_hardware_clock_disable  gd32f4xx_sdio.o
    0x0800cf84   0x0800cf84   0x00000010   Code   RO         4889    i.sdio_interrupt_disable  gd32f4xx_sdio.o
    0x0800cf94   0x0800cf94   0x00000010   Code   RO         4890    i.sdio_interrupt_enable  gd32f4xx_sdio.o
    0x0800cfa4   0x0800cfa4   0x0000000c   Code   RO         4891    i.sdio_interrupt_flag_clear  gd32f4xx_sdio.o
    0x0800cfb0   0x0800cfb0   0x00000014   Code   RO         4892    i.sdio_interrupt_flag_get  gd32f4xx_sdio.o
    0x0800cfc4   0x0800cfc4   0x0000000c   Code   RO         4895    i.sdio_power_state_get  gd32f4xx_sdio.o
    0x0800cfd0   0x0800cfd0   0x0000000c   Code   RO         4896    i.sdio_power_state_set  gd32f4xx_sdio.o
    0x0800cfdc   0x0800cfdc   0x0000003c   Code   RO         4900    i.sdio_response_get  gd32f4xx_sdio.o
    0x0800d018   0x0800d018   0x0000001c   Code   RO         4905    i.sdio_wait_type_set  gd32f4xx_sdio.o
    0x0800d034   0x0800d034   0x00000108   Code   RO         9106    i.select_check_waiters  sockets.o
    0x0800d13c   0x0800d13c   0x0000006c   Code   RO         8748    i.sent_tcp          api_msg.o
    0x0800d1a8   0x0800d1a8   0x00000044   Code   RO         8749    i.setup_tcp         api_msg.o
    0x0800d1ec   0x0800d1ec   0x00000032   Code   RO         8421    i.socket_close      socket_adapter.o
    0x0800d21e   0x0800d21e   0x0000008e   Code   RO         8422    i.socket_init       socket_adapter.o
    0x0800d2ac   0x0800d2ac   0x00000066   Code   RO         8423    i.socket_recv       socket_adapter.o
    0x0800d312   0x0800d312   0x00000074   Code   RO         8424    i.socket_send       socket_adapter.o
    0x0800d386   0x0800d386   0x00000044   Code   RO         8425    i.socket_set_timeout  socket_adapter.o
    0x0800d3ca   0x0800d3ca   0x00000066   Code   RO         8426    i.socket_tcp_accept  socket_adapter.o
    0x0800d430   0x0800d430   0x00000032   Code   RO         8428    i.socket_tcp_listen  socket_adapter.o
    0x0800d462   0x0800d462   0x00000002   PAD
    0x0800d464   0x0800d464   0x000000a0   Code   RO         6615    i.spi_config        bsp_gd55b01.o
    0x0800d504   0x0800d504   0x0000000a   Code   RO         5166    i.spi_enable        gd32f4xx_spi.o
    0x0800d50e   0x0800d50e   0x00000008   Code   RO         5168    i.spi_i2s_data_receive  gd32f4xx_spi.o
    0x0800d516   0x0800d516   0x00000004   Code   RO         5169    i.spi_i2s_data_transmit  gd32f4xx_spi.o
    0x0800d51a   0x0800d51a   0x00000010   Code   RO         5171    i.spi_i2s_flag_get  gd32f4xx_spi.o
    0x0800d52a   0x0800d52a   0x00000032   Code   RO         5176    i.spi_init          gd32f4xx_spi.o
    0x0800d55c   0x0800d55c   0x00000038   Code   RO         6616    i.spi_send_recv_byte  bsp_gd55b01.o
    0x0800d594   0x0800d594   0x0000002c   Code   RO          413    i.start_task        app_task.o
    0x0800d5c0   0x0800d5c0   0x00000070   Code   RO          759    i.storage_manage_start  storage_manage.o
    0x0800d630   0x0800d630   0x000000c0   Code   RO          760    i.storage_task      storage_manage.o
    0x0800d6f0   0x0800d6f0   0x0000004e   Code   RO        11476    i.sys_arch_mbox_fetch  sys_arch.o
    0x0800d73e   0x0800d73e   0x00000030   Code   RO        11477    i.sys_arch_mbox_tryfetch  sys_arch.o
    0x0800d76e   0x0800d76e   0x0000000a   Code   RO        11479    i.sys_arch_protect  sys_arch.o
    0x0800d778   0x0800d778   0x00000042   Code   RO        11480    i.sys_arch_sem_wait  sys_arch.o
    0x0800d7ba   0x0800d7ba   0x0000000a   Code   RO        11481    i.sys_arch_unprotect  sys_arch.o
    0x0800d7c4   0x0800d7c4   0x00000054   Code   RO        10855    i.sys_check_timeouts  timeouts.o
    0x0800d818   0x0800d818   0x00000016   Code   RO          644    i.sys_config_read   msg_parse.o
    0x0800d82e   0x0800d82e   0x00000016   Code   RO          645    i.sys_config_write  msg_parse.o
    0x0800d844   0x0800d844   0x00000002   Code   RO        11482    i.sys_init          sys_arch.o
    0x0800d846   0x0800d846   0x00000014   Code   RO        11484    i.sys_mbox_free     sys_arch.o
    0x0800d85a   0x0800d85a   0x00000028   Code   RO        11485    i.sys_mbox_new      sys_arch.o
    0x0800d882   0x0800d882   0x0000002c   Code   RO        11487    i.sys_mbox_trypost  sys_arch.o
    0x0800d8ae   0x0800d8ae   0x0000001e   Code   RO        11490    i.sys_mutex_lock    sys_arch.o
    0x0800d8cc   0x0800d8cc   0x0000001e   Code   RO        11491    i.sys_mutex_new     sys_arch.o
    0x0800d8ea   0x0800d8ea   0x0000001a   Code   RO        11492    i.sys_mutex_unlock  sys_arch.o
    0x0800d904   0x0800d904   0x00000008   Code   RO        11493    i.sys_now           sys_arch.o
    0x0800d90c   0x0800d90c   0x00000018   Code   RO        11494    i.sys_sem_free      sys_arch.o
    0x0800d924   0x0800d924   0x00000040   Code   RO        11495    i.sys_sem_new       sys_arch.o
    0x0800d964   0x0800d964   0x00000020   Code   RO        11496    i.sys_sem_signal    sys_arch.o
    0x0800d984   0x0800d984   0x0000003c   Code   RO        11497    i.sys_thread_new    sys_arch.o
    0x0800d9c0   0x0800d9c0   0x00000022   Code   RO        10857    i.sys_timeout       timeouts.o
    0x0800d9e2   0x0800d9e2   0x00000002   PAD
    0x0800d9e4   0x0800d9e4   0x00000090   Code   RO        10858    i.sys_timeout_abs   timeouts.o
    0x0800da74   0x0800da74   0x00000028   Code   RO        10859    i.sys_timeouts_init  timeouts.o
    0x0800da9c   0x0800da9c   0x00000044   Code   RO        10860    i.sys_timeouts_sleeptime  timeouts.o
    0x0800dae0   0x0800dae0   0x00000018   Code   RO         5407    i.syscfg_enet_phy_interface_config  gd32f4xx_syscfg.o
    0x0800daf8   0x0800daf8   0x00000110   Code   RO         1021    i.system_clock_240m_8m_hxtal  system_gd32f4xx.o
    0x0800dc08   0x0800dc08   0x00000008   Code   RO         1022    i.system_clock_config  system_gd32f4xx.o
    0x0800dc10   0x0800dc10   0x000000b4   Code   RO          646    i.system_init       msg_parse.o
    0x0800dcc4   0x0800dcc4   0x00000050   Code   RO          882    i.systick_config    systick.o
    0x0800dd14   0x0800dd14   0x000000f8   Code   RO        10306    i.tcp_abandon       tcp.o
    0x0800de0c   0x0800de0c   0x0000000e   Code   RO        10307    i.tcp_abort         tcp.o
    0x0800de1a   0x0800de1a   0x00000010   Code   RO        10308    i.tcp_accept        tcp.o
    0x0800de2a   0x0800de2a   0x00000018   Code   RO        10309    i.tcp_accept_null   tcp.o
    0x0800de42   0x0800de42   0x00000002   PAD
    0x0800de44   0x0800de44   0x000000c0   Code   RO        10310    i.tcp_alloc         tcp.o
    0x0800df04   0x0800df04   0x00000006   Code   RO        10311    i.tcp_arg           tcp.o
    0x0800df0a   0x0800df0a   0x00000002   PAD
    0x0800df0c   0x0800df0c   0x000000b0   Code   RO        10312    i.tcp_bind          tcp.o
    0x0800dfbc   0x0800dfbc   0x00000012   Code   RO        10313    i.tcp_bind_netif    tcp.o
    0x0800dfce   0x0800dfce   0x0000002c   Code   RO        10314    i.tcp_close         tcp.o
    0x0800dffa   0x0800dffa   0x00000002   PAD
    0x0800dffc   0x0800dffc   0x00000148   Code   RO        10315    i.tcp_close_shutdown  tcp.o
    0x0800e144   0x0800e144   0x00000070   Code   RO        10316    i.tcp_close_shutdown_fin  tcp.o
    0x0800e1b4   0x0800e1b4   0x000000da   Code   RO        10691    i.tcp_create_segment  tcp_out.o
    0x0800e28e   0x0800e28e   0x00000034   Code   RO        10319    i.tcp_eff_send_mss_netif  tcp.o
    0x0800e2c2   0x0800e2c2   0x00000106   Code   RO        10692    i.tcp_enqueue_flags  tcp_out.o
    0x0800e3c8   0x0800e3c8   0x0000000c   Code   RO        10320    i.tcp_err           tcp.o
    0x0800e3d4   0x0800e3d4   0x0000009c   Code   RO        10321    i.tcp_fasttmr       tcp.o
    0x0800e470   0x0800e470   0x00000012   Code   RO        10322    i.tcp_free          tcp.o
    0x0800e482   0x0800e482   0x00000002   PAD
    0x0800e484   0x0800e484   0x00000084   Code   RO        10619    i.tcp_free_acked_segments  tcp_in.o
    0x0800e508   0x0800e508   0x00000012   Code   RO        10323    i.tcp_free_listen   tcp.o
    0x0800e51a   0x0800e51a   0x00000002   PAD
    0x0800e51c   0x0800e51c   0x00000048   Code   RO        10620    i.tcp_get_next_optbyte  tcp_in.o
    0x0800e564   0x0800e564   0x00000034   Code   RO        10324    i.tcp_handle_closepend  tcp.o
    0x0800e598   0x0800e598   0x00000002   Code   RO        10325    i.tcp_init          tcp.o
    0x0800e59a   0x0800e59a   0x00000002   PAD
    0x0800e59c   0x0800e59c   0x00000558   Code   RO        10621    i.tcp_input         tcp_in.o
    0x0800eaf4   0x0800eaf4   0x00000050   Code   RO        10622    i.tcp_input_delayed_close  tcp_in.o
    0x0800eb44   0x0800eb44   0x0000004a   Code   RO        10693    i.tcp_keepalive     tcp_out.o
    0x0800eb8e   0x0800eb8e   0x00000002   PAD
    0x0800eb90   0x0800eb90   0x00000068   Code   RO        10326    i.tcp_kill_prio     tcp.o
    0x0800ebf8   0x0800ebf8   0x0000004c   Code   RO        10327    i.tcp_kill_state    tcp.o
    0x0800ec44   0x0800ec44   0x0000003c   Code   RO        10328    i.tcp_kill_timewait  tcp.o
    0x0800ec80   0x0800ec80   0x0000002c   Code   RO        10329    i.tcp_listen_closed  tcp.o
    0x0800ecac   0x0800ecac   0x00000164   Code   RO        10623    i.tcp_listen_input  tcp_in.o
    0x0800ee10   0x0800ee10   0x000000dc   Code   RO        10331    i.tcp_listen_with_backlog_and_err  tcp.o
    0x0800eeec   0x0800eeec   0x0000004c   Code   RO        10332    i.tcp_netif_ip_addr_changed  tcp.o
    0x0800ef38   0x0800ef38   0x0000002e   Code   RO        10333    i.tcp_netif_ip_addr_changed_pcblist  tcp.o
    0x0800ef66   0x0800ef66   0x00000010   Code   RO        10335    i.tcp_new_ip_type   tcp.o
    0x0800ef76   0x0800ef76   0x00000002   PAD
    0x0800ef78   0x0800ef78   0x00000068   Code   RO        10336    i.tcp_new_port      tcp.o
    0x0800efe0   0x0800efe0   0x00000024   Code   RO        10337    i.tcp_next_iss      tcp.o
    0x0800f004   0x0800f004   0x00000278   Code   RO        10694    i.tcp_output        tcp_out.o
    0x0800f27c   0x0800f27c   0x00000040   Code   RO        10695    i.tcp_output_alloc_header  tcp_out.o
    0x0800f2bc   0x0800f2bc   0x0000007a   Code   RO        10696    i.tcp_output_alloc_header_common  tcp_out.o
    0x0800f336   0x0800f336   0x0000003c   Code   RO        10697    i.tcp_output_control_segment  tcp_out.o
    0x0800f372   0x0800f372   0x00000042   Code   RO        10698    i.tcp_output_control_segment_netif  tcp_out.o
    0x0800f3b4   0x0800f3b4   0x0000001a   Code   RO        10699    i.tcp_output_fill_options  tcp_out.o
    0x0800f3ce   0x0800f3ce   0x00000002   PAD
    0x0800f3d0   0x0800f3d0   0x000000dc   Code   RO        10700    i.tcp_output_segment  tcp_out.o
    0x0800f4ac   0x0800f4ac   0x00000016   Code   RO        10701    i.tcp_output_segment_busy  tcp_out.o
    0x0800f4c2   0x0800f4c2   0x00000002   PAD
    0x0800f4c4   0x0800f4c4   0x000000a4   Code   RO        10624    i.tcp_parseopt      tcp_in.o
    0x0800f568   0x0800f568   0x00000082   Code   RO        10702    i.tcp_pbuf_prealloc  tcp_out.o
    0x0800f5ea   0x0800f5ea   0x0000004a   Code   RO        10338    i.tcp_pcb_purge     tcp.o
    0x0800f634   0x0800f634   0x00000084   Code   RO        10339    i.tcp_pcb_remove    tcp.o
    0x0800f6b8   0x0800f6b8   0x00000016   Code   RO        10340    i.tcp_poll          tcp.o
    0x0800f6ce   0x0800f6ce   0x00000002   PAD
    0x0800f6d0   0x0800f6d0   0x000005fc   Code   RO        10625    i.tcp_process       tcp_in.o
    0x0800fccc   0x0800fccc   0x000000a2   Code   RO        10341    i.tcp_process_refused_data  tcp.o
    0x0800fd6e   0x0800fd6e   0x00000002   PAD
    0x0800fd70   0x0800fd70   0x00000604   Code   RO        10626    i.tcp_receive       tcp_in.o
    0x08010374   0x08010374   0x0000000c   Code   RO        10342    i.tcp_recv          tcp.o
    0x08010380   0x08010380   0x0000003a   Code   RO        10343    i.tcp_recv_null     tcp.o
    0x080103ba   0x080103ba   0x0000005a   Code   RO        10344    i.tcp_recved        tcp.o
    0x08010414   0x08010414   0x0000001c   Code   RO        10345    i.tcp_remove_listener  tcp.o
    0x08010430   0x08010430   0x0000007e   Code   RO        10703    i.tcp_rexmit        tcp_out.o
    0x080104ae   0x080104ae   0x00000078   Code   RO        10704    i.tcp_rexmit_fast   tcp_out.o
    0x08010526   0x08010526   0x00000018   Code   RO        10705    i.tcp_rexmit_rto    tcp_out.o
    0x0801053e   0x0801053e   0x00000022   Code   RO        10706    i.tcp_rexmit_rto_commit  tcp_out.o
    0x08010560   0x08010560   0x00000080   Code   RO        10707    i.tcp_rexmit_rto_prepare  tcp_out.o
    0x080105e0   0x080105e0   0x0000001e   Code   RO        10708    i.tcp_route         tcp_out.o
    0x080105fe   0x080105fe   0x00000036   Code   RO        10709    i.tcp_rst           tcp_out.o
    0x08010634   0x08010634   0x0000005a   Code   RO        10710    i.tcp_rst_common    tcp_out.o
    0x0801068e   0x0801068e   0x0000003c   Code   RO        10711    i.tcp_rst_netif     tcp_out.o
    0x080106ca   0x080106ca   0x0000001a   Code   RO        10346    i.tcp_seg_free      tcp.o
    0x080106e4   0x080106e4   0x00000018   Code   RO        10347    i.tcp_segs_free     tcp.o
    0x080106fc   0x080106fc   0x000000ac   Code   RO        10712    i.tcp_send_empty_ack  tcp_out.o
    0x080107a8   0x080107a8   0x00000052   Code   RO        10713    i.tcp_send_fin      tcp_out.o
    0x080107fa   0x080107fa   0x0000000a   Code   RO        10348    i.tcp_sent          tcp.o
    0x08010804   0x08010804   0x0000002c   Code   RO         8372    i.tcp_server_send_data  tcp_server.o
    0x08010830   0x08010830   0x00000038   Code   RO         8373    i.tcp_server_start  tcp_server.o
    0x08010868   0x08010868   0x0000014c   Code   RO         8374    i.tcp_server_task   tcp_server.o
    0x080109b4   0x080109b4   0x00000072   Code   RO        10350    i.tcp_shutdown      tcp.o
    0x08010a26   0x08010a26   0x00000002   PAD
    0x08010a28   0x08010a28   0x000003dc   Code   RO        10351    i.tcp_slowtmr       tcp.o
    0x08010e04   0x08010e04   0x000001a2   Code   RO        10714    i.tcp_split_unsent_seg  tcp_out.o
    0x08010fa6   0x08010fa6   0x00000002   PAD
    0x08010fa8   0x08010fa8   0x00000038   Code   RO        10862    i.tcp_timer_needed  timeouts.o
    0x08010fe0   0x08010fe0   0x000000b8   Code   RO        10627    i.tcp_timewait_input  tcp_in.o
    0x08011098   0x08011098   0x00000024   Code   RO        10353    i.tcp_tmr           tcp.o
    0x080110bc   0x080110bc   0x00000014   Code   RO        10628    i.tcp_trigger_input_pcb_close  tcp_in.o
    0x080110d0   0x080110d0   0x00000058   Code   RO        10355    i.tcp_update_rcv_ann_wnd  tcp.o
    0x08011128   0x08011128   0x00000458   Code   RO        10715    i.tcp_write         tcp_out.o
    0x08011580   0x08011580   0x00000070   Code   RO        10716    i.tcp_write_checks  tcp_out.o
    0x080115f0   0x080115f0   0x000000da   Code   RO        10717    i.tcp_zero_window_probe  tcp_out.o
    0x080116ca   0x080116ca   0x00000002   PAD
    0x080116cc   0x080116cc   0x00000060   Code   RO         9389    i.tcpip_init        tcpip.o
    0x0801172c   0x0801172c   0x0000004c   Code   RO         9390    i.tcpip_inpkt       tcpip.o
    0x08011778   0x08011778   0x00000030   Code   RO         9391    i.tcpip_input       tcpip.o
    0x080117a8   0x080117a8   0x00000020   Code   RO         9392    i.tcpip_send_msg_wait_sem  tcpip.o
    0x080117c8   0x080117c8   0x00000038   Code   RO        10863    i.tcpip_tcp_timer   timeouts.o
    0x08011800   0x08011800   0x00000048   Code   RO         9393    i.tcpip_thread      tcpip.o
    0x08011848   0x08011848   0x0000004c   Code   RO         9394    i.tcpip_thread_handle_msg  tcpip.o
    0x08011894   0x08011894   0x00000060   Code   RO         9395    i.tcpip_timeouts_mbox_fetch  tcpip.o
    0x080118f4   0x080118f4   0x000000fc   Code   RO           17    i.time_sync_task    adc_sample.o
    0x080119f0   0x080119f0   0x00000058   Code   RO         7201    i.timer0_init       bsp_timer.o
    0x08011a48   0x08011a48   0x00000050   Code   RO           18    i.timer0_irq_handler_cb  adc_sample.o
    0x08011a98   0x08011a98   0x00000010   Code   RO         7203    i.timer0_start      bsp_timer.o
    0x08011aa8   0x08011aa8   0x00000184   Code   RO         5498    i.timer_deinit      gd32f4xx_timer.o
    0x08011c2c   0x08011c2c   0x0000000a   Code   RO         5503    i.timer_enable      gd32f4xx_timer.o
    0x08011c36   0x08011c36   0x00000006   Code   RO         5510    i.timer_flag_clear  gd32f4xx_timer.o
    0x08011c3c   0x08011c3c   0x00000098   Code   RO         5513    i.timer_init        gd32f4xx_timer.o
    0x08011cd4   0x08011cd4   0x00000008   Code   RO         5520    i.timer_interrupt_enable  gd32f4xx_timer.o
    0x08011cdc   0x08011cdc   0x00000006   Code   RO         5521    i.timer_interrupt_flag_clear  gd32f4xx_timer.o
    0x08011ce2   0x08011ce2   0x00000018   Code   RO         5522    i.timer_interrupt_flag_get  gd32f4xx_timer.o
    0x08011cfa   0x08011cfa   0x00000002   PAD
    0x08011cfc   0x08011cfc   0x0000012c   Code   RO          951    i.timestamp_to_datetime  utils.o
    0x08011e28   0x08011e28   0x0000001a   Code   RO         9107    i.tryget_socket     sockets.o
    0x08011e42   0x08011e42   0x00000010   Code   RO         9108    i.tryget_socket_unconn  sockets.o
    0x08011e52   0x08011e52   0x00000002   PAD
    0x08011e54   0x08011e54   0x0000001c   Code   RO         9110    i.tryget_socket_unconn_nouse  sockets.o
    0x08011e70   0x08011e70   0x000000a4   Code   RO        10933    i.udp_bind          udp.o
    0x08011f14   0x08011f14   0x00000012   Code   RO        10934    i.udp_bind_netif    udp.o
    0x08011f26   0x08011f26   0x00000002   Code   RO        10937    i.udp_init          udp.o
    0x08011f28   0x08011f28   0x0000016c   Code   RO        10938    i.udp_input         udp.o
    0x08012094   0x08012094   0x00000068   Code   RO        10939    i.udp_input_local_match  udp.o
    0x080120fc   0x080120fc   0x00000030   Code   RO        10940    i.udp_netif_ip_addr_changed  udp.o
    0x0801212c   0x0801212c   0x0000001c   Code   RO        10941    i.udp_new           udp.o
    0x08012148   0x08012148   0x0000000e   Code   RO        10942    i.udp_new_ip_type   udp.o
    0x08012156   0x08012156   0x00000002   PAD
    0x08012158   0x08012158   0x00000058   Code   RO        10943    i.udp_new_port      udp.o
    0x080121b0   0x080121b0   0x00000010   Code   RO        10944    i.udp_recv          udp.o
    0x080121c0   0x080121c0   0x00000050   Code   RO        10945    i.udp_remove        udp.o
    0x08012210   0x08012210   0x0000002c   Code   RO        10946    i.udp_send          udp.o
    0x0801223c   0x0801223c   0x00000060   Code   RO        10947    i.udp_sendto        udp.o
    0x0801229c   0x0801229c   0x0000007a   Code   RO        10948    i.udp_sendto_if     udp.o
    0x08012316   0x08012316   0x0000010a   Code   RO        10949    i.udp_sendto_if_src  udp.o
    0x08012420   0x08012420   0x000000ac   Code   RO         7828    i.ulTaskGenericNotifyTake  tasks.o
    0x080124cc   0x080124cc   0x00000008   Code   RO         6156    i.usart_data_transmit  gd32f4xx_usart.o
    0x080124d4   0x080124d4   0x0000001e   Code   RO         6163    i.usart_flag_get    gd32f4xx_usart.o
    0x080124f2   0x080124f2   0x00000028   Code   RO         7454    i.uxListRemove      list.o
    0x0801251a   0x0801251a   0x00000002   PAD
    0x0801251c   0x0801251c   0x0000000c   Code   RO         7832    i.uxTaskGetNumberOfTasks  tasks.o
    0x08012528   0x08012528   0x0000001a   Code   RO         7455    i.vListInitialise   list.o
    0x08012542   0x08012542   0x00000006   Code   RO         7456    i.vListInitialiseItem  list.o
    0x08012548   0x08012548   0x00000034   Code   RO         7457    i.vListInsert       list.o
    0x0801257c   0x0801257c   0x00000018   Code   RO         7458    i.vListInsertEnd    list.o
    0x08012594   0x08012594   0x00000024   Code   RO         8187    i.vPortEnterCritical  port.o
    0x080125b8   0x080125b8   0x00000020   Code   RO         8188    i.vPortExitCritical  port.o
    0x080125d8   0x080125d8   0x0000004c   Code   RO         8258    i.vPortFree         heap_4.o
    0x08012624   0x08012624   0x00000028   Code   RO         8189    i.vPortSetupTimerInterrupt  port.o
    0x0801264c   0x0801264c   0x0000000e   Code   RO         7503    i.vQueueDelete      queue.o
    0x0801265a   0x0801265a   0x00000002   PAD
    0x0801265c   0x0801265c   0x00000034   Code   RO         7836    i.vTaskDelay        tasks.o
    0x08012690   0x08012690   0x000000ec   Code   RO         7837    i.vTaskDelete       tasks.o
    0x0801277c   0x0801277c   0x0000015c   Code   RO         7839    i.vTaskGenericNotifyGiveFromISR  tasks.o
    0x080128d8   0x080128d8   0x00000018   Code   RO         7840    i.vTaskInternalSetTimeOutState  tasks.o
    0x080128f0   0x080128f0   0x0000000c   Code   RO         7841    i.vTaskMissedYield  tasks.o
    0x080128fc   0x080128fc   0x00000020   Code   RO         7842    i.vTaskPlaceOnEventList  tasks.o
    0x0801291c   0x0801291c   0x000000dc   Code   RO         7844    i.vTaskPriorityDisinheritAfterTimeout  tasks.o
    0x080129f8   0x080129f8   0x0000004c   Code   RO         7850    i.vTaskStartScheduler  tasks.o
    0x08012a44   0x08012a44   0x00000010   Code   RO         7852    i.vTaskSuspendAll   tasks.o
    0x08012a54   0x08012a54   0x00000068   Code   RO         7853    i.vTaskSwitchContext  tasks.o
    0x08012abc   0x08012abc   0x00000048   Code   RO         8190    i.xPortStartScheduler  port.o
    0x08012b04   0x08012b04   0x00000034   Code   RO         8191    i.xPortSysTickHandler  port.o
    0x08012b38   0x08012b38   0x00000022   Code   RO         7504    i.xQueueCreateMutex  queue.o
    0x08012b5a   0x08012b5a   0x0000004c   Code   RO         7505    i.xQueueGenericCreate  queue.o
    0x08012ba6   0x08012ba6   0x00000002   PAD
    0x08012ba8   0x08012ba8   0x000000a0   Code   RO         7506    i.xQueueGenericReset  queue.o
    0x08012c48   0x08012c48   0x00000118   Code   RO         7507    i.xQueueGenericSend  queue.o
    0x08012d60   0x08012d60   0x00000086   Code   RO         7509    i.xQueueGiveFromISR  queue.o
    0x08012de6   0x08012de6   0x00000030   Code   RO         7510    i.xQueueGiveMutexRecursive  queue.o
    0x08012e16   0x08012e16   0x00000002   PAD
    0x08012e18   0x08012e18   0x00000104   Code   RO         7515    i.xQueueReceive     queue.o
    0x08012f1c   0x08012f1c   0x00000130   Code   RO         7517    i.xQueueSemaphoreTake  queue.o
    0x0801304c   0x0801304c   0x00000036   Code   RO         7518    i.xQueueTakeMutexRecursive  queue.o
    0x08013082   0x08013082   0x00000002   PAD
    0x08013084   0x08013084   0x00000060   Code   RO         7855    i.xTaskCheckForTimeOut  tasks.o
    0x080130e4   0x080130e4   0x00000038   Code   RO         7856    i.xTaskCreate       tasks.o
    0x0801311c   0x0801311c   0x00000074   Code   RO         7857    i.xTaskDelayUntil   tasks.o
    0x08013190   0x08013190   0x0000000c   Code   RO         7862    i.xTaskGetCurrentTaskHandle  tasks.o
    0x0801319c   0x0801319c   0x00000020   Code   RO         7864    i.xTaskGetSchedulerState  tasks.o
    0x080131bc   0x080131bc   0x0000000c   Code   RO         7865    i.xTaskGetTickCount  tasks.o
    0x080131c8   0x080131c8   0x000001a0   Code   RO         7867    i.xTaskIncrementTick  tasks.o
    0x08013368   0x08013368   0x000000b4   Code   RO         7868    i.xTaskPriorityDisinherit  tasks.o
    0x0801341c   0x0801341c   0x000000f4   Code   RO         7869    i.xTaskPriorityInherit  tasks.o
    0x08013510   0x08013510   0x00000118   Code   RO         7870    i.xTaskRemoveFromEventList  tasks.o
    0x08013628   0x08013628   0x0000017c   Code   RO         7871    i.xTaskResumeAll    tasks.o
    0x080137a4   0x080137a4   0x0000008b   Data   RO          648    .constdata          msg_parse.o
    0x0801382f   0x0801382f   0x0000000c   Data   RO          952    .constdata          utils.o
    0x0801383b   0x0801383b   0x00000003   Data   RO         8750    .constdata          api_msg.o
    0x0801383e   0x0801383e   0x00000002   PAD
    0x08013840   0x08013840   0x00000044   Data   RO         8915    .constdata          err.o
    0x08013884   0x08013884   0x000000d0   Data   RO         9820    .constdata          memp.o
    0x08013954   0x08013954   0x00000050   Data   RO        10356    .constdata          tcp.o
    0x080139a4   0x080139a4   0x0000001c   Data   RO        10864    .constdata          timeouts.o
    0x080139c0   0x080139c0   0x00000008   Data   RO        11250    .constdata          ip4_addr.o
    0x080139c8   0x080139c8   0x0000000c   Data   RO        11370    .constdata          ethernet.o
    0x080139d4   0x080139d4   0x00000021   Data   RO        11691    .constdata          segger_rtt.o
    0x080139f5   0x080139f5   0x00000081   Data   RO        11924    .constdata          mc_w.l(ctype_o.o)
    0x08013a76   0x08013a76   0x00000002   PAD
    0x08013a78   0x08013a78   0x00000004   Data   RO        11925    .constdata          mc_w.l(ctype_o.o)
    0x08013a7c   0x08013a7c   0x00000058   Data   RO          649    .conststring        msg_parse.o
    0x08013ad4   0x08013ad4   0x0000005e   Data   RO          762    .conststring        storage_manage.o
    0x08013b32   0x08013b32   0x00000002   PAD
    0x08013b34   0x08013b34   0x000000e2   Data   RO         8327    .conststring        bsp_eth.o
    0x08013c16   0x08013c16   0x00000002   PAD
    0x08013c18   0x08013c18   0x00000075   Data   RO        10357    .conststring        tcp.o
    0x08013c8d   0x08013c8d   0x00000003   PAD
    0x08013c90   0x08013c90   0x0000015f   Data   RO        11400    .conststring        ethernetif.o
    0x08013def   0x08013def   0x00000001   PAD
    0x08013df0   0x08013df0   0x00000020   Data   RO        12287    Region$$Table       anon$$obj.o


    Execution Region RW_IRAM1 (Exec base: 0x20000000, Load base: 0x08013e10, Size: 0x00052258, Max: 0x00070000, ABSOLUTE, COMPRESSED[0x00000030])

    Exec Addr    Load Addr    Size         Type   Attr      Idx    E Section Name        Object

    0x20000000   COMPRESSED   0x00000010   Data   RW           20    .data               adc_sample.o
    0x20000010   COMPRESSED   0x00000004   Data   RW          414    .data               app_task.o
    0x20000014   COMPRESSED   0x00000009   Data   RW          650    .data               msg_parse.o
    0x2000001d   COMPRESSED   0x00000003   PAD
    0x20000020   COMPRESSED   0x00000008   Data   RW          763    .data               storage_manage.o
    0x20000028   COMPRESSED   0x00000008   Data   RW          883    .data               systick.o
    0x20000030   COMPRESSED   0x00000004   Data   RW         1023    .data               system_gd32f4xx.o
    0x20000034   COMPRESSED   0x00000014   Data   RW         2405    .data               gd32f4xx_enet.o
    0x20000048   COMPRESSED   0x00000001   Data   RW         6617    .data               bsp_gd55b01.o
    0x20000049   COMPRESSED   0x00000003   PAD
    0x2000004c   COMPRESSED   0x0000001c   Data   RW         6859    .data               bsp_emmc.o
    0x20000068   COMPRESSED   0x0000001c   Data   RW         7122    .data               sd2505.o
    0x20000084   COMPRESSED   0x00000040   Data   RW         7874    .data               tasks.o
    0x200000c4   COMPRESSED   0x00000004   Data   RW         8192    .data               port.o
    0x200000c8   COMPRESSED   0x0000001c   Data   RW         8265    .data               heap_4.o
    0x200000e4   COMPRESSED   0x00000004   Data   RW         8328    .data               bsp_eth.o
    0x200000e8   COMPRESSED   0x00000004   Data   RW         9112    .data               sockets.o
    0x200000ec   COMPRESSED   0x00000010   Data   RW         9397    .data               tcpip.o
    0x200000fc   COMPRESSED   0x00000010   Data   RW         9751    .data               mem.o
    0x2000010c   COMPRESSED   0x00000034   Data   RW         9821    .data               memp.o
    0x20000140   COMPRESSED   0x00000009   Data   RW         9929    .data               netif.o
    0x20000149   COMPRESSED   0x00000003   PAD
    0x2000014c   COMPRESSED   0x00000020   Data   RW        10358    .data               tcp.o
    0x2000016c   COMPRESSED   0x00000028   Data   RW        10630    .data               tcp_in.o
    0x20000194   COMPRESSED   0x0000000c   Data   RW        10865    .data               timeouts.o
    0x200001a0   COMPRESSED   0x00000008   Data   RW        10950    .data               udp.o
    0x200001a8   COMPRESSED   0x00000001   Data   RW        11078    .data               etharp.o
    0x200001a9   COMPRESSED   0x00000001   PAD
    0x200001aa   COMPRESSED   0x00000002   Data   RW        11206    .data               ip4.o
    0x200001ac   COMPRESSED   0x00000006   Data   RW        11310    .data               ip4_frag.o
    0x200001b2   COMPRESSED   0x00000002   PAD
    0x200001b4   COMPRESSED   0x0000000c   Data   RW        11401    .data               ethernetif.o
    0x200001c0   COMPRESSED   0x0000000c   Data   RW        11499    .data               sys_arch.o
    0x200001cc   COMPRESSED   0x00000004   Data   RW        12250    .data               mc_w.l(stdout.o)
    0x200001d0   COMPRESSED   0x00000004   Data   RW        12260    .data               mc_w.l(errno.o)
    0x200001d4        -       0x00007d3c   Zero   RW           19    .bss                adc_sample.o
    0x20007f10        -       0x00004024   Zero   RW          647    .bss                msg_parse.o
    0x2000bf34        -       0x00020f40   Zero   RW          761    .bss                storage_manage.o
    0x2002ce74        -       0x00003c64   Zero   RW         2403    .bss                gd32f4xx_enet.o
    0x20030ad8        -       0x00000210   Zero   RW         6858    .bss                bsp_emmc.o
    0x20030ce8        -       0x000000c8   Zero   RW         7873    .bss                tasks.o
    0x20030db0        -       0x0000a000   Zero   RW         8264    .bss                heap_4.o
    0x2003adb0        -       0x00000040   Zero   RW         9111    .bss                sockets.o
    0x2003adf0        -       0x00000018   Zero   RW         9729    .bss                ip.o
    0x2003ae08        -       0x00003c13   Zero   RW         9750    .bss                mem.o
    0x2003ea1b        -       0x00012143   Zero   RW         9819    .bss                memp.o
    0x20050b5e   COMPRESSED   0x00000002   PAD
    0x20050b60        -       0x00000010   Zero   RW        10629    .bss                tcp_in.o
    0x20050b70        -       0x000000f0   Zero   RW        11077    .bss                etharp.o
    0x20050c60        -       0x00000010   Zero   RW        11249    .bss                ip4_addr.o
    0x20050c70        -       0x00000030   Zero   RW        11498    .bss                sys_arch.o
    0x20050ca0        -       0x00000100   Zero   RW        11635    .bss                rtt_log.o
    0x20050da0        -       0x000010b8   Zero   RW        11690    .bss                segger_rtt.o
    0x20051e58        -       0x00000400   Zero   RW         6548    STACK               startup_gd32f450_470.o


==============================================================================

Image component sizes


      Code (inc. data)   RO Data    RW Data    ZI Data      Debug   Object Name

      2342        204          0         16      32060     200202   adc_sample.o
      1578         48          0          0          0      46718   api_lib.o
      3734         80          3          0          0      33598   api_msg.o
        96         28          0          4          0      12942   app_task.o
       344         28          0          0          0       2166   bsp_cm2248.o
       192         10          0          0          0       1252   bsp_ds18b20.o
      4464        292          0         28        528      26776   bsp_emmc.o
      1720        886        226          4          0       3590   bsp_eth.o
       888         48          0          0          0       8332   bsp_fm24c02.o
       686         64          0          1          0       7180   bsp_gd55b01.o
       600          4          0          0          0       3579   bsp_i2c.o
       136         18          0          0          0       1551   bsp_timer.o
        38          0          0          0          0       1050   def.o
        32          6         68          0          0       1671   err.o
      2212         62          0          1        240      10960   etharp.o
       282          6         12          0          0       2586   ethernet.o
      1784        980        351         12          0      18716   ethernetif.o
         0          0          0          0          0      12820   event_groups.o
      1314          4          0          0          0       7579   gd32f4xx_dma.o
      2690        306          0         20      15460      18544   gd32f4xx_enet.o
       276          0          0          0          0       6008   gd32f4xx_gpio.o
       494         16          0          0          0       8645   gd32f4xx_i2c.o
       132         12          0          0          0       6409   gd32f4xx_it.o
       240         28          0          0          0       2264   gd32f4xx_misc.o
       436         44          0          0          0       4499   gd32f4xx_rcu.o
       596        124          0          0          0      15677   gd32f4xx_sdio.o
        88          0          0          0          0       4038   gd32f4xx_spi.o
        24          6          0          0          0        695   gd32f4xx_syscfg.o
       594         44          0          0          0       5479   gd32f4xx_timer.o
        38          0          0          0          0       1419   gd32f4xx_usart.o
       544         58          0         28      40960       5055   heap_4.o
       572          6          0          0          0       4510   icmp.o
         0          0          0          0          0       3895   if_api.o
       180          0          0          0          0       2038   inet_chksum.o
        42          0          0          0          0       5447   init.o
         0          0          0          0         24       3154   ip.o
       878         32          0          2          0       5344   ip4.o
       266          4          8          0         16      10230   ip4_addr.o
      1932         34          0          6          0      11814   ip4_frag.o
       148          0          0          0          0       3338   list.o
       214         26          0          0          0       6559   main.o
      1192         92          0         16      15379       8065   mem.o
       238         14        208         52      74051      10652   memp.o
      3614        350        227          9      16420      18275   msg_parse.o
       138          0          0          0          0      11251   netbuf.o
       774         38          0          9          0      13646   netif.o
      1630          0          0          0          0      16072   pbuf.o
       488         56          0          4          0       9788   port.o
       356         22          0          0          0       1973   q468v1.o
      1802         16          0          0          0      18506   queue.o
        72          6          0          0        256       1161   rtt_log.o
       348         26          0         28          0       4587   sd2505.o
       674         48         33          0       4280      10450   segger_rtt.o
       630          0          0          0          0       5674   socket_adapter.o
      4138        106          0          4         64      37610   sockets.o
        36          8        428          0       1024        928   startup_gd32f450_470.o
      2048        270         94          8     134976      12612   storage_manage.o
       732         40          0         12         48      12741   sys_arch.o
       688         30          0          4          0       4163   system_gd32f4xx.o
       232         26          0          8          0      29744   systick.o
      4192        460          0         64        200      42324   tasks.o
      4134        200        197         32          0      40605   tcp.o
      5448        362          0         40         16      20335   tcp_in.o
      4676         10          0          0          0      34450   tcp_out.o
       432        130          0          0          0      12576   tcp_server.o
       496         70          0         16          0      11225   tcpip.o
       562         74         28         12          0       7063   timeouts.o
      1454         42          0          8          0      13242   udp.o
       942         26         12          0          0       8345   utils.o

    ----------------------------------------------------------------------
     75108       6030       1937        460     336004     956392   Object Totals
         0          0         32          0          0          0   (incl. Generated)
       116          0         10         12          2          0   (incl. Padding)

    ----------------------------------------------------------------------

      Code (inc. data)   RO Data    RW Data    ZI Data      Debug   Library Member Name

        58          0          0          0          0          0   __dczerorl.o
        28          0          0          0          0         68   _chval.o
       158          0          0          0          0         92   _strtoul.o
        26          0          0          0          0         80   atoi.o
         8          4        133          0          0         68   ctype_o.o
         0          0          0          0          0          0   entry.o
         0          0          0          0          0          0   entry10a.o
         0          0          0          0          0          0   entry11a.o
         8          4          0          0          0          0   entry2.o
         4          0          0          0          0          0   entry5.o
         0          0          0          0          0          0   entry7b.o
         0          0          0          0          0          0   entry8b.o
         8          4          0          0          0          0   entry9a.o
         8          4          0          4          0         68   errno.o
        30          0          0          0          0          0   handlers.o
        36          8          0          0          0         68   init.o
         0          0          0          0          0          0   iusefp.o
        30          0          0          0          0         68   llshl.o
        36          0          0          0          0         68   llsshr.o
        32          0          0          0          0         68   llushr.o
        26          0          0          0          0         80   memcmp.o
        64          0          0          0          0         76   memmovea.o
        36          0          0          0          0        108   memseta.o
      2324         94          0          0          0        600   printfa.o
         0          0          0          4          0          0   stdout.o
       112          0          0          0          0         88   strtol.o
        44          0          0          0          0         80   uidiv.o
        98          0          0          0          0         92   uldiv.o
        48          0          0          0          0         68   cdrcmple.o
       334          0          0          0          0        148   dadd.o
       222          0          0          0          0        100   ddiv.o
       186          0          0          0          0        176   depilogue.o
        48          0          0          0          0         68   dfixul.o
       228          0          0          0          0         96   dmul.o

    ----------------------------------------------------------------------
      4244        118        135          8          0       2428   Library Totals
         4          0          2          0          0          0   (incl. Padding)

    ----------------------------------------------------------------------

      Code (inc. data)   RO Data    RW Data    ZI Data      Debug   Library Name

      3174        118        133          8          0       1772   mc_w.l
      1066          0          0          0          0        656   mf_w.l

    ----------------------------------------------------------------------
      4244        118        135          8          0       2428   Library Totals

    ----------------------------------------------------------------------

==============================================================================


      Code (inc. data)   RO Data    RW Data    ZI Data      Debug   

     79352       6148       2072        468     336004     894356   Grand Totals
     79352       6148       2072         48     336004     894356   ELF Image Totals (compressed)
     79352       6148       2072         48          0          0   ROM Totals

==============================================================================

    Total RO  Size (Code + RO Data)                81424 (  79.52kB)
    Total RW  Size (RW Data + ZI Data)            336472 ( 328.59kB)
    Total ROM Size (Code + RO Data + RW Data)      81472 (  79.56kB)

==============================================================================

